******************************************************************************
                  TI ARM Linker PC v16.9.6                     
******************************************************************************
>> Linked Tue Nov 02 13:49:42 2021

OUTPUT FILE NAME:   <Lab5_UARTComms.out>
ENTRY POINT SYMBOL: "_c_int00"  address: 00005a35


MEMORY CONFIGURATION

         name            origin    length      used     unused   attr    fill
----------------------  --------  ---------  --------  --------  ----  --------
  MAIN                  00000000   00040000  00005e88  0003a178  R  X
  INFO                  00200000   00004000  00000000  00004000  R  X
  SRAM_CODE             01000000   00010000  00003da4  0000c25c  RW X
  SRAM_DATA             20000000   00010000  00003da4  0000c25c  RW  


SEGMENT ALLOCATION MAP

run origin  load origin   length   init length attrs members
----------  ----------- ---------- ----------- ----- -------
00000000    00000000    00005e88   00005e88    r-x
  00000000    00000000    000000e4   000000e4    r-- .intvecs
  000000e4    000000e4    00005cdc   00005cdc    r-x .text
  00005dc0    00005dc0    00000020   00000020    r-- .const
  00005de0    00005de0    000000a8   000000a8    r-- .cinit
20000000    20000000    00003ba4   00000000    rw-
  20000000    20000000    00003580   00000000    rw- .bss
  20003580    20003580    00000400   00000000    rw- .sysmem
  20003980    20003980    00000224   00000000    rw- .data
2000fe00    2000fe00    00000200   00000000    rw-
  2000fe00    2000fe00    00000200   00000000    rw- .stack


SECTION ALLOCATION MAP

 output                                  attributes/
section   page    origin      length       input sections
--------  ----  ----------  ----------   ----------------
.intvecs   0    00000000    000000e4     
                  00000000    000000e4     startup_msp432p401r_ccs.obj (.intvecs:retain)

.binit     0    00000000    00000000     

.text      0    000000e4    00005cdc     
                  000000e4    00001628     Lab5_UARTmain.obj (.text)
                  0000170c    00000e14     IRDistance.obj (.text)
                  00002520    000006bc     UART0.obj (.text)
                  00002bdc    000005ba     EUSCIA0.obj (.text)
                  00003196    00000002     rtsv7M4_T_le_v4SPD16_eabi.lib : mpu_init.obj (.text)
                  00003198    000003d0                                   : memory.obj (.text)
                  00003568    0000032c     system_msp432p401r.obj (.text)
                  00003894    00000308     LPF.obj (.text)
                  00003b9c    00000260     ADC14.obj (.text)
                  00003dfc    00000228     PWM.obj (.text)
                  00004024    00000228     Reflectance.obj (.text)
                  0000424c    00000210     FIFO0.obj (.text)
                  0000445c    000001e0     Clock.obj (.text)
                  0000463c    000001c4     rtsv7M4_T_le_v4SPD16_eabi.lib : fopen.obj (.text)
                  00004800    000001b6                                   : fd_add_t2.obj (.text)
                  000049b6    00000002                                   : startup.obj (.text)
                  000049b8    000001b0     Motor.obj (.text)
                  00004b68    00000136     rtsv7M4_T_le_v4SPD16_eabi.lib : fd_div_t2.obj (.text)
                  00004c9e    00000002     --HOLE-- [fill = 0]
                  00004ca0    0000012c     TA3InputCapture.obj (.text)
                  00004dcc    0000011c     BumpInt.obj (.text)
                  00004ee8    000000fc     rtsv7M4_T_le_v4SPD16_eabi.lib : fd_mul_t2.obj (.text)
                  00004fe4    000000f4     LaunchPad.obj (.text)
                  000050d8    000000dc     rtsv7M4_T_le_v4SPD16_eabi.lib : setvbuf.obj (.text)
                  000051b4    000000c8                                   : fflush.obj (.text)
                  0000527c    000000bc                                   : open.obj (.text)
                  00005338    000000b8                                   : add_device.obj (.text)
                  000053f0    000000a8     TimerA1.obj (.text)
                  00005498    0000009c     rtsv7M4_T_le_v4SPD16_eabi.lib : memcpy_t2.obj (.text)
                  00005534    00000098                                   : fclose.obj (.text)
                  000055cc    0000007a                                   : memset_t2.obj (.text)
                  00005646    00000002     --HOLE-- [fill = 0]
                  00005648    00000070                                   : autoinit.obj (.text)
                  000056b8    00000070                                   : getdevice.obj (.text)
                  00005728    00000068                                   : copy_decompress_lzss.obj (.text:decompress:lzss)
                  00005790    00000068                                   : hostlseek.obj (.text)
                  000057f8    00000068                                   : hostrename.obj (.text)
                  00005860    00000068                                   : trgmsg.obj (.text)
                  000058c8    00000060                                   : hostopen.obj (.text)
                  00005928    0000005c                                   : close.obj (.text)
                  00005984    00000058                                   : hostread.obj (.text)
                  000059dc    00000058                                   : hostwrite.obj (.text)
                  00005a34    00000054                                   : boot.obj (.text)
                  00005a88    00000054                                   : exit.obj (.text)
                  00005adc    0000004c                                   : cpy_tbl.obj (.text)
                  00005b28    00000044                                   : fd_tou_t2.obj (.text)
                  00005b6c    00000044                                   : hostclose.obj (.text)
                  00005bb0    00000044                                   : hostunlink.obj (.text)
                  00005bf4    00000040     SysTickInts.obj (.text)
                  00005c34    00000036     rtsv7M4_T_le_v4SPD16_eabi.lib : strncpy.obj (.text)
                  00005c6a    0000002e                                   : i_tofd_t2.obj (.text)
                  00005c98    0000002c                                   : unlink.obj (.text)
                  00005cc4    00000028                                   : write.obj (.text)
                  00005cec    00000024     CortexM.obj (.text)
                  00005d10    00000018     rtsv7M4_T_le_v4SPD16_eabi.lib : args_main.obj (.text)
                  00005d28    00000018                                   : strcmp.obj (.text)
                  00005d40    00000016                                   : strchr.obj (.text)
                  00005d56    00000002     --HOLE-- [fill = 0]
                  00005d58    00000014                                   : _lock.obj (.text)
                  00005d6c    00000014                                   : strcpy.obj (.text)
                  00005d80    00000014                                   : strlen.obj (.text)
                  00005d94    0000000e                                   : copy_decompress_none.obj (.text:decompress:none)
                  00005da2    0000000e     startup_msp432p401r_ccs.obj (.text)
                  00005db0    0000000c     rtsv7M4_T_le_v4SPD16_eabi.lib : copy_zero_init.obj (.text:decompress:ZI)
                  00005dbc    00000004                                   : pre_init.obj (.text)

.const     0    00005dc0    00000020     
                  00005dc0    00000020     Reflectance.obj (.const:$P$T0$1)

.cinit     0    00005de0    000000a8     
                  00005de0    0000007f     (.cinit..data.load) [load image, compression = lzss]
                  00005e5f    00000001     --HOLE-- [fill = 0]
                  00005e60    0000000c     (__TI_handler_table)
                  00005e6c    00000004     --HOLE-- [fill = 0]
                  00005e70    00000008     (.cinit..bss.load) [load image, compression = zero_init]
                  00005e78    00000010     (__TI_cinit_table)

.init_array 
*          0    00000000    00000000     UNINITIALIZED

.bss       0    20000000    00003580     UNINITIALIZED
                  20000000    00001000     (.common:x)
                  20001000    00001000     (.common:x2)
                  20002000    00001000     (.common:x3)
                  20003000    00000200     (.common:TxHistogram)
                  20003200    00000120     rtsv7M4_T_le_v4SPD16_eabi.lib : trgmsg.obj (.bss:_CIOBUF_)
                  20003320    000000a0     (.common:__TI_tmpnams)
                  200033c0    00000082     (.common:RxFifo0)
                  20003442    00000082     (.common:TxFifo0)
                  200034c4    00000040     (.common:String)
                  20003504    00000008     (.common:Messageb)
                  2000350c    00000008     (.common:Messagec)
                  20003514    00000008     (.common:parmbuf)
                  2000351c    00000004     (.common:Done0)
                  20003520    00000004     (.common:Done2)
                  20003524    00000004     (.common:Elapsed)
                  20003528    00000004     (.common:First)
                  2000352c    00000004     (.common:I1)
                  20003530    00000004     (.common:LPFSum)
                  20003534    00000004     (.common:LPFSum2)
                  20003538    00000004     (.common:LPFSum3)
                  2000353c    00000004     (.common:MaxTime)
                  20003540    00000004     (.common:Messageindexb)
                  20003544    00000004     (.common:Messageindexc)
                  20003548    00000004     (.common:NumErrors)
                  2000354c    00000004     (.common:NumSuccess)
                  20003550    00000004     (.common:Port4Task)
                  20003554    00000004     (.common:Pt)
                  20003558    00000004     (.common:Pt2)
                  2000355c    00000004     (.common:Pt3)
                  20003560    00000004     (.common:Size)
                  20003564    00000004     (.common:TimerA1Task)
                  20003568    00000004     (.common:nc)
                  2000356c    00000004     (.common:nl)
                  20003570    00000004     (.common:nr)
                  20003574    00000002     (.common:First0)
                  20003576    00000002     (.common:First2)
                  20003578    00000002     (.common:Period0)
                  2000357a    00000002     (.common:Period2)
                  2000357c    00000001     (.common:ReadData)
                  2000357d    00000001     (.common:WriteData)
                  2000357e    00000001     (.common:bumpData)
                  2000357f    00000001     (.common:bumpFlag)

.sysmem    0    20003580    00000400     UNINITIALIZED
                  20003580    00000008     rtsv7M4_T_le_v4SPD16_eabi.lib : memory.obj (.sysmem)
                  20003588    000003f8     --HOLE--

.data      0    20003980    00000224     UNINITIALIZED
                  20003980    000000f0     rtsv7M4_T_le_v4SPD16_eabi.lib : defs.obj (.data:_ftable)
                  20003a70    00000078                                   : write.obj (.data:_device)
                  20003ae8    00000050                                   : write.obj (.data:_stream)
                  20003b38    00000018     Clock.obj (.data)
                  20003b50    00000010     rtsv7M4_T_le_v4SPD16_eabi.lib : defs.obj (.data)
                  20003b60    0000000c                                   : exit.obj (.data:$O1$$)
                  20003b6c    0000000c                                   : memory.obj (.data:$O1$$)
                  20003b78    00000008                                   : _lock.obj (.data:$O1$$)
                  20003b80    00000008     Lab5_UARTmain.obj (.data)
                  20003b88    00000008     TA3InputCapture.obj (.data)
                  20003b90    00000004     rtsv7M4_T_le_v4SPD16_eabi.lib : add_device.obj (.data)
                  20003b94    00000004                                   : fopen.obj (.data)
                  20003b98    00000004                                   : open.obj (.data)
                  20003b9c    00000004                                   : stkdepth_vars.obj (.data)
                  20003ba0    00000004     system_msp432p401r.obj (.data)

.stack     0    2000fe00    00000200     UNINITIALIZED
                  2000fe00    00000200     --HOLE--

MODULE SUMMARY

       Module                        code    ro data   rw data
       ------                        ----    -------   -------
    .\
       LPF.obj                       776     0         24640  
       Lab5_UARTmain.obj             5672    0         248    
       IRDistance.obj                3604    0         0      
       FIFO0.obj                     528     0         1544   
       UART0.obj                     1724    0         24     
       EUSCIA0.obj                   1466    0         24     
       system_msp432p401r.obj        812     0         8      
       ADC14.obj                     608     0         0      
       Reflectance.obj               552     32        0      
       PWM.obj                       552     0         0      
       Clock.obj                     480     0         48     
       Motor.obj                     432     0         0      
       TA3InputCapture.obj           300     0         16     
       BumpInt.obj                   284     0         8      
       LaunchPad.obj                 244     0         0      
       startup_msp432p401r_ccs.obj   14      228       0      
       TimerA1.obj                   168     0         8      
       SysTickInts.obj               64      0         0      
       CortexM.obj                   36      0         0      
    +--+-----------------------------+-------+---------+---------+
       Total:                        18316   260       26568  
                                                              
    C:\ti\ccsv7\tools\compiler\ti-cgt-arm_16.9.6.LTS\lib\rtsv7M4_T_le_v4SPD16_eabi.lib
       memory.obj                    976     0         24     
       defs.obj                      0       0         832    
       trgmsg.obj                    104     0         576    
       fopen.obj                     452     0         8      
       write.obj                     40      0         400    
       fd_add_t2.obj                 438     0         0      
       fd_div_t2.obj                 310     0         0      
       fd_mul_t2.obj                 252     0         0      
       setvbuf.obj                   220     0         0      
       fflush.obj                    200     0         0      
       open.obj                      188     0         8      
       add_device.obj                184     0         8      
       memcpy_t2.obj                 156     0         0      
       fclose.obj                    152     0         0      
       memset_t2.obj                 122     0         0      
       autoinit.obj                  112     0         0      
       getdevice.obj                 112     0         0      
       hostopen.obj                  96      0         16     
       exit.obj                      84      0         24     
       copy_decompress_lzss.obj      104     0         0      
       hostlseek.obj                 104     0         0      
       hostrename.obj                104     0         0      
       close.obj                     92      0         0      
       hostread.obj                  88      0         0      
       hostwrite.obj                 88      0         0      
       boot.obj                      84      0         0      
       cpy_tbl.obj                   76      0         0      
       fd_tou_t2.obj                 68      0         0      
       hostclose.obj                 68      0         0      
       hostunlink.obj                68      0         0      
       strncpy.obj                   54      0         0      
       i_tofd_t2.obj                 46      0         0      
       unlink.obj                    44      0         0      
       _lock.obj                     20      0         16     
       args_main.obj                 24      0         0      
       strcmp.obj                    24      0         0      
       strchr.obj                    22      0         0      
       strcpy.obj                    20      0         0      
       strlen.obj                    20      0         0      
       copy_decompress_none.obj      14      0         0      
       copy_zero_init.obj            12      0         0      
       stkdepth_vars.obj             0       0         8      
       pre_init.obj                  4       0         0      
       mpu_init.obj                  2       0         0      
       startup.obj                   2       0         0      
    +--+-----------------------------+-------+---------+---------+
       Total:                        5450    0         1920   
                                                              
       Heap:                         0       0         2048   
       Stack:                        0       0         1024   
       Linker Generated:             0       163       0      
    +--+-----------------------------+-------+---------+---------+
       Grand Total:                  23766   423       31560  


LINKER GENERATED COPY TABLES

__TI_cinit_table @ 00005e78 records: 2, size/record: 8, table size: 16
	.data: load addr=00005de0, load size=0000007f bytes, run addr=20003980, run size=00000224 bytes, compression=lzss
	.bss: load addr=00005e70, load size=00000008 bytes, run addr=20000000, run size=00003580 bytes, compression=zero_init


LINKER GENERATED HANDLER TABLE

__TI_handler_table @ 00005e60 records: 3, size/record: 4, table size: 12
	index: 0, handler: __TI_decompress_lzss
	index: 1, handler: __TI_decompress_none
	index: 2, handler: __TI_zero_init


GLOBAL SYMBOLS: SORTED ALPHABETICALLY BY Name 

address   name                           
-------   ----                           
00003c99  ADC0_InitSWTriggerCh12         
00003d09  ADC0_InitSWTriggerCh17_12_16   
00003b9d  ADC0_InitSWTriggerCh6          
00003c0d  ADC0_InitSWTriggerCh67         
00005daf  ADC14_IRQHandler               
00003ce9  ADC_In12                       
00003d79  ADC_In17_12_16                 
00003bed  ADC_In6                        
00003c63  ADC_In67                       
20003b80  ADCflag                        
00005daf  AES256_IRQHandler              
00004dcd  BumpInt_Init                   
00004e43  Bump_Read                      
00005daf  BusFault_Handler               
00005a89  C$$EXIT                        
0000588f  C$$IO$$                        
00005daf  COMP_E0_IRQHandler             
00005daf  COMP_E1_IRQHandler             
20003b40  CPMwait                        
00005daf  CS_IRQHandler                  
20003b88  CaptureTask0                   
20003b8c  CaptureTask2                   
00001bb9  CenterConvert                  
20003b38  ClockFrequency                 
000045b1  Clock_Delay1ms                 
00004587  Clock_Delay1us                 
00004573  Clock_GetFreq                  
0000445d  Clock_Init48MHz                
20003b4c  Crystalstable                  
00005daf  DMA_ERR_IRQHandler             
00005daf  DMA_INT0_IRQHandler            
00005daf  DMA_INT1_IRQHandler            
00005daf  DMA_INT2_IRQHandler            
00005daf  DMA_INT3_IRQHandler            
00005daf  DebugMon_Handler               
00005daf  Default_Handler                
00005ced  DisableInterrupts              
2000351c  Done0                          
20003520  Done2                          
00002c6f  EUSCIA0_IRQHandler             
00002c6f  EUSCIA0_IRQHandler             
00002c43  EUSCIA0_InChar                 
0000310d  EUSCIA0_InString               
00002cc3  EUSCIA0_InUDec                 
00002fc1  EUSCIA0_InUHex                 
00002bdd  EUSCIA0_Init                   
00002c55  EUSCIA0_OutChar                
00002ca5  EUSCIA0_OutString              
00002d47  EUSCIA0_OutUDec                
00002ed9  EUSCIA0_OutUDec4               
00002f11  EUSCIA0_OutUDec5               
00002f4d  EUSCIA0_OutUFix1               
00002f75  EUSCIA0_OutUFix2               
00003089  EUSCIA0_OutUHex                
000030ef  EUSCIA0_OutUHex2               
000030cd  EUSCIA0outnibble               
00005daf  EUSCIA1_IRQHandler             
00005daf  EUSCIA2_IRQHandler             
00005daf  EUSCIA3_IRQHandler             
00005daf  EUSCIB0_IRQHandler             
00005daf  EUSCIB1_IRQHandler             
00005daf  EUSCIB2_IRQHandler             
00005daf  EUSCIB3_IRQHandler             
20003524  Elapsed                        
00005cf3  EnableInterrupts               
00005d03  EndCritical                    
00005daf  FLCTL_IRQHandler               
00005daf  FPU_IRQHandler                 
20003528  First                          
20003574  First0                         
20003576  First2                         
00005b6d  HOSTclose                      
00005791  HOSTlseek                      
000058c9  HOSTopen                       
00005985  HOSTread                       
000057f9  HOSTrename                     
00005bb1  HOSTunlink                     
000059dd  HOSTwrite                      
000004ed  HandleBump                     
00005daf  HardFault_Handler              
2000352c  I1                             
20003b48  IFlags                         
000004b1  IRSensor_Init                  
20003530  LPFSum                         
20003534  LPFSum2                        
20003538  LPFSum3                        
000039a9  LPF_Calc                       
00003a51  LPF_Calc2                      
00003b15  LPF_Calc3                      
000038e9  LPF_Calc_old                   
0000394b  LPF_Init                       
000039fd  LPF_Init2                      
00003ab3  LPF_Init3                      
00003895  LPF_Init_old                   
00004fe5  LaunchPad_Init                 
00005055  LaunchPad_Input                
0000506f  LaunchPad_LED                  
0000508d  LaunchPad_Output               
0000170d  LeftConvert                    
2000353c  MaxTime                        
00005daf  MemManage_Handler              
20003504  Messageb                       
2000350c  Messagec                       
20003540  Messageindexb                  
20003544  Messageindexc                  
00004b09  Motor_Backward                 
00004a65  Motor_Forward                  
000049b9  Motor_Init                     
00004acf  Motor_Left                     
00004a95  Motor_Right                    
00004a41  Motor_Stop                     
00005daf  NMI_Handler                    
20003548  NumErrors                      
2000354c  NumSuccess                     
00005daf  PCM_IRQHandler                 
00005daf  PORT1_IRQHandler               
00005daf  PORT2_IRQHandler               
00005daf  PORT3_IRQHandler               
00004ea9  PORT4_IRQHandler               
00004ea9  PORT4_IRQHandler               
00005daf  PORT5_IRQHandler               
00005daf  PORT6_IRQHandler               
00005daf  PSS_IRQHandler                 
00003ee7  PWM_Duty1                      
00003f07  PWM_Duty2                      
00003fab  PWM_Duty3                      
00003fcb  PWM_Duty4                      
00003dfd  PWM_Init1                      
00003e63  PWM_Init12                     
00003f27  PWM_Init34                     
00005daf  PendSV_Handler                 
20003578  Period0                        
2000357a  Period2                        
00000511  PeriodMeasure0                 
00000549  PeriodMeasure2                 
20003550  Port4Task                      
00004031  Port5_Init                     
0000405b  Port7_Init                     
0000408f  Port7_Input                    
00004079  Port7_Output                   
20003b44  Postwait                       
20003b3c  Prewait                        
00000141  Program5_1                     
000001af  Program5_2                     
0000026f  Program5_3                     
00000359  Program5_4                     
20003554  Pt                             
20003558  Pt2                            
2000355c  Pt3                            
000005e1  RSLK_Reset                     
00005daf  RTC_C_IRQHandler               
000000e5  Random                         
2000357c  ReadData                       
000040db  Reflectance_Center             
00004201  Reflectance_End                
00004025  Reflectance_Init               
00004167  Reflectance_Position           
00004099  Reflectance_Read               
000041dd  Reflectance_Start              
00005da3  Reset_Handler                  
00002067  RightConvert                   
200033c0  RxFifo0                        
000043c7  RxFifo0_Get                    
0000436d  RxFifo0_Init                   
00004379  RxFifo0_Put                    
00004405  RxFifo0_Size                   
UNDEFED   SHT$$INIT_ARRAY$$Base          
UNDEFED   SHT$$INIT_ARRAY$$Limit         
00005daf  SVC_Handler                    
00000455  SensorRead_ISR                 
20003560  Size                           
00005cf9  StartCritical                  
200034c4  String                         
00005daf  SysTick_Handler                
00005bf5  SysTick_Init                   
20003ba0  SystemCoreClock                
00003569  SystemCoreClockUpdate          
000037dd  SystemInit                     
00005daf  T32_INT1_IRQHandler            
00005daf  T32_INT2_IRQHandler            
00005daf  T32_INTC_IRQHandler            
00005daf  TA0_0_IRQHandler               
00005daf  TA0_N_IRQHandler               
00005463  TA1_0_IRQHandler               
00005463  TA1_0_IRQHandler               
00005daf  TA1_N_IRQHandler               
00005daf  TA2_0_IRQHandler               
00005daf  TA2_N_IRQHandler               
00004d51  TA3_0_IRQHandler               
00004d51  TA3_0_IRQHandler               
00004d6b  TA3_N_IRQHandler               
00004d6b  TA3_N_IRQHandler               
000005ad  Tachometer_Init                
000000fd  TestFifo                       
00000581  TimedPause                     
20003564  TimerA1Task                    
000053f1  TimerA1_Init                   
0000544f  TimerA1_Stop                   
00004cad  TimerA3Capture_Init            
20003442  TxFifo0                        
000042d9  TxFifo0_Get                    
0000424d  TxFifo0_Init                   
0000427f  TxFifo0_Put                    
00004317  TxFifo0_Size                   
20003000  TxHistogram                    
00002567  UART0_InChar                   
000029f1  UART0_InString                 
000025b1  UART0_InUDec                   
000028a5  UART0_InUHex                   
00002521  UART0_Init                     
00002b51  UART0_Initprintf               
00002577  UART0_OutChar                  
00002593  UART0_OutString                
00002635  UART0_OutUDec                  
000027a1  UART0_OutUDec4                 
000027f5  UART0_OutUDec5                 
00002831  UART0_OutUFix1                 
00002859  UART0_OutUFix2                 
00002969  UART0_OutUHex                  
000029d5  UART0_OutUHex2                 
00005daf  UsageFault_Handler             
4000480c  WDTCTL_SYM                     
00005daf  WDT_A_IRQHandler               
00005d0b  WaitForInterrupt               
2000357d  WriteData                      
20003200  __CIOBUF_                      
20010000  __STACK_END                    
00000200  __STACK_SIZE                   
00000400  __SYSMEM_SIZE                  
00005e78  __TI_CINIT_Base                
00005e88  __TI_CINIT_Limit               
00005e60  __TI_Handler_Table_Base        
00005e6c  __TI_Handler_Table_Limit       
00005649  __TI_auto_init                 
00004705  __TI_cleanup                   
20003b60  __TI_cleanup_ptr               
00005535  __TI_closefile                 
00005729  __TI_decompress_lzss           
00005d95  __TI_decompress_none           
000051b5  __TI_doflush                   
20003b64  __TI_dtors_ptr                 
20003b68  __TI_enable_exit_profile_output
20003b50  __TI_ft_end                    
ffffffff  __TI_pprof_out_hndl            
ffffffff  __TI_prof_data_size            
ffffffff  __TI_prof_data_start           
00005893  __TI_readmsg                   
00000000  __TI_static_base__             
20003320  __TI_tmpnams                   
00005861  __TI_writemsg                  
00005db1  __TI_zero_init                 
00005b29  __aeabi_d2uiz                  
0000480b  __aeabi_dadd                   
00004b69  __aeabi_ddiv                   
00004ee9  __aeabi_dmul                   
00004801  __aeabi_dsub                   
00005c6b  __aeabi_i2d                    
000055cd  __aeabi_memclr                 
000055cd  __aeabi_memclr4                
000055cd  __aeabi_memclr8                
00005499  __aeabi_memcpy                 
00005499  __aeabi_memcpy4                
00005499  __aeabi_memcpy8                
000055cf  __aeabi_memset                 
000055cf  __aeabi_memset4                
000055cf  __aeabi_memset8                
20003b5c  __aeabi_stderr                 
20003b54  __aeabi_stdin                  
20003b58  __aeabi_stdout                 
ffffffff  __binit__                      
ffffffff  __c_args__                     
00003197  __mpu_init                     
2000fe00  __stack                        
00005d11  _args_main                     
00005a35  _c_int00                       
20003a70  _device                        
20003980  _ftable                        
20003b78  _lock                          
00005d67  _nop                           
00005d5f  _register_lock                 
00005d59  _register_unlock               
20003ae8  _stream                        
20003580  _sys_memory                    
000049b7  _system_post_cinit             
00005dbd  _system_pre_init               
20003b7c  _unlock                        
00005a8d  abort                          
00005339  add_device                     
ffffffff  binit                          
2000357e  bumpData                       
2000357f  bumpFlag                       
00003539  calloc                         
00005929  close                          
00005add  copy_in                        
00004579  delay                          
00005a95  exit                           
0000559b  fclose                         
00002a8b  ferror                         
00005201  fflush                         
00002a6b  fgetc                          
000056b9  finddevice                     
0000475b  fopen                          
00003283  free                           
00004731  freopen                        
000056e3  getdevice                      
00000000  interruptVectors               
0000070d  main                           
20003b9c  main_func_sp                   
00003219  malloc                         
0000344d  memalign                       
00005499  memcpy                         
000055d5  memset                         
00003199  minit                          
20003568  nc                             
2000356c  nl                             
20003570  nr                             
0000527d  open                           
000029ad  outnibble                      
20003514  parmbuf                        
00003343  realloc                        
00005c99  remove                         
000050d9  setvbuf                        
00005d41  strchr                         
00005d29  strcmp                         
00005d6d  strcpy                         
00005d81  strlen                         
00005c35  strncpy                        
00004ca1  ta3dummy                       
000005a1  toggle_GPIO                    
00002aa9  uart_close                     
00002b27  uart_lseek                     
00002a99  uart_open                      
00002abb  uart_read                      
00002b43  uart_rename                    
00002b37  uart_unlink                    
00002ae5  uart_write                     
00005c99  unlink                         
00005cc5  write                          
20000000  x                              
20001000  x2                             
20002000  x3                             


GLOBAL SYMBOLS: SORTED BY Symbol Address 

address   name                           
-------   ----                           
00000000  __TI_static_base__             
00000000  interruptVectors               
000000e5  Random                         
000000fd  TestFifo                       
00000141  Program5_1                     
000001af  Program5_2                     
00000200  __STACK_SIZE                   
0000026f  Program5_3                     
00000359  Program5_4                     
00000400  __SYSMEM_SIZE                  
00000455  SensorRead_ISR                 
000004b1  IRSensor_Init                  
000004ed  HandleBump                     
00000511  PeriodMeasure0                 
00000549  PeriodMeasure2                 
00000581  TimedPause                     
000005a1  toggle_GPIO                    
000005ad  Tachometer_Init                
000005e1  RSLK_Reset                     
0000070d  main                           
0000170d  LeftConvert                    
00001bb9  CenterConvert                  
00002067  RightConvert                   
00002521  UART0_Init                     
00002567  UART0_InChar                   
00002577  UART0_OutChar                  
00002593  UART0_OutString                
000025b1  UART0_InUDec                   
00002635  UART0_OutUDec                  
000027a1  UART0_OutUDec4                 
000027f5  UART0_OutUDec5                 
00002831  UART0_OutUFix1                 
00002859  UART0_OutUFix2                 
000028a5  UART0_InUHex                   
00002969  UART0_OutUHex                  
000029ad  outnibble                      
000029d5  UART0_OutUHex2                 
000029f1  UART0_InString                 
00002a6b  fgetc                          
00002a8b  ferror                         
00002a99  uart_open                      
00002aa9  uart_close                     
00002abb  uart_read                      
00002ae5  uart_write                     
00002b27  uart_lseek                     
00002b37  uart_unlink                    
00002b43  uart_rename                    
00002b51  UART0_Initprintf               
00002bdd  EUSCIA0_Init                   
00002c43  EUSCIA0_InChar                 
00002c55  EUSCIA0_OutChar                
00002c6f  EUSCIA0_IRQHandler             
00002c6f  EUSCIA0_IRQHandler             
00002ca5  EUSCIA0_OutString              
00002cc3  EUSCIA0_InUDec                 
00002d47  EUSCIA0_OutUDec                
00002ed9  EUSCIA0_OutUDec4               
00002f11  EUSCIA0_OutUDec5               
00002f4d  EUSCIA0_OutUFix1               
00002f75  EUSCIA0_OutUFix2               
00002fc1  EUSCIA0_InUHex                 
00003089  EUSCIA0_OutUHex                
000030cd  EUSCIA0outnibble               
000030ef  EUSCIA0_OutUHex2               
0000310d  EUSCIA0_InString               
00003197  __mpu_init                     
00003199  minit                          
00003219  malloc                         
00003283  free                           
00003343  realloc                        
0000344d  memalign                       
00003539  calloc                         
00003569  SystemCoreClockUpdate          
000037dd  SystemInit                     
00003895  LPF_Init_old                   
000038e9  LPF_Calc_old                   
0000394b  LPF_Init                       
000039a9  LPF_Calc                       
000039fd  LPF_Init2                      
00003a51  LPF_Calc2                      
00003ab3  LPF_Init3                      
00003b15  LPF_Calc3                      
00003b9d  ADC0_InitSWTriggerCh6          
00003bed  ADC_In6                        
00003c0d  ADC0_InitSWTriggerCh67         
00003c63  ADC_In67                       
00003c99  ADC0_InitSWTriggerCh12         
00003ce9  ADC_In12                       
00003d09  ADC0_InitSWTriggerCh17_12_16   
00003d79  ADC_In17_12_16                 
00003dfd  PWM_Init1                      
00003e63  PWM_Init12                     
00003ee7  PWM_Duty1                      
00003f07  PWM_Duty2                      
00003f27  PWM_Init34                     
00003fab  PWM_Duty3                      
00003fcb  PWM_Duty4                      
00004025  Reflectance_Init               
00004031  Port5_Init                     
0000405b  Port7_Init                     
00004079  Port7_Output                   
0000408f  Port7_Input                    
00004099  Reflectance_Read               
000040db  Reflectance_Center             
00004167  Reflectance_Position           
000041dd  Reflectance_Start              
00004201  Reflectance_End                
0000424d  TxFifo0_Init                   
0000427f  TxFifo0_Put                    
000042d9  TxFifo0_Get                    
00004317  TxFifo0_Size                   
0000436d  RxFifo0_Init                   
00004379  RxFifo0_Put                    
000043c7  RxFifo0_Get                    
00004405  RxFifo0_Size                   
0000445d  Clock_Init48MHz                
00004573  Clock_GetFreq                  
00004579  delay                          
00004587  Clock_Delay1us                 
000045b1  Clock_Delay1ms                 
00004705  __TI_cleanup                   
00004731  freopen                        
0000475b  fopen                          
00004801  __aeabi_dsub                   
0000480b  __aeabi_dadd                   
000049b7  _system_post_cinit             
000049b9  Motor_Init                     
00004a41  Motor_Stop                     
00004a65  Motor_Forward                  
00004a95  Motor_Right                    
00004acf  Motor_Left                     
00004b09  Motor_Backward                 
00004b69  __aeabi_ddiv                   
00004ca1  ta3dummy                       
00004cad  TimerA3Capture_Init            
00004d51  TA3_0_IRQHandler               
00004d51  TA3_0_IRQHandler               
00004d6b  TA3_N_IRQHandler               
00004d6b  TA3_N_IRQHandler               
00004dcd  BumpInt_Init                   
00004e43  Bump_Read                      
00004ea9  PORT4_IRQHandler               
00004ea9  PORT4_IRQHandler               
00004ee9  __aeabi_dmul                   
00004fe5  LaunchPad_Init                 
00005055  LaunchPad_Input                
0000506f  LaunchPad_LED                  
0000508d  LaunchPad_Output               
000050d9  setvbuf                        
000051b5  __TI_doflush                   
00005201  fflush                         
0000527d  open                           
00005339  add_device                     
000053f1  TimerA1_Init                   
0000544f  TimerA1_Stop                   
00005463  TA1_0_IRQHandler               
00005463  TA1_0_IRQHandler               
00005499  __aeabi_memcpy                 
00005499  __aeabi_memcpy4                
00005499  __aeabi_memcpy8                
00005499  memcpy                         
00005535  __TI_closefile                 
0000559b  fclose                         
000055cd  __aeabi_memclr                 
000055cd  __aeabi_memclr4                
000055cd  __aeabi_memclr8                
000055cf  __aeabi_memset                 
000055cf  __aeabi_memset4                
000055cf  __aeabi_memset8                
000055d5  memset                         
00005649  __TI_auto_init                 
000056b9  finddevice                     
000056e3  getdevice                      
00005729  __TI_decompress_lzss           
00005791  HOSTlseek                      
000057f9  HOSTrename                     
00005861  __TI_writemsg                  
0000588f  C$$IO$$                        
00005893  __TI_readmsg                   
000058c9  HOSTopen                       
00005929  close                          
00005985  HOSTread                       
000059dd  HOSTwrite                      
00005a35  _c_int00                       
00005a89  C$$EXIT                        
00005a8d  abort                          
00005a95  exit                           
00005add  copy_in                        
00005b29  __aeabi_d2uiz                  
00005b6d  HOSTclose                      
00005bb1  HOSTunlink                     
00005bf5  SysTick_Init                   
00005c35  strncpy                        
00005c6b  __aeabi_i2d                    
00005c99  remove                         
00005c99  unlink                         
00005cc5  write                          
00005ced  DisableInterrupts              
00005cf3  EnableInterrupts               
00005cf9  StartCritical                  
00005d03  EndCritical                    
00005d0b  WaitForInterrupt               
00005d11  _args_main                     
00005d29  strcmp                         
00005d41  strchr                         
00005d59  _register_unlock               
00005d5f  _register_lock                 
00005d67  _nop                           
00005d6d  strcpy                         
00005d81  strlen                         
00005d95  __TI_decompress_none           
00005da3  Reset_Handler                  
00005daf  ADC14_IRQHandler               
00005daf  AES256_IRQHandler              
00005daf  BusFault_Handler               
00005daf  COMP_E0_IRQHandler             
00005daf  COMP_E1_IRQHandler             
00005daf  CS_IRQHandler                  
00005daf  DMA_ERR_IRQHandler             
00005daf  DMA_INT0_IRQHandler            
00005daf  DMA_INT1_IRQHandler            
00005daf  DMA_INT2_IRQHandler            
00005daf  DMA_INT3_IRQHandler            
00005daf  DebugMon_Handler               
00005daf  Default_Handler                
00005daf  EUSCIA1_IRQHandler             
00005daf  EUSCIA2_IRQHandler             
00005daf  EUSCIA3_IRQHandler             
00005daf  EUSCIB0_IRQHandler             
00005daf  EUSCIB1_IRQHandler             
00005daf  EUSCIB2_IRQHandler             
00005daf  EUSCIB3_IRQHandler             
00005daf  FLCTL_IRQHandler               
00005daf  FPU_IRQHandler                 
00005daf  HardFault_Handler              
00005daf  MemManage_Handler              
00005daf  NMI_Handler                    
00005daf  PCM_IRQHandler                 
00005daf  PORT1_IRQHandler               
00005daf  PORT2_IRQHandler               
00005daf  PORT3_IRQHandler               
00005daf  PORT5_IRQHandler               
00005daf  PORT6_IRQHandler               
00005daf  PSS_IRQHandler                 
00005daf  PendSV_Handler                 
00005daf  RTC_C_IRQHandler               
00005daf  SVC_Handler                    
00005daf  SysTick_Handler                
00005daf  T32_INT1_IRQHandler            
00005daf  T32_INT2_IRQHandler            
00005daf  T32_INTC_IRQHandler            
00005daf  TA0_0_IRQHandler               
00005daf  TA0_N_IRQHandler               
00005daf  TA1_N_IRQHandler               
00005daf  TA2_0_IRQHandler               
00005daf  TA2_N_IRQHandler               
00005daf  UsageFault_Handler             
00005daf  WDT_A_IRQHandler               
00005db1  __TI_zero_init                 
00005dbd  _system_pre_init               
00005e60  __TI_Handler_Table_Base        
00005e6c  __TI_Handler_Table_Limit       
00005e78  __TI_CINIT_Base                
00005e88  __TI_CINIT_Limit               
20000000  x                              
20001000  x2                             
20002000  x3                             
20003000  TxHistogram                    
20003200  __CIOBUF_                      
20003320  __TI_tmpnams                   
200033c0  RxFifo0                        
20003442  TxFifo0                        
200034c4  String                         
20003504  Messageb                       
2000350c  Messagec                       
20003514  parmbuf                        
2000351c  Done0                          
20003520  Done2                          
20003524  Elapsed                        
20003528  First                          
2000352c  I1                             
20003530  LPFSum                         
20003534  LPFSum2                        
20003538  LPFSum3                        
2000353c  MaxTime                        
20003540  Messageindexb                  
20003544  Messageindexc                  
20003548  NumErrors                      
2000354c  NumSuccess                     
20003550  Port4Task                      
20003554  Pt                             
20003558  Pt2                            
2000355c  Pt3                            
20003560  Size                           
20003564  TimerA1Task                    
20003568  nc                             
2000356c  nl                             
20003570  nr                             
20003574  First0                         
20003576  First2                         
20003578  Period0                        
2000357a  Period2                        
2000357c  ReadData                       
2000357d  WriteData                      
2000357e  bumpData                       
2000357f  bumpFlag                       
20003580  _sys_memory                    
20003980  _ftable                        
20003a70  _device                        
20003ae8  _stream                        
20003b38  ClockFrequency                 
20003b3c  Prewait                        
20003b40  CPMwait                        
20003b44  Postwait                       
20003b48  IFlags                         
20003b4c  Crystalstable                  
20003b50  __TI_ft_end                    
20003b54  __aeabi_stdin                  
20003b58  __aeabi_stdout                 
20003b5c  __aeabi_stderr                 
20003b60  __TI_cleanup_ptr               
20003b64  __TI_dtors_ptr                 
20003b68  __TI_enable_exit_profile_output
20003b78  _lock                          
20003b7c  _unlock                        
20003b80  ADCflag                        
20003b88  CaptureTask0                   
20003b8c  CaptureTask2                   
20003b9c  main_func_sp                   
20003ba0  SystemCoreClock                
2000fe00  __stack                        
20010000  __STACK_END                    
4000480c  WDTCTL_SYM                     
ffffffff  __TI_pprof_out_hndl            
ffffffff  __TI_prof_data_size            
ffffffff  __TI_prof_data_start           
ffffffff  __binit__                      
ffffffff  __c_args__                     
ffffffff  binit                          
UNDEFED   SHT$$INIT_ARRAY$$Base          
UNDEFED   SHT$$INIT_ARRAY$$Limit         

[341 symbols]
