<?xml version="1.0"?>
<link_info>
   <banner>TI ARM Linker PC v16.9.6.LTS</banner>
   <copyright>Copyright (c) 1996-2017 Texas Instruments Incorporated</copyright>
   <link_time>0x6180d176</link_time>
   <link_errors>0x0</link_errors>
   <output_file>Lab5_UARTComms.out</output_file>
   <entry_point>
      <name>_c_int00</name>
      <address>0x5a35</address>
   </entry_point>
   <input_file_list>
      <input_file id="fl-2">
         <path>.\</path>
         <kind>object</kind>
         <file>ADC14.obj</file>
         <name>ADC14.obj</name>
      </input_file>
      <input_file id="fl-3">
         <path>.\</path>
         <kind>object</kind>
         <file>BumpInt.obj</file>
         <name>BumpInt.obj</name>
      </input_file>
      <input_file id="fl-4">
         <path>.\</path>
         <kind>object</kind>
         <file>Clock.obj</file>
         <name>Clock.obj</name>
      </input_file>
      <input_file id="fl-5">
         <path>.\</path>
         <kind>object</kind>
         <file>CortexM.obj</file>
         <name>CortexM.obj</name>
      </input_file>
      <input_file id="fl-6">
         <path>.\</path>
         <kind>object</kind>
         <file>EUSCIA0.obj</file>
         <name>EUSCIA0.obj</name>
      </input_file>
      <input_file id="fl-7">
         <path>.\</path>
         <kind>object</kind>
         <file>FIFO0.obj</file>
         <name>FIFO0.obj</name>
      </input_file>
      <input_file id="fl-8">
         <path>.\</path>
         <kind>object</kind>
         <file>IRDistance.obj</file>
         <name>IRDistance.obj</name>
      </input_file>
      <input_file id="fl-9">
         <path>.\</path>
         <kind>object</kind>
         <file>LPF.obj</file>
         <name>LPF.obj</name>
      </input_file>
      <input_file id="fl-a">
         <path>.\</path>
         <kind>object</kind>
         <file>Lab5_UARTmain.obj</file>
         <name>Lab5_UARTmain.obj</name>
      </input_file>
      <input_file id="fl-b">
         <path>.\</path>
         <kind>object</kind>
         <file>LaunchPad.obj</file>
         <name>LaunchPad.obj</name>
      </input_file>
      <input_file id="fl-c">
         <path>.\</path>
         <kind>object</kind>
         <file>Motor.obj</file>
         <name>Motor.obj</name>
      </input_file>
      <input_file id="fl-d">
         <path>.\</path>
         <kind>object</kind>
         <file>PWM.obj</file>
         <name>PWM.obj</name>
      </input_file>
      <input_file id="fl-e">
         <path>.\</path>
         <kind>object</kind>
         <file>Reflectance.obj</file>
         <name>Reflectance.obj</name>
      </input_file>
      <input_file id="fl-f">
         <path>.\</path>
         <kind>object</kind>
         <file>SysTickInts.obj</file>
         <name>SysTickInts.obj</name>
      </input_file>
      <input_file id="fl-10">
         <path>.\</path>
         <kind>object</kind>
         <file>TA3InputCapture.obj</file>
         <name>TA3InputCapture.obj</name>
      </input_file>
      <input_file id="fl-11">
         <path>.\</path>
         <kind>object</kind>
         <file>TimerA1.obj</file>
         <name>TimerA1.obj</name>
      </input_file>
      <input_file id="fl-12">
         <path>.\</path>
         <kind>object</kind>
         <file>UART0.obj</file>
         <name>UART0.obj</name>
      </input_file>
      <input_file id="fl-13">
         <path>.\</path>
         <kind>object</kind>
         <file>startup_msp432p401r_ccs.obj</file>
         <name>startup_msp432p401r_ccs.obj</name>
      </input_file>
      <input_file id="fl-14">
         <path>.\</path>
         <kind>object</kind>
         <file>system_msp432p401r.obj</file>
         <name>system_msp432p401r.obj</name>
      </input_file>
      <input_file id="fl-18">
         <kind>object</kind>
         <file>&lt;internal&gt;</file>
         <name>&lt;internal&gt;</name>
      </input_file>
      <input_file id="fl-ce">
         <path>C:\ti\ccsv7\tools\compiler\ti-cgt-arm_16.9.6.LTS\lib\</path>
         <kind>archive</kind>
         <file>rtsv7M4_T_le_v4SPD16_eabi.lib</file>
         <name>add_device.obj</name>
      </input_file>
      <input_file id="fl-cf">
         <path>C:\ti\ccsv7\tools\compiler\ti-cgt-arm_16.9.6.LTS\lib\</path>
         <kind>archive</kind>
         <file>rtsv7M4_T_le_v4SPD16_eabi.lib</file>
         <name>boot.obj</name>
      </input_file>
      <input_file id="fl-d0">
         <path>C:\ti\ccsv7\tools\compiler\ti-cgt-arm_16.9.6.LTS\lib\</path>
         <kind>archive</kind>
         <file>rtsv7M4_T_le_v4SPD16_eabi.lib</file>
         <name>copy_decompress_lzss.obj</name>
      </input_file>
      <input_file id="fl-d1">
         <path>C:\ti\ccsv7\tools\compiler\ti-cgt-arm_16.9.6.LTS\lib\</path>
         <kind>archive</kind>
         <file>rtsv7M4_T_le_v4SPD16_eabi.lib</file>
         <name>copy_decompress_none.obj</name>
      </input_file>
      <input_file id="fl-d2">
         <path>C:\ti\ccsv7\tools\compiler\ti-cgt-arm_16.9.6.LTS\lib\</path>
         <kind>archive</kind>
         <file>rtsv7M4_T_le_v4SPD16_eabi.lib</file>
         <name>copy_zero_init.obj</name>
      </input_file>
      <input_file id="fl-d3">
         <path>C:\ti\ccsv7\tools\compiler\ti-cgt-arm_16.9.6.LTS\lib\</path>
         <kind>archive</kind>
         <file>rtsv7M4_T_le_v4SPD16_eabi.lib</file>
         <name>defs.obj</name>
      </input_file>
      <input_file id="fl-d4">
         <path>C:\ti\ccsv7\tools\compiler\ti-cgt-arm_16.9.6.LTS\lib\</path>
         <kind>archive</kind>
         <file>rtsv7M4_T_le_v4SPD16_eabi.lib</file>
         <name>exit.obj</name>
      </input_file>
      <input_file id="fl-d5">
         <path>C:\ti\ccsv7\tools\compiler\ti-cgt-arm_16.9.6.LTS\lib\</path>
         <kind>archive</kind>
         <file>rtsv7M4_T_le_v4SPD16_eabi.lib</file>
         <name>fd_add_t2.obj</name>
      </input_file>
      <input_file id="fl-d6">
         <path>C:\ti\ccsv7\tools\compiler\ti-cgt-arm_16.9.6.LTS\lib\</path>
         <kind>archive</kind>
         <file>rtsv7M4_T_le_v4SPD16_eabi.lib</file>
         <name>fd_div_t2.obj</name>
      </input_file>
      <input_file id="fl-d7">
         <path>C:\ti\ccsv7\tools\compiler\ti-cgt-arm_16.9.6.LTS\lib\</path>
         <kind>archive</kind>
         <file>rtsv7M4_T_le_v4SPD16_eabi.lib</file>
         <name>fd_mul_t2.obj</name>
      </input_file>
      <input_file id="fl-d8">
         <path>C:\ti\ccsv7\tools\compiler\ti-cgt-arm_16.9.6.LTS\lib\</path>
         <kind>archive</kind>
         <file>rtsv7M4_T_le_v4SPD16_eabi.lib</file>
         <name>fd_tou_t2.obj</name>
      </input_file>
      <input_file id="fl-d9">
         <path>C:\ti\ccsv7\tools\compiler\ti-cgt-arm_16.9.6.LTS\lib\</path>
         <kind>archive</kind>
         <file>rtsv7M4_T_le_v4SPD16_eabi.lib</file>
         <name>fopen.obj</name>
      </input_file>
      <input_file id="fl-da">
         <path>C:\ti\ccsv7\tools\compiler\ti-cgt-arm_16.9.6.LTS\lib\</path>
         <kind>archive</kind>
         <file>rtsv7M4_T_le_v4SPD16_eabi.lib</file>
         <name>getdevice.obj</name>
      </input_file>
      <input_file id="fl-db">
         <path>C:\ti\ccsv7\tools\compiler\ti-cgt-arm_16.9.6.LTS\lib\</path>
         <kind>archive</kind>
         <file>rtsv7M4_T_le_v4SPD16_eabi.lib</file>
         <name>i_tofd_t2.obj</name>
      </input_file>
      <input_file id="fl-dc">
         <path>C:\ti\ccsv7\tools\compiler\ti-cgt-arm_16.9.6.LTS\lib\</path>
         <kind>archive</kind>
         <file>rtsv7M4_T_le_v4SPD16_eabi.lib</file>
         <name>memcpy_t2.obj</name>
      </input_file>
      <input_file id="fl-dd">
         <path>C:\ti\ccsv7\tools\compiler\ti-cgt-arm_16.9.6.LTS\lib\</path>
         <kind>archive</kind>
         <file>rtsv7M4_T_le_v4SPD16_eabi.lib</file>
         <name>memset_t2.obj</name>
      </input_file>
      <input_file id="fl-de">
         <path>C:\ti\ccsv7\tools\compiler\ti-cgt-arm_16.9.6.LTS\lib\</path>
         <kind>archive</kind>
         <file>rtsv7M4_T_le_v4SPD16_eabi.lib</file>
         <name>mpu_init.obj</name>
      </input_file>
      <input_file id="fl-df">
         <path>C:\ti\ccsv7\tools\compiler\ti-cgt-arm_16.9.6.LTS\lib\</path>
         <kind>archive</kind>
         <file>rtsv7M4_T_le_v4SPD16_eabi.lib</file>
         <name>open.obj</name>
      </input_file>
      <input_file id="fl-e0">
         <path>C:\ti\ccsv7\tools\compiler\ti-cgt-arm_16.9.6.LTS\lib\</path>
         <kind>archive</kind>
         <file>rtsv7M4_T_le_v4SPD16_eabi.lib</file>
         <name>pre_init.obj</name>
      </input_file>
      <input_file id="fl-e1">
         <path>C:\ti\ccsv7\tools\compiler\ti-cgt-arm_16.9.6.LTS\lib\</path>
         <kind>archive</kind>
         <file>rtsv7M4_T_le_v4SPD16_eabi.lib</file>
         <name>setvbuf.obj</name>
      </input_file>
      <input_file id="fl-e2">
         <path>C:\ti\ccsv7\tools\compiler\ti-cgt-arm_16.9.6.LTS\lib\</path>
         <kind>archive</kind>
         <file>rtsv7M4_T_le_v4SPD16_eabi.lib</file>
         <name>stkdepth_vars.obj</name>
      </input_file>
      <input_file id="fl-e3">
         <path>C:\ti\ccsv7\tools\compiler\ti-cgt-arm_16.9.6.LTS\lib\</path>
         <kind>archive</kind>
         <file>rtsv7M4_T_le_v4SPD16_eabi.lib</file>
         <name>strchr.obj</name>
      </input_file>
      <input_file id="fl-e4">
         <path>C:\ti\ccsv7\tools\compiler\ti-cgt-arm_16.9.6.LTS\lib\</path>
         <kind>archive</kind>
         <file>rtsv7M4_T_le_v4SPD16_eabi.lib</file>
         <name>strcmp.obj</name>
      </input_file>
      <input_file id="fl-e5">
         <path>C:\ti\ccsv7\tools\compiler\ti-cgt-arm_16.9.6.LTS\lib\</path>
         <kind>archive</kind>
         <file>rtsv7M4_T_le_v4SPD16_eabi.lib</file>
         <name>strncpy.obj</name>
      </input_file>
      <input_file id="fl-e6">
         <path>C:\ti\ccsv7\tools\compiler\ti-cgt-arm_16.9.6.LTS\lib\</path>
         <kind>archive</kind>
         <file>rtsv7M4_T_le_v4SPD16_eabi.lib</file>
         <name>write.obj</name>
      </input_file>
      <input_file id="fl-e7">
         <path>C:\ti\ccsv7\tools\compiler\ti-cgt-arm_16.9.6.LTS\lib\</path>
         <kind>archive</kind>
         <file>rtsv7M4_T_le_v4SPD16_eabi.lib</file>
         <name>_lock.obj</name>
      </input_file>
      <input_file id="fl-e8">
         <path>C:\ti\ccsv7\tools\compiler\ti-cgt-arm_16.9.6.LTS\lib\</path>
         <kind>archive</kind>
         <file>rtsv7M4_T_le_v4SPD16_eabi.lib</file>
         <name>args_main.obj</name>
      </input_file>
      <input_file id="fl-e9">
         <path>C:\ti\ccsv7\tools\compiler\ti-cgt-arm_16.9.6.LTS\lib\</path>
         <kind>archive</kind>
         <file>rtsv7M4_T_le_v4SPD16_eabi.lib</file>
         <name>autoinit.obj</name>
      </input_file>
      <input_file id="fl-ea">
         <path>C:\ti\ccsv7\tools\compiler\ti-cgt-arm_16.9.6.LTS\lib\</path>
         <kind>archive</kind>
         <file>rtsv7M4_T_le_v4SPD16_eabi.lib</file>
         <name>cpy_tbl.obj</name>
      </input_file>
      <input_file id="fl-eb">
         <path>C:\ti\ccsv7\tools\compiler\ti-cgt-arm_16.9.6.LTS\lib\</path>
         <kind>archive</kind>
         <file>rtsv7M4_T_le_v4SPD16_eabi.lib</file>
         <name>fclose.obj</name>
      </input_file>
      <input_file id="fl-ec">
         <path>C:\ti\ccsv7\tools\compiler\ti-cgt-arm_16.9.6.LTS\lib\</path>
         <kind>archive</kind>
         <file>rtsv7M4_T_le_v4SPD16_eabi.lib</file>
         <name>fflush.obj</name>
      </input_file>
      <input_file id="fl-ed">
         <path>C:\ti\ccsv7\tools\compiler\ti-cgt-arm_16.9.6.LTS\lib\</path>
         <kind>archive</kind>
         <file>rtsv7M4_T_le_v4SPD16_eabi.lib</file>
         <name>hostclose.obj</name>
      </input_file>
      <input_file id="fl-ee">
         <path>C:\ti\ccsv7\tools\compiler\ti-cgt-arm_16.9.6.LTS\lib\</path>
         <kind>archive</kind>
         <file>rtsv7M4_T_le_v4SPD16_eabi.lib</file>
         <name>hostlseek.obj</name>
      </input_file>
      <input_file id="fl-ef">
         <path>C:\ti\ccsv7\tools\compiler\ti-cgt-arm_16.9.6.LTS\lib\</path>
         <kind>archive</kind>
         <file>rtsv7M4_T_le_v4SPD16_eabi.lib</file>
         <name>hostopen.obj</name>
      </input_file>
      <input_file id="fl-f0">
         <path>C:\ti\ccsv7\tools\compiler\ti-cgt-arm_16.9.6.LTS\lib\</path>
         <kind>archive</kind>
         <file>rtsv7M4_T_le_v4SPD16_eabi.lib</file>
         <name>hostread.obj</name>
      </input_file>
      <input_file id="fl-f1">
         <path>C:\ti\ccsv7\tools\compiler\ti-cgt-arm_16.9.6.LTS\lib\</path>
         <kind>archive</kind>
         <file>rtsv7M4_T_le_v4SPD16_eabi.lib</file>
         <name>hostrename.obj</name>
      </input_file>
      <input_file id="fl-f2">
         <path>C:\ti\ccsv7\tools\compiler\ti-cgt-arm_16.9.6.LTS\lib\</path>
         <kind>archive</kind>
         <file>rtsv7M4_T_le_v4SPD16_eabi.lib</file>
         <name>hostunlink.obj</name>
      </input_file>
      <input_file id="fl-f3">
         <path>C:\ti\ccsv7\tools\compiler\ti-cgt-arm_16.9.6.LTS\lib\</path>
         <kind>archive</kind>
         <file>rtsv7M4_T_le_v4SPD16_eabi.lib</file>
         <name>hostwrite.obj</name>
      </input_file>
      <input_file id="fl-f4">
         <path>C:\ti\ccsv7\tools\compiler\ti-cgt-arm_16.9.6.LTS\lib\</path>
         <kind>archive</kind>
         <file>rtsv7M4_T_le_v4SPD16_eabi.lib</file>
         <name>memory.obj</name>
      </input_file>
      <input_file id="fl-f5">
         <path>C:\ti\ccsv7\tools\compiler\ti-cgt-arm_16.9.6.LTS\lib\</path>
         <kind>archive</kind>
         <file>rtsv7M4_T_le_v4SPD16_eabi.lib</file>
         <name>remove.obj</name>
      </input_file>
      <input_file id="fl-f6">
         <path>C:\ti\ccsv7\tools\compiler\ti-cgt-arm_16.9.6.LTS\lib\</path>
         <kind>archive</kind>
         <file>rtsv7M4_T_le_v4SPD16_eabi.lib</file>
         <name>startup.obj</name>
      </input_file>
      <input_file id="fl-f7">
         <path>C:\ti\ccsv7\tools\compiler\ti-cgt-arm_16.9.6.LTS\lib\</path>
         <kind>archive</kind>
         <file>rtsv7M4_T_le_v4SPD16_eabi.lib</file>
         <name>strcpy.obj</name>
      </input_file>
      <input_file id="fl-f8">
         <path>C:\ti\ccsv7\tools\compiler\ti-cgt-arm_16.9.6.LTS\lib\</path>
         <kind>archive</kind>
         <file>rtsv7M4_T_le_v4SPD16_eabi.lib</file>
         <name>strlen.obj</name>
      </input_file>
      <input_file id="fl-f9">
         <path>C:\ti\ccsv7\tools\compiler\ti-cgt-arm_16.9.6.LTS\lib\</path>
         <kind>archive</kind>
         <file>rtsv7M4_T_le_v4SPD16_eabi.lib</file>
         <name>trgmsg.obj</name>
      </input_file>
      <input_file id="fl-fa">
         <path>C:\ti\ccsv7\tools\compiler\ti-cgt-arm_16.9.6.LTS\lib\</path>
         <kind>archive</kind>
         <file>rtsv7M4_T_le_v4SPD16_eabi.lib</file>
         <name>unlink.obj</name>
      </input_file>
      <input_file id="fl-fb">
         <path>C:\ti\ccsv7\tools\compiler\ti-cgt-arm_16.9.6.LTS\lib\</path>
         <kind>archive</kind>
         <file>rtsv7M4_T_le_v4SPD16_eabi.lib</file>
         <name>close.obj</name>
      </input_file>
   </input_file_list>
   <object_component_list>
      <object_component id="oc-2c">
         <name>.intvecs:retain</name>
         <load_address>0x0</load_address>
         <run_address>0x0</run_address>
         <size>0xe4</size>
         <input_file_ref idref="fl-13"/>
      </object_component>
      <object_component id="oc-c3">
         <name>.text</name>
         <load_address>0xe4</load_address>
         <run_address>0xe4</run_address>
         <size>0x1628</size>
         <input_file_ref idref="fl-a"/>
      </object_component>
      <object_component id="oc-16a">
         <name>.text</name>
         <load_address>0x170c</load_address>
         <run_address>0x170c</run_address>
         <size>0xe14</size>
         <input_file_ref idref="fl-8"/>
      </object_component>
      <object_component id="oc-125">
         <name>.text</name>
         <load_address>0x2520</load_address>
         <run_address>0x2520</run_address>
         <size>0x6bc</size>
         <input_file_ref idref="fl-12"/>
      </object_component>
      <object_component id="oc-8a">
         <name>.text</name>
         <load_address>0x2bdc</load_address>
         <run_address>0x2bdc</run_address>
         <size>0x5ba</size>
         <input_file_ref idref="fl-6"/>
      </object_component>
      <object_component id="oc-56">
         <name>.text</name>
         <load_address>0x3196</load_address>
         <run_address>0x3196</run_address>
         <size>0x2</size>
         <input_file_ref idref="fl-de"/>
      </object_component>
      <object_component id="oc-248">
         <name>.text</name>
         <load_address>0x3198</load_address>
         <run_address>0x3198</run_address>
         <size>0x3d0</size>
         <input_file_ref idref="fl-f4"/>
      </object_component>
      <object_component id="oc-d6">
         <name>.text</name>
         <load_address>0x3568</load_address>
         <run_address>0x3568</run_address>
         <size>0x32c</size>
         <input_file_ref idref="fl-14"/>
      </object_component>
      <object_component id="oc-145">
         <name>.text</name>
         <load_address>0x3894</load_address>
         <run_address>0x3894</run_address>
         <size>0x308</size>
         <input_file_ref idref="fl-9"/>
      </object_component>
      <object_component id="oc-13f">
         <name>.text</name>
         <load_address>0x3b9c</load_address>
         <run_address>0x3b9c</run_address>
         <size>0x260</size>
         <input_file_ref idref="fl-2"/>
      </object_component>
      <object_component id="oc-1e8">
         <name>.text</name>
         <load_address>0x3dfc</load_address>
         <run_address>0x3dfc</run_address>
         <size>0x228</size>
         <input_file_ref idref="fl-d"/>
      </object_component>
      <object_component id="oc-159">
         <name>.text</name>
         <load_address>0x4024</load_address>
         <run_address>0x4024</run_address>
         <size>0x228</size>
         <input_file_ref idref="fl-e"/>
      </object_component>
      <object_component id="oc-eb">
         <name>.text</name>
         <load_address>0x424c</load_address>
         <run_address>0x424c</run_address>
         <size>0x210</size>
         <input_file_ref idref="fl-7"/>
      </object_component>
      <object_component id="oc-119">
         <name>.text</name>
         <load_address>0x445c</load_address>
         <run_address>0x445c</run_address>
         <size>0x1e0</size>
         <input_file_ref idref="fl-4"/>
      </object_component>
      <object_component id="oc-1bf">
         <name>.text</name>
         <load_address>0x463c</load_address>
         <run_address>0x463c</run_address>
         <size>0x1c4</size>
         <input_file_ref idref="fl-d9"/>
      </object_component>
      <object_component id="oc-204">
         <name>.text</name>
         <load_address>0x4800</load_address>
         <run_address>0x4800</run_address>
         <size>0x1b6</size>
         <input_file_ref idref="fl-d5"/>
      </object_component>
      <object_component id="oc-bb">
         <name>.text</name>
         <load_address>0x49b6</load_address>
         <run_address>0x49b6</run_address>
         <size>0x2</size>
         <input_file_ref idref="fl-f6"/>
      </object_component>
      <object_component id="oc-14d">
         <name>.text</name>
         <load_address>0x49b8</load_address>
         <run_address>0x49b8</run_address>
         <size>0x1b0</size>
         <input_file_ref idref="fl-c"/>
      </object_component>
      <object_component id="oc-1ff">
         <name>.text</name>
         <load_address>0x4b68</load_address>
         <run_address>0x4b68</run_address>
         <size>0x136</size>
         <input_file_ref idref="fl-d6"/>
      </object_component>
      <object_component id="oc-84">
         <name>.text</name>
         <load_address>0x4ca0</load_address>
         <run_address>0x4ca0</run_address>
         <size>0x12c</size>
         <input_file_ref idref="fl-10"/>
      </object_component>
      <object_component id="oc-90">
         <name>.text</name>
         <load_address>0x4dcc</load_address>
         <run_address>0x4dcc</run_address>
         <size>0x11c</size>
         <input_file_ref idref="fl-3"/>
      </object_component>
      <object_component id="oc-1fa">
         <name>.text</name>
         <load_address>0x4ee8</load_address>
         <run_address>0x4ee8</run_address>
         <size>0xfc</size>
         <input_file_ref idref="fl-d7"/>
      </object_component>
      <object_component id="oc-153">
         <name>.text</name>
         <load_address>0x4fe4</load_address>
         <run_address>0x4fe4</run_address>
         <size>0xf4</size>
         <input_file_ref idref="fl-b"/>
      </object_component>
      <object_component id="oc-1c5">
         <name>.text</name>
         <load_address>0x50d8</load_address>
         <run_address>0x50d8</run_address>
         <size>0xdc</size>
         <input_file_ref idref="fl-e1"/>
      </object_component>
      <object_component id="oc-2b9">
         <name>.text</name>
         <load_address>0x51b4</load_address>
         <run_address>0x51b4</run_address>
         <size>0xc8</size>
         <input_file_ref idref="fl-ec"/>
      </object_component>
      <object_component id="oc-236">
         <name>.text</name>
         <load_address>0x527c</load_address>
         <run_address>0x527c</run_address>
         <size>0xbc</size>
         <input_file_ref idref="fl-df"/>
      </object_component>
      <object_component id="oc-1b9">
         <name>.text</name>
         <load_address>0x5338</load_address>
         <run_address>0x5338</run_address>
         <size>0xb8</size>
         <input_file_ref idref="fl-ce"/>
      </object_component>
      <object_component id="oc-7e">
         <name>.text</name>
         <load_address>0x53f0</load_address>
         <run_address>0x53f0</run_address>
         <size>0xa8</size>
         <input_file_ref idref="fl-11"/>
      </object_component>
      <object_component id="oc-3e">
         <name>.text</name>
         <load_address>0x5498</load_address>
         <run_address>0x5498</run_address>
         <size>0x9c</size>
         <input_file_ref idref="fl-dc"/>
      </object_component>
      <object_component id="oc-23c">
         <name>.text</name>
         <load_address>0x5534</load_address>
         <run_address>0x5534</run_address>
         <size>0x98</size>
         <input_file_ref idref="fl-eb"/>
      </object_component>
      <object_component id="oc-4a">
         <name>.text</name>
         <load_address>0x55cc</load_address>
         <run_address>0x55cc</run_address>
         <size>0x7a</size>
         <input_file_ref idref="fl-dd"/>
      </object_component>
      <object_component id="oc-62">
         <name>.text</name>
         <load_address>0x5648</load_address>
         <run_address>0x5648</run_address>
         <size>0x70</size>
         <input_file_ref idref="fl-e9"/>
      </object_component>
      <object_component id="oc-224">
         <name>.text</name>
         <load_address>0x56b8</load_address>
         <run_address>0x56b8</run_address>
         <size>0x70</size>
         <input_file_ref idref="fl-da"/>
      </object_component>
      <object_component id="oc-14">
         <name>.text:decompress:lzss</name>
         <load_address>0x5728</load_address>
         <run_address>0x5728</run_address>
         <size>0x68</size>
         <input_file_ref idref="fl-d0"/>
      </object_component>
      <object_component id="oc-292">
         <name>.text</name>
         <load_address>0x5790</load_address>
         <run_address>0x5790</run_address>
         <size>0x68</size>
         <input_file_ref idref="fl-ee"/>
      </object_component>
      <object_component id="oc-29e">
         <name>.text</name>
         <load_address>0x57f8</load_address>
         <run_address>0x57f8</run_address>
         <size>0x68</size>
         <input_file_ref idref="fl-f1"/>
      </object_component>
      <object_component id="oc-2ed">
         <name>.text</name>
         <load_address>0x5860</load_address>
         <run_address>0x5860</run_address>
         <size>0x68</size>
         <input_file_ref idref="fl-f9"/>
      </object_component>
      <object_component id="oc-27a">
         <name>.text</name>
         <load_address>0x58c8</load_address>
         <run_address>0x58c8</run_address>
         <size>0x60</size>
         <input_file_ref idref="fl-ef"/>
      </object_component>
      <object_component id="oc-2bf">
         <name>.text</name>
         <load_address>0x5928</load_address>
         <run_address>0x5928</run_address>
         <size>0x5c</size>
         <input_file_ref idref="fl-fb"/>
      </object_component>
      <object_component id="oc-286">
         <name>.text</name>
         <load_address>0x5984</load_address>
         <run_address>0x5984</run_address>
         <size>0x58</size>
         <input_file_ref idref="fl-f0"/>
      </object_component>
      <object_component id="oc-28c">
         <name>.text</name>
         <load_address>0x59dc</load_address>
         <run_address>0x59dc</run_address>
         <size>0x58</size>
         <input_file_ref idref="fl-f3"/>
      </object_component>
      <object_component id="oc-26">
         <name>.text</name>
         <load_address>0x5a34</load_address>
         <run_address>0x5a34</run_address>
         <size>0x54</size>
         <input_file_ref idref="fl-cf"/>
      </object_component>
      <object_component id="oc-6e">
         <name>.text</name>
         <load_address>0x5a88</load_address>
         <run_address>0x5a88</run_address>
         <size>0x54</size>
         <input_file_ref idref="fl-d4"/>
      </object_component>
      <object_component id="oc-b5">
         <name>.text</name>
         <load_address>0x5adc</load_address>
         <run_address>0x5adc</run_address>
         <size>0x4c</size>
         <input_file_ref idref="fl-ea"/>
      </object_component>
      <object_component id="oc-209">
         <name>.text</name>
         <load_address>0x5b28</load_address>
         <run_address>0x5b28</run_address>
         <size>0x44</size>
         <input_file_ref idref="fl-d8"/>
      </object_component>
      <object_component id="oc-280">
         <name>.text</name>
         <load_address>0x5b6c</load_address>
         <run_address>0x5b6c</run_address>
         <size>0x44</size>
         <input_file_ref idref="fl-ed"/>
      </object_component>
      <object_component id="oc-298">
         <name>.text</name>
         <load_address>0x5bb0</load_address>
         <run_address>0x5bb0</run_address>
         <size>0x44</size>
         <input_file_ref idref="fl-f2"/>
      </object_component>
      <object_component id="oc-12b">
         <name>.text</name>
         <load_address>0x5bf4</load_address>
         <run_address>0x5bf4</run_address>
         <size>0x40</size>
         <input_file_ref idref="fl-f"/>
      </object_component>
      <object_component id="oc-22a">
         <name>.text</name>
         <load_address>0x5c34</load_address>
         <run_address>0x5c34</run_address>
         <size>0x36</size>
         <input_file_ref idref="fl-e5"/>
      </object_component>
      <object_component id="oc-1f5">
         <name>.text</name>
         <load_address>0x5c6a</load_address>
         <run_address>0x5c6a</run_address>
         <size>0x2e</size>
         <input_file_ref idref="fl-db"/>
      </object_component>
      <object_component id="oc-2c5">
         <name>.text</name>
         <load_address>0x5c98</load_address>
         <run_address>0x5c98</run_address>
         <size>0x2c</size>
         <input_file_ref idref="fl-fa"/>
      </object_component>
      <object_component id="oc-314">
         <name>.text</name>
         <load_address>0x5cc4</load_address>
         <run_address>0x5cc4</run_address>
         <size>0x28</size>
         <input_file_ref idref="fl-e6"/>
      </object_component>
      <object_component id="oc-11f">
         <name>.text</name>
         <load_address>0x5cec</load_address>
         <run_address>0x5cec</run_address>
         <size>0x24</size>
         <input_file_ref idref="fl-5"/>
      </object_component>
      <object_component id="oc-68">
         <name>.text</name>
         <load_address>0x5d10</load_address>
         <run_address>0x5d10</run_address>
         <size>0x18</size>
         <input_file_ref idref="fl-e8"/>
      </object_component>
      <object_component id="oc-26a">
         <name>.text</name>
         <load_address>0x5d28</load_address>
         <run_address>0x5d28</run_address>
         <size>0x18</size>
         <input_file_ref idref="fl-e4"/>
      </object_component>
      <object_component id="oc-270">
         <name>.text</name>
         <load_address>0x5d40</load_address>
         <run_address>0x5d40</run_address>
         <size>0x16</size>
         <input_file_ref idref="fl-e3"/>
      </object_component>
      <object_component id="oc-17a">
         <name>.text</name>
         <load_address>0x5d58</load_address>
         <run_address>0x5d58</run_address>
         <size>0x14</size>
         <input_file_ref idref="fl-e7"/>
      </object_component>
      <object_component id="oc-301">
         <name>.text</name>
         <load_address>0x5d6c</load_address>
         <run_address>0x5d6c</run_address>
         <size>0x14</size>
         <input_file_ref idref="fl-f7"/>
      </object_component>
      <object_component id="oc-2e7">
         <name>.text</name>
         <load_address>0x5d80</load_address>
         <run_address>0x5d80</run_address>
         <size>0x14</size>
         <input_file_ref idref="fl-f8"/>
      </object_component>
      <object_component id="oc-1a">
         <name>.text:decompress:none</name>
         <load_address>0x5d94</load_address>
         <run_address>0x5d94</run_address>
         <size>0xe</size>
         <input_file_ref idref="fl-d1"/>
      </object_component>
      <object_component id="oc-78">
         <name>.text</name>
         <load_address>0x5da2</load_address>
         <run_address>0x5da2</run_address>
         <size>0xe</size>
         <input_file_ref idref="fl-13"/>
      </object_component>
      <object_component id="oc-20">
         <name>.text:decompress:ZI</name>
         <load_address>0x5db0</load_address>
         <run_address>0x5db0</run_address>
         <size>0xc</size>
         <input_file_ref idref="fl-d2"/>
      </object_component>
      <object_component id="oc-5c">
         <name>.text</name>
         <load_address>0x5dbc</load_address>
         <run_address>0x5dbc</run_address>
         <size>0x4</size>
         <input_file_ref idref="fl-e0"/>
      </object_component>
      <object_component id="oc-1f0">
         <name>.const:$P$T0$1</name>
         <load_address>0x5dc0</load_address>
         <run_address>0x5dc0</run_address>
         <size>0x20</size>
         <input_file_ref idref="fl-e"/>
      </object_component>
      <object_component id="oc-375">
         <name>.cinit..data.load</name>
         <load_address>0x5de0</load_address>
         <run_address>0x5de0</run_address>
         <size>0x7f</size>
      </object_component>
      <object_component id="oc-373">
         <name>__TI_handler_table</name>
         <load_address>0x5e60</load_address>
         <run_address>0x5e60</run_address>
         <size>0xc</size>
      </object_component>
      <object_component id="oc-376">
         <name>.cinit..bss.load</name>
         <load_address>0x5e70</load_address>
         <run_address>0x5e70</run_address>
         <size>0x8</size>
      </object_component>
      <object_component id="oc-374">
         <name>__TI_cinit_table</name>
         <load_address>0x5e78</load_address>
         <run_address>0x5e78</run_address>
         <size>0x10</size>
      </object_component>
      <object_component id="oc-350">
         <name>.binit</name>
         <load_address>0x0</load_address>
         <run_address>0x0</run_address>
         <size>0x0</size>
      </object_component>
      <object_component id="oc-1b0">
         <name>.data</name>
         <load_address>0x20003b38</load_address>
         <run_address>0x20003b38</run_address>
         <size>0x18</size>
         <input_file_ref idref="fl-4"/>
      </object_component>
      <object_component id="oc-131">
         <name>.data</name>
         <load_address>0x20003b80</load_address>
         <run_address>0x20003b80</run_address>
         <size>0x8</size>
         <input_file_ref idref="fl-a"/>
      </object_component>
      <object_component id="oc-e6">
         <name>.data</name>
         <load_address>0x20003b88</load_address>
         <run_address>0x20003b88</run_address>
         <size>0x8</size>
         <input_file_ref idref="fl-10"/>
      </object_component>
      <object_component id="oc-186">
         <name>.data</name>
         <load_address>0x20003ba0</load_address>
         <run_address>0x20003ba0</run_address>
         <size>0x4</size>
         <input_file_ref idref="fl-14"/>
      </object_component>
      <object_component id="oc-230">
         <name>.data</name>
         <load_address>0x20003b90</load_address>
         <run_address>0x20003b90</run_address>
         <size>0x4</size>
         <input_file_ref idref="fl-ce"/>
      </object_component>
      <object_component id="oc-1cb">
         <name>.data:_ftable</name>
         <load_address>0x20003980</load_address>
         <run_address>0x20003980</run_address>
         <size>0xf0</size>
         <input_file_ref idref="fl-d3"/>
      </object_component>
      <object_component id="oc-242">
         <name>.data</name>
         <load_address>0x20003b50</load_address>
         <run_address>0x20003b50</run_address>
         <size>0x10</size>
         <input_file_ref idref="fl-d3"/>
      </object_component>
      <object_component id="oc-cb">
         <name>.data:$O1$$</name>
         <load_address>0x20003b60</load_address>
         <run_address>0x20003b60</run_address>
         <size>0xc</size>
         <input_file_ref idref="fl-d4"/>
      </object_component>
      <object_component id="oc-245">
         <name>.data</name>
         <load_address>0x20003b94</load_address>
         <run_address>0x20003b94</run_address>
         <size>0x4</size>
         <input_file_ref idref="fl-d9"/>
      </object_component>
      <object_component id="oc-2b3">
         <name>.data</name>
         <load_address>0x20003b98</load_address>
         <run_address>0x20003b98</run_address>
         <size>0x4</size>
         <input_file_ref idref="fl-df"/>
      </object_component>
      <object_component id="oc-74">
         <name>.data</name>
         <load_address>0x20003b9c</load_address>
         <run_address>0x20003b9c</run_address>
         <size>0x4</size>
         <input_file_ref idref="fl-e2"/>
      </object_component>
      <object_component id="oc-231">
         <name>.data:_device</name>
         <load_address>0x20003a70</load_address>
         <run_address>0x20003a70</run_address>
         <size>0x78</size>
         <input_file_ref idref="fl-e6"/>
      </object_component>
      <object_component id="oc-2b4">
         <name>.data:_stream</name>
         <load_address>0x20003ae8</load_address>
         <run_address>0x20003ae8</run_address>
         <size>0x50</size>
         <input_file_ref idref="fl-e6"/>
      </object_component>
      <object_component id="oc-ce">
         <name>.data:$O1$$</name>
         <load_address>0x20003b78</load_address>
         <run_address>0x20003b78</run_address>
         <size>0x8</size>
         <input_file_ref idref="fl-e7"/>
      </object_component>
      <object_component id="oc-2d7">
         <name>.data:$O1$$</name>
         <load_address>0x20003b6c</load_address>
         <run_address>0x20003b6c</run_address>
         <size>0xc</size>
         <input_file_ref idref="fl-f4"/>
      </object_component>
      <object_component id="oc-32a">
         <name>.bss:_CIOBUF_</name>
         <uninitialized>true</uninitialized>
         <run_address>0x20003200</run_address>
         <size>0x120</size>
         <input_file_ref idref="fl-f9"/>
      </object_component>
      <object_component id="oc-f6">
         <name>.common:Port4Task</name>
         <uninitialized>true</uninitialized>
         <run_address>0x20003550</run_address>
         <size>0x4</size>
      </object_component>
      <object_component id="oc-f4">
         <name>.common:Messageindexc</name>
         <uninitialized>true</uninitialized>
         <run_address>0x20003544</run_address>
         <size>0x4</size>
      </object_component>
      <object_component id="oc-f1">
         <name>.common:Messagec</name>
         <uninitialized>true</uninitialized>
         <run_address>0x2000350c</run_address>
         <size>0x8</size>
      </object_component>
      <object_component id="oc-19a">
         <name>.common:TxFifo0</name>
         <uninitialized>true</uninitialized>
         <run_address>0x20003442</run_address>
         <size>0x82</size>
      </object_component>
      <object_component id="oc-19e">
         <name>.common:RxFifo0</name>
         <uninitialized>true</uninitialized>
         <run_address>0x200033c0</run_address>
         <size>0x82</size>
      </object_component>
      <object_component id="oc-19d">
         <name>.common:TxHistogram</name>
         <uninitialized>true</uninitialized>
         <run_address>0x20003000</run_address>
         <size>0x200</size>
      </object_component>
      <object_component id="oc-13a">
         <name>.common:Size</name>
         <uninitialized>true</uninitialized>
         <run_address>0x20003560</run_address>
         <size>0x4</size>
      </object_component>
      <object_component id="oc-1de">
         <name>.common:x</name>
         <uninitialized>true</uninitialized>
         <run_address>0x20000000</run_address>
         <size>0x1000</size>
      </object_component>
      <object_component id="oc-1dd">
         <name>.common:Pt</name>
         <uninitialized>true</uninitialized>
         <run_address>0x20003554</run_address>
         <size>0x4</size>
      </object_component>
      <object_component id="oc-1e0">
         <name>.common:I1</name>
         <uninitialized>true</uninitialized>
         <run_address>0x2000352c</run_address>
         <size>0x4</size>
      </object_component>
      <object_component id="oc-1df">
         <name>.common:LPFSum</name>
         <uninitialized>true</uninitialized>
         <run_address>0x20003530</run_address>
         <size>0x4</size>
      </object_component>
      <object_component id="oc-1e2">
         <name>.common:x2</name>
         <uninitialized>true</uninitialized>
         <run_address>0x20001000</run_address>
         <size>0x1000</size>
      </object_component>
      <object_component id="oc-1e1">
         <name>.common:Pt2</name>
         <uninitialized>true</uninitialized>
         <run_address>0x20003558</run_address>
         <size>0x4</size>
      </object_component>
      <object_component id="oc-1e3">
         <name>.common:LPFSum2</name>
         <uninitialized>true</uninitialized>
         <run_address>0x20003534</run_address>
         <size>0x4</size>
      </object_component>
      <object_component id="oc-1e5">
         <name>.common:x3</name>
         <uninitialized>true</uninitialized>
         <run_address>0x20002000</run_address>
         <size>0x1000</size>
      </object_component>
      <object_component id="oc-1e4">
         <name>.common:Pt3</name>
         <uninitialized>true</uninitialized>
         <run_address>0x2000355c</run_address>
         <size>0x4</size>
      </object_component>
      <object_component id="oc-1e6">
         <name>.common:LPFSum3</name>
         <uninitialized>true</uninitialized>
         <run_address>0x20003538</run_address>
         <size>0x4</size>
      </object_component>
      <object_component id="oc-139">
         <name>.common:WriteData</name>
         <uninitialized>true</uninitialized>
         <run_address>0x2000357d</run_address>
         <size>0x1</size>
      </object_component>
      <object_component id="oc-134">
         <name>.common:ReadData</name>
         <uninitialized>true</uninitialized>
         <run_address>0x2000357c</run_address>
         <size>0x1</size>
      </object_component>
      <object_component id="oc-137">
         <name>.common:NumSuccess</name>
         <uninitialized>true</uninitialized>
         <run_address>0x2000354c</run_address>
         <size>0x4</size>
      </object_component>
      <object_component id="oc-138">
         <name>.common:NumErrors</name>
         <uninitialized>true</uninitialized>
         <run_address>0x20003548</run_address>
         <size>0x4</size>
      </object_component>
      <object_component id="oc-13e">
         <name>.common:String</name>
         <uninitialized>true</uninitialized>
         <run_address>0x200034c4</run_address>
         <size>0x40</size>
      </object_component>
      <object_component id="oc-13d">
         <name>.common:MaxTime</name>
         <uninitialized>true</uninitialized>
         <run_address>0x2000353c</run_address>
         <size>0x4</size>
      </object_component>
      <object_component id="oc-14b">
         <name>.common:First</name>
         <uninitialized>true</uninitialized>
         <run_address>0x20003528</run_address>
         <size>0x4</size>
      </object_component>
      <object_component id="oc-14c">
         <name>.common:Elapsed</name>
         <uninitialized>true</uninitialized>
         <run_address>0x20003524</run_address>
         <size>0x4</size>
      </object_component>
      <object_component id="oc-15f">
         <name>.common:nr</name>
         <uninitialized>true</uninitialized>
         <run_address>0x20003570</run_address>
         <size>0x4</size>
      </object_component>
      <object_component id="oc-160">
         <name>.common:nc</name>
         <uninitialized>true</uninitialized>
         <run_address>0x20003568</run_address>
         <size>0x4</size>
      </object_component>
      <object_component id="oc-161">
         <name>.common:nl</name>
         <uninitialized>true</uninitialized>
         <run_address>0x2000356c</run_address>
         <size>0x4</size>
      </object_component>
      <object_component id="oc-162">
         <name>.common:bumpData</name>
         <uninitialized>true</uninitialized>
         <run_address>0x2000357e</run_address>
         <size>0x1</size>
      </object_component>
      <object_component id="oc-163">
         <name>.common:bumpFlag</name>
         <uninitialized>true</uninitialized>
         <run_address>0x2000357f</run_address>
         <size>0x1</size>
      </object_component>
      <object_component id="oc-164">
         <name>.common:Period0</name>
         <uninitialized>true</uninitialized>
         <run_address>0x20003578</run_address>
         <size>0x2</size>
      </object_component>
      <object_component id="oc-165">
         <name>.common:First0</name>
         <uninitialized>true</uninitialized>
         <run_address>0x20003574</run_address>
         <size>0x2</size>
      </object_component>
      <object_component id="oc-166">
         <name>.common:Done0</name>
         <uninitialized>true</uninitialized>
         <run_address>0x2000351c</run_address>
         <size>0x4</size>
      </object_component>
      <object_component id="oc-167">
         <name>.common:Period2</name>
         <uninitialized>true</uninitialized>
         <run_address>0x2000357a</run_address>
         <size>0x2</size>
      </object_component>
      <object_component id="oc-168">
         <name>.common:First2</name>
         <uninitialized>true</uninitialized>
         <run_address>0x20003576</run_address>
         <size>0x2</size>
      </object_component>
      <object_component id="oc-169">
         <name>.common:Done2</name>
         <uninitialized>true</uninitialized>
         <run_address>0x20003520</run_address>
         <size>0x4</size>
      </object_component>
      <object_component id="oc-dd">
         <name>.common:TimerA1Task</name>
         <uninitialized>true</uninitialized>
         <run_address>0x20003564</run_address>
         <size>0x4</size>
      </object_component>
      <object_component id="oc-1b8">
         <name>.common:Messageindexb</name>
         <uninitialized>true</uninitialized>
         <run_address>0x20003540</run_address>
         <size>0x4</size>
      </object_component>
      <object_component id="oc-1b5">
         <name>.common:Messageb</name>
         <uninitialized>true</uninitialized>
         <run_address>0x20003504</run_address>
         <size>0x8</size>
      </object_component>
      <object_component id="oc-2cb">
         <name>.common:__TI_tmpnams</name>
         <uninitialized>true</uninitialized>
         <run_address>0x20003320</run_address>
         <size>0xa0</size>
      </object_component>
      <object_component id="oc-2f3">
         <name>.common:parmbuf</name>
         <uninitialized>true</uninitialized>
         <run_address>0x20003514</run_address>
         <size>0x8</size>
      </object_component>
      <object_component id="oc-30">
         <name>.sysmem</name>
         <uninitialized>true</uninitialized>
         <run_address>0x20003580</run_address>
         <size>0x8</size>
         <input_file_ref idref="fl-f4"/>
      </object_component>
      <object_component id="oc-378">
         <name>.sysmem</name>
         <uninitialized>true</uninitialized>
         <run_address>0x20003580</run_address>
         <size>0x0</size>
      </object_component>
      <object_component id="oc-2f">
         <name>.stack</name>
         <uninitialized>true</uninitialized>
         <run_address>0x2000fe00</run_address>
         <size>0x0</size>
         <input_file_ref idref="fl-cf"/>
      </object_component>
      <object_component id="oc-377">
         <name>.stack</name>
         <uninitialized>true</uninitialized>
         <run_address>0x2000fe00</run_address>
         <size>0x0</size>
      </object_component>
      <object_component id="oc-1dc">
         <name>.debug_info</name>
         <load_address>0x0</load_address>
         <run_address>0x0</run_address>
         <size>0x55e</size>
         <input_file_ref idref="fl-2"/>
      </object_component>
      <object_component id="oc-140">
         <name>.debug_info</name>
         <load_address>0x55e</load_address>
         <run_address>0x55e</run_address>
         <size>0x769</size>
         <input_file_ref idref="fl-2"/>
      </object_component>
      <object_component id="oc-18c">
         <name>.debug_info</name>
         <load_address>0xcc7</load_address>
         <run_address>0xcc7</run_address>
         <size>0x37e2</size>
         <input_file_ref idref="fl-2"/>
      </object_component>
      <object_component id="oc-191">
         <name>.debug_info</name>
         <load_address>0x44a9</load_address>
         <run_address>0x44a9</run_address>
         <size>0x1055</size>
         <input_file_ref idref="fl-2"/>
      </object_component>
      <object_component id="oc-39">
         <name>.debug_info</name>
         <load_address>0x54fe</load_address>
         <run_address>0x54fe</run_address>
         <size>0x84</size>
         <input_file_ref idref="fl-2"/>
      </object_component>
      <object_component id="oc-e1">
         <name>.debug_info</name>
         <load_address>0x5582</load_address>
         <run_address>0x5582</run_address>
         <size>0x18b</size>
         <input_file_ref idref="fl-2"/>
      </object_component>
      <object_component id="oc-f7">
         <name>.debug_info</name>
         <load_address>0x570d</load_address>
         <run_address>0x570d</run_address>
         <size>0x58f</size>
         <input_file_ref idref="fl-3"/>
      </object_component>
      <object_component id="oc-91">
         <name>.debug_info</name>
         <load_address>0x5c9c</load_address>
         <run_address>0x5c9c</run_address>
         <size>0x3c5</size>
         <input_file_ref idref="fl-3"/>
      </object_component>
      <object_component id="oc-1b1">
         <name>.debug_info</name>
         <load_address>0x6061</load_address>
         <run_address>0x6061</run_address>
         <size>0x1c6</size>
         <input_file_ref idref="fl-4"/>
      </object_component>
      <object_component id="oc-11b">
         <name>.debug_info</name>
         <load_address>0x6227</load_address>
         <run_address>0x6227</run_address>
         <size>0x4d4</size>
         <input_file_ref idref="fl-4"/>
      </object_component>
      <object_component id="oc-121">
         <name>.debug_info</name>
         <load_address>0x66fb</load_address>
         <run_address>0x66fb</run_address>
         <size>0x495</size>
         <input_file_ref idref="fl-5"/>
      </object_component>
      <object_component id="oc-f2">
         <name>.debug_info</name>
         <load_address>0x6b90</load_address>
         <run_address>0x6b90</run_address>
         <size>0x6aa</size>
         <input_file_ref idref="fl-6"/>
      </object_component>
      <object_component id="oc-8b">
         <name>.debug_info</name>
         <load_address>0x723a</load_address>
         <run_address>0x723a</run_address>
         <size>0x153d</size>
         <input_file_ref idref="fl-6"/>
      </object_component>
      <object_component id="oc-19b">
         <name>.debug_info</name>
         <load_address>0x8777</load_address>
         <run_address>0x8777</run_address>
         <size>0x314</size>
         <input_file_ref idref="fl-7"/>
      </object_component>
      <object_component id="oc-ec">
         <name>.debug_info</name>
         <load_address>0x8a8b</load_address>
         <run_address>0x8a8b</run_address>
         <size>0x771</size>
         <input_file_ref idref="fl-7"/>
      </object_component>
      <object_component id="oc-216">
         <name>.debug_info</name>
         <load_address>0x91fc</load_address>
         <run_address>0x91fc</run_address>
         <size>0x76</size>
         <input_file_ref idref="fl-7"/>
      </object_component>
      <object_component id="oc-16b">
         <name>.debug_info</name>
         <load_address>0x9272</load_address>
         <run_address>0x9272</run_address>
         <size>0x1431</size>
         <input_file_ref idref="fl-8"/>
      </object_component>
      <object_component id="oc-13b">
         <name>.debug_info</name>
         <load_address>0xa6a3</load_address>
         <run_address>0xa6a3</run_address>
         <size>0x675</size>
         <input_file_ref idref="fl-9"/>
      </object_component>
      <object_component id="oc-146">
         <name>.debug_info</name>
         <load_address>0xad18</load_address>
         <run_address>0xad18</run_address>
         <size>0x86c</size>
         <input_file_ref idref="fl-9"/>
      </object_component>
      <object_component id="oc-135">
         <name>.debug_info</name>
         <load_address>0xb584</load_address>
         <run_address>0xb584</run_address>
         <size>0xfe2</size>
         <input_file_ref idref="fl-a"/>
      </object_component>
      <object_component id="oc-132">
         <name>.debug_info</name>
         <load_address>0xc566</load_address>
         <run_address>0xc566</run_address>
         <size>0xe8</size>
         <input_file_ref idref="fl-a"/>
      </object_component>
      <object_component id="oc-c5">
         <name>.debug_info</name>
         <load_address>0xc64e</load_address>
         <run_address>0xc64e</run_address>
         <size>0x271a</size>
         <input_file_ref idref="fl-a"/>
      </object_component>
      <object_component id="oc-ac">
         <name>.debug_info</name>
         <load_address>0xed68</load_address>
         <run_address>0xed68</run_address>
         <size>0x2c</size>
         <input_file_ref idref="fl-a"/>
      </object_component>
      <object_component id="oc-157">
         <name>.debug_info</name>
         <load_address>0xed94</load_address>
         <run_address>0xed94</run_address>
         <size>0x438</size>
         <input_file_ref idref="fl-b"/>
      </object_component>
      <object_component id="oc-14f">
         <name>.debug_info</name>
         <load_address>0xf1cc</load_address>
         <run_address>0xf1cc</run_address>
         <size>0x765</size>
         <input_file_ref idref="fl-c"/>
      </object_component>
      <object_component id="oc-1eb">
         <name>.debug_info</name>
         <load_address>0xf931</load_address>
         <run_address>0xf931</run_address>
         <size>0x75b</size>
         <input_file_ref idref="fl-d"/>
      </object_component>
      <object_component id="oc-1f4">
         <name>.debug_info</name>
         <load_address>0x1008c</load_address>
         <run_address>0x1008c</run_address>
         <size>0x5ad</size>
         <input_file_ref idref="fl-e"/>
      </object_component>
      <object_component id="oc-1f1">
         <name>.debug_info</name>
         <load_address>0x10639</load_address>
         <run_address>0x10639</run_address>
         <size>0x116</size>
         <input_file_ref idref="fl-e"/>
      </object_component>
      <object_component id="oc-15c">
         <name>.debug_info</name>
         <load_address>0x1074f</load_address>
         <run_address>0x1074f</run_address>
         <size>0xae6</size>
         <input_file_ref idref="fl-e"/>
      </object_component>
      <object_component id="oc-260">
         <name>.debug_info</name>
         <load_address>0x11235</load_address>
         <run_address>0x11235</run_address>
         <size>0x37e2</size>
         <input_file_ref idref="fl-e"/>
      </object_component>
      <object_component id="oc-12c">
         <name>.debug_info</name>
         <load_address>0x14a17</load_address>
         <run_address>0x14a17</run_address>
         <size>0x219</size>
         <input_file_ref idref="fl-f"/>
      </object_component>
      <object_component id="oc-ea">
         <name>.debug_info</name>
         <load_address>0x14c30</load_address>
         <run_address>0x14c30</run_address>
         <size>0x574</size>
         <input_file_ref idref="fl-10"/>
      </object_component>
      <object_component id="oc-e7">
         <name>.debug_info</name>
         <load_address>0x151a4</load_address>
         <run_address>0x151a4</run_address>
         <size>0x14e</size>
         <input_file_ref idref="fl-10"/>
      </object_component>
      <object_component id="oc-86">
         <name>.debug_info</name>
         <load_address>0x152f2</load_address>
         <run_address>0x152f2</run_address>
         <size>0x499</size>
         <input_file_ref idref="fl-10"/>
      </object_component>
      <object_component id="oc-de">
         <name>.debug_info</name>
         <load_address>0x1578b</load_address>
         <run_address>0x1578b</run_address>
         <size>0x589</size>
         <input_file_ref idref="fl-11"/>
      </object_component>
      <object_component id="oc-80">
         <name>.debug_info</name>
         <load_address>0x15d14</load_address>
         <run_address>0x15d14</run_address>
         <size>0x372</size>
         <input_file_ref idref="fl-11"/>
      </object_component>
      <object_component id="oc-1b6">
         <name>.debug_info</name>
         <load_address>0x16086</load_address>
         <run_address>0x16086</run_address>
         <size>0x79c</size>
         <input_file_ref idref="fl-12"/>
      </object_component>
      <object_component id="oc-126">
         <name>.debug_info</name>
         <load_address>0x16822</load_address>
         <run_address>0x16822</run_address>
         <size>0x1dda</size>
         <input_file_ref idref="fl-12"/>
      </object_component>
      <object_component id="oc-21f">
         <name>.debug_info</name>
         <load_address>0x185fc</load_address>
         <run_address>0x185fc</run_address>
         <size>0xc8</size>
         <input_file_ref idref="fl-12"/>
      </object_component>
      <object_component id="oc-1cf">
         <name>.debug_info</name>
         <load_address>0x186c4</load_address>
         <run_address>0x186c4</run_address>
         <size>0x2c</size>
         <input_file_ref idref="fl-12"/>
      </object_component>
      <object_component id="oc-98">
         <name>.debug_info</name>
         <load_address>0x186f0</load_address>
         <run_address>0x186f0</run_address>
         <size>0x2c6</size>
         <input_file_ref idref="fl-13"/>
      </object_component>
      <object_component id="oc-2d">
         <name>.debug_info</name>
         <load_address>0x189b6</load_address>
         <run_address>0x189b6</run_address>
         <size>0x104</size>
         <input_file_ref idref="fl-13"/>
      </object_component>
      <object_component id="oc-7b">
         <name>.debug_info</name>
         <load_address>0x18aba</load_address>
         <run_address>0x18aba</run_address>
         <size>0x1cb</size>
         <input_file_ref idref="fl-13"/>
      </object_component>
      <object_component id="oc-187">
         <name>.debug_info</name>
         <load_address>0x18c85</load_address>
         <run_address>0x18c85</run_address>
         <size>0xfd</size>
         <input_file_ref idref="fl-14"/>
      </object_component>
      <object_component id="oc-d8">
         <name>.debug_info</name>
         <load_address>0x18d82</load_address>
         <run_address>0x18d82</run_address>
         <size>0x26f</size>
         <input_file_ref idref="fl-14"/>
      </object_component>
      <object_component id="oc-235">
         <name>.debug_info</name>
         <load_address>0x18ff1</load_address>
         <run_address>0x18ff1</run_address>
         <size>0x430</size>
         <input_file_ref idref="fl-ce"/>
      </object_component>
      <object_component id="oc-1bb">
         <name>.debug_info</name>
         <load_address>0x19421</load_address>
         <run_address>0x19421</run_address>
         <size>0x2d0</size>
         <input_file_ref idref="fl-ce"/>
      </object_component>
      <object_component id="oc-2ae">
         <name>.debug_info</name>
         <load_address>0x196f1</load_address>
         <run_address>0x196f1</run_address>
         <size>0xea</size>
         <input_file_ref idref="fl-ce"/>
      </object_component>
      <object_component id="oc-2a9">
         <name>.debug_info</name>
         <load_address>0x197db</load_address>
         <run_address>0x197db</run_address>
         <size>0x2c</size>
         <input_file_ref idref="fl-ce"/>
      </object_component>
      <object_component id="oc-27">
         <name>.debug_info</name>
         <load_address>0x19807</load_address>
         <run_address>0x19807</run_address>
         <size>0x160</size>
         <input_file_ref idref="fl-cf"/>
      </object_component>
      <object_component id="oc-a2">
         <name>.debug_info</name>
         <load_address>0x19967</load_address>
         <run_address>0x19967</run_address>
         <size>0x293</size>
         <input_file_ref idref="fl-d0"/>
      </object_component>
      <object_component id="oc-18">
         <name>.debug_info</name>
         <load_address>0x19bfa</load_address>
         <run_address>0x19bfa</run_address>
         <size>0x245</size>
         <input_file_ref idref="fl-d0"/>
      </object_component>
      <object_component id="oc-34">
         <name>.debug_info</name>
         <load_address>0x19e3f</load_address>
         <run_address>0x19e3f</run_address>
         <size>0x60</size>
         <input_file_ref idref="fl-d0"/>
      </object_component>
      <object_component id="oc-9d">
         <name>.debug_info</name>
         <load_address>0x19e9f</load_address>
         <run_address>0x19e9f</run_address>
         <size>0x46</size>
         <input_file_ref idref="fl-d0"/>
      </object_component>
      <object_component id="oc-49">
         <name>.debug_info</name>
         <load_address>0x19ee5</load_address>
         <run_address>0x19ee5</run_address>
         <size>0x2da</size>
         <input_file_ref idref="fl-d1"/>
      </object_component>
      <object_component id="oc-1d">
         <name>.debug_info</name>
         <load_address>0x1a1bf</load_address>
         <run_address>0x1a1bf</run_address>
         <size>0x1df</size>
         <input_file_ref idref="fl-d1"/>
      </object_component>
      <object_component id="oc-44">
         <name>.debug_info</name>
         <load_address>0x1a39e</load_address>
         <run_address>0x1a39e</run_address>
         <size>0x46</size>
         <input_file_ref idref="fl-d1"/>
      </object_component>
      <object_component id="oc-a4">
         <name>.debug_info</name>
         <load_address>0x1a3e4</load_address>
         <run_address>0x1a3e4</run_address>
         <size>0x2c</size>
         <input_file_ref idref="fl-d1"/>
      </object_component>
      <object_component id="oc-55">
         <name>.debug_info</name>
         <load_address>0x1a410</load_address>
         <run_address>0x1a410</run_address>
         <size>0x2c9</size>
         <input_file_ref idref="fl-d2"/>
      </object_component>
      <object_component id="oc-22">
         <name>.debug_info</name>
         <load_address>0x1a6d9</load_address>
         <run_address>0x1a6d9</run_address>
         <size>0x1aa</size>
         <input_file_ref idref="fl-d2"/>
      </object_component>
      <object_component id="oc-50">
         <name>.debug_info</name>
         <load_address>0x1a883</load_address>
         <run_address>0x1a883</run_address>
         <size>0x46</size>
         <input_file_ref idref="fl-d2"/>
      </object_component>
      <object_component id="oc-257">
         <name>.debug_info</name>
         <load_address>0x1a8c9</load_address>
         <run_address>0x1a8c9</run_address>
         <size>0x139</size>
         <input_file_ref idref="fl-d3"/>
      </object_component>
      <object_component id="oc-1cc">
         <name>.debug_info</name>
         <load_address>0x1aa02</load_address>
         <run_address>0x1aa02</run_address>
         <size>0xf7</size>
         <input_file_ref idref="fl-d3"/>
      </object_component>
      <object_component id="oc-243">
         <name>.debug_info</name>
         <load_address>0x1aaf9</load_address>
         <run_address>0x1aaf9</run_address>
         <size>0x184</size>
         <input_file_ref idref="fl-d3"/>
      </object_component>
      <object_component id="oc-2d2">
         <name>.debug_info</name>
         <load_address>0x1ac7d</load_address>
         <run_address>0x1ac7d</run_address>
         <size>0xae</size>
         <input_file_ref idref="fl-d3"/>
      </object_component>
      <object_component id="oc-d2">
         <name>.debug_info</name>
         <load_address>0x1ad2b</load_address>
         <run_address>0x1ad2b</run_address>
         <size>0x3ce</size>
         <input_file_ref idref="fl-d4"/>
      </object_component>
      <object_component id="oc-cc">
         <name>.debug_info</name>
         <load_address>0x1b0f9</load_address>
         <run_address>0x1b0f9</run_address>
         <size>0x185</size>
         <input_file_ref idref="fl-d4"/>
      </object_component>
      <object_component id="oc-72">
         <name>.debug_info</name>
         <load_address>0x1b27e</load_address>
         <run_address>0x1b27e</run_address>
         <size>0x214</size>
         <input_file_ref idref="fl-d4"/>
      </object_component>
      <object_component id="oc-206">
         <name>.debug_info</name>
         <load_address>0x1b492</load_address>
         <run_address>0x1b492</run_address>
         <size>0x144</size>
         <input_file_ref idref="fl-d5"/>
      </object_component>
      <object_component id="oc-200">
         <name>.debug_info</name>
         <load_address>0x1b5d6</load_address>
         <run_address>0x1b5d6</run_address>
         <size>0x132</size>
         <input_file_ref idref="fl-d6"/>
      </object_component>
      <object_component id="oc-1fc">
         <name>.debug_info</name>
         <load_address>0x1b708</load_address>
         <run_address>0x1b708</run_address>
         <size>0x132</size>
         <input_file_ref idref="fl-d7"/>
      </object_component>
      <object_component id="oc-20b">
         <name>.debug_info</name>
         <load_address>0x1b83a</load_address>
         <run_address>0x1b83a</run_address>
         <size>0x131</size>
         <input_file_ref idref="fl-d8"/>
      </object_component>
      <object_component id="oc-247">
         <name>.debug_info</name>
         <load_address>0x1b96b</load_address>
         <run_address>0x1b96b</run_address>
         <size>0x3d6</size>
         <input_file_ref idref="fl-d9"/>
      </object_component>
      <object_component id="oc-1c1">
         <name>.debug_info</name>
         <load_address>0x1bd41</load_address>
         <run_address>0x1bd41</run_address>
         <size>0x455</size>
         <input_file_ref idref="fl-d9"/>
      </object_component>
      <object_component id="oc-fe">
         <name>.debug_info</name>
         <load_address>0x1c196</load_address>
         <run_address>0x1c196</run_address>
         <size>0x2c</size>
         <input_file_ref idref="fl-d9"/>
      </object_component>
      <object_component id="oc-277">
         <name>.debug_info</name>
         <load_address>0x1c1c2</load_address>
         <run_address>0x1c1c2</run_address>
         <size>0x417</size>
         <input_file_ref idref="fl-da"/>
      </object_component>
      <object_component id="oc-227">
         <name>.debug_info</name>
         <load_address>0x1c5d9</load_address>
         <run_address>0x1c5d9</run_address>
         <size>0x282</size>
         <input_file_ref idref="fl-da"/>
      </object_component>
      <object_component id="oc-1f7">
         <name>.debug_info</name>
         <load_address>0x1c85b</load_address>
         <run_address>0x1c85b</run_address>
         <size>0x124</size>
         <input_file_ref idref="fl-db"/>
      </object_component>
      <object_component id="oc-3f">
         <name>.debug_info</name>
         <load_address>0x1c97f</load_address>
         <run_address>0x1c97f</run_address>
         <size>0x111</size>
         <input_file_ref idref="fl-dc"/>
      </object_component>
      <object_component id="oc-4c">
         <name>.debug_info</name>
         <load_address>0x1ca90</load_address>
         <run_address>0x1ca90</run_address>
         <size>0x13f</size>
         <input_file_ref idref="fl-dd"/>
      </object_component>
      <object_component id="oc-57">
         <name>.debug_info</name>
         <load_address>0x1cbcf</load_address>
         <run_address>0x1cbcf</run_address>
         <size>0x138</size>
         <input_file_ref idref="fl-de"/>
      </object_component>
      <object_component id="oc-2b8">
         <name>.debug_info</name>
         <load_address>0x1cd07</load_address>
         <run_address>0x1cd07</run_address>
         <size>0x3f7</size>
         <input_file_ref idref="fl-df"/>
      </object_component>
      <object_component id="oc-238">
         <name>.debug_info</name>
         <load_address>0x1d0fe</load_address>
         <run_address>0x1d0fe</run_address>
         <size>0x23a</size>
         <input_file_ref idref="fl-df"/>
      </object_component>
      <object_component id="oc-30b">
         <name>.debug_info</name>
         <load_address>0x1d338</load_address>
         <run_address>0x1d338</run_address>
         <size>0x120</size>
         <input_file_ref idref="fl-df"/>
      </object_component>
      <object_component id="oc-60">
         <name>.debug_info</name>
         <load_address>0x1d458</load_address>
         <run_address>0x1d458</run_address>
         <size>0x148</size>
         <input_file_ref idref="fl-e0"/>
      </object_component>
      <object_component id="oc-24f">
         <name>.debug_info</name>
         <load_address>0x1d5a0</load_address>
         <run_address>0x1d5a0</run_address>
         <size>0x35a</size>
         <input_file_ref idref="fl-e1"/>
      </object_component>
      <object_component id="oc-1c8">
         <name>.debug_info</name>
         <load_address>0x1d8fa</load_address>
         <run_address>0x1d8fa</run_address>
         <size>0x200</size>
         <input_file_ref idref="fl-e1"/>
      </object_component>
      <object_component id="oc-250">
         <name>.debug_info</name>
         <load_address>0x1dafa</load_address>
         <run_address>0x1dafa</run_address>
         <size>0xbb</size>
         <input_file_ref idref="fl-e1"/>
      </object_component>
      <object_component id="oc-75">
         <name>.debug_info</name>
         <load_address>0x1dbb5</load_address>
         <run_address>0x1dbb5</run_address>
         <size>0x109</size>
         <input_file_ref idref="fl-e2"/>
      </object_component>
      <object_component id="oc-2e2">
         <name>.debug_info</name>
         <load_address>0x1dcbe</load_address>
         <run_address>0x1dcbe</run_address>
         <size>0x28f</size>
         <input_file_ref idref="fl-e3"/>
      </object_component>
      <object_component id="oc-271">
         <name>.debug_info</name>
         <load_address>0x1df4d</load_address>
         <run_address>0x1df4d</run_address>
         <size>0x244</size>
         <input_file_ref idref="fl-e3"/>
      </object_component>
      <object_component id="oc-2e0">
         <name>.debug_info</name>
         <load_address>0x1e191</load_address>
         <run_address>0x1e191</run_address>
         <size>0x27f</size>
         <input_file_ref idref="fl-e4"/>
      </object_component>
      <object_component id="oc-26b">
         <name>.debug_info</name>
         <load_address>0x1e410</load_address>
         <run_address>0x1e410</run_address>
         <size>0x258</size>
         <input_file_ref idref="fl-e4"/>
      </object_component>
      <object_component id="oc-279">
         <name>.debug_info</name>
         <load_address>0x1e668</load_address>
         <run_address>0x1e668</run_address>
         <size>0x290</size>
         <input_file_ref idref="fl-e5"/>
      </object_component>
      <object_component id="oc-22d">
         <name>.debug_info</name>
         <load_address>0x1e8f8</load_address>
         <run_address>0x1e8f8</run_address>
         <size>0x259</size>
         <input_file_ref idref="fl-e5"/>
      </object_component>
      <object_component id="oc-2a6">
         <name>.debug_info</name>
         <load_address>0x1eb51</load_address>
         <run_address>0x1eb51</run_address>
         <size>0x4c5</size>
         <input_file_ref idref="fl-e6"/>
      </object_component>
      <object_component id="oc-232">
         <name>.debug_info</name>
         <load_address>0x1f016</load_address>
         <run_address>0x1f016</run_address>
         <size>0xf8</size>
         <input_file_ref idref="fl-e6"/>
      </object_component>
      <object_component id="oc-2b5">
         <name>.debug_info</name>
         <load_address>0x1f10e</load_address>
         <run_address>0x1f10e</run_address>
         <size>0xf8</size>
         <input_file_ref idref="fl-e6"/>
      </object_component>
      <object_component id="oc-315">
         <name>.debug_info</name>
         <load_address>0x1f206</load_address>
         <run_address>0x1f206</run_address>
         <size>0x184</size>
         <input_file_ref idref="fl-e6"/>
      </object_component>
      <object_component id="oc-182">
         <name>.debug_info</name>
         <load_address>0x1f38a</load_address>
         <run_address>0x1f38a</run_address>
         <size>0x2be</size>
         <input_file_ref idref="fl-e7"/>
      </object_component>
      <object_component id="oc-cf">
         <name>.debug_info</name>
         <load_address>0x1f648</load_address>
         <run_address>0x1f648</run_address>
         <size>0x113</size>
         <input_file_ref idref="fl-e7"/>
      </object_component>
      <object_component id="oc-17b">
         <name>.debug_info</name>
         <load_address>0x1f75b</load_address>
         <run_address>0x1f75b</run_address>
         <size>0x21f</size>
         <input_file_ref idref="fl-e7"/>
      </object_component>
      <object_component id="oc-ca">
         <name>.debug_info</name>
         <load_address>0x1f97a</load_address>
         <run_address>0x1f97a</run_address>
         <size>0x300</size>
         <input_file_ref idref="fl-e8"/>
      </object_component>
      <object_component id="oc-69">
         <name>.debug_info</name>
         <load_address>0x1fc7a</load_address>
         <run_address>0x1fc7a</run_address>
         <size>0x167</size>
         <input_file_ref idref="fl-e8"/>
      </object_component>
      <object_component id="oc-173">
         <name>.debug_info</name>
         <load_address>0x1fde1</load_address>
         <run_address>0x1fde1</run_address>
         <size>0x5e</size>
         <input_file_ref idref="fl-e8"/>
      </object_component>
      <object_component id="oc-c2">
         <name>.debug_info</name>
         <load_address>0x1fe3f</load_address>
         <run_address>0x1fe3f</run_address>
         <size>0x483</size>
         <input_file_ref idref="fl-e9"/>
      </object_component>
      <object_component id="oc-64">
         <name>.debug_info</name>
         <load_address>0x202c2</load_address>
         <run_address>0x202c2</run_address>
         <size>0x190</size>
         <input_file_ref idref="fl-e9"/>
      </object_component>
      <object_component id="oc-10f">
         <name>.debug_info</name>
         <load_address>0x20452</load_address>
         <run_address>0x20452</run_address>
         <size>0x39</size>
         <input_file_ref idref="fl-e9"/>
      </object_component>
      <object_component id="oc-1ab">
         <name>.debug_info</name>
         <load_address>0x2048b</load_address>
         <run_address>0x2048b</run_address>
         <size>0x39</size>
         <input_file_ref idref="fl-e9"/>
      </object_component>
      <object_component id="oc-114">
         <name>.debug_info</name>
         <load_address>0x204c4</load_address>
         <run_address>0x204c4</run_address>
         <size>0xcd</size>
         <input_file_ref idref="fl-e9"/>
      </object_component>
      <object_component id="oc-10b">
         <name>.debug_info</name>
         <load_address>0x20591</load_address>
         <run_address>0x20591</run_address>
         <size>0x37a</size>
         <input_file_ref idref="fl-ea"/>
      </object_component>
      <object_component id="oc-b7">
         <name>.debug_info</name>
         <load_address>0x2090b</load_address>
         <run_address>0x2090b</run_address>
         <size>0x183</size>
         <input_file_ref idref="fl-ea"/>
      </object_component>
      <object_component id="oc-1a6">
         <name>.debug_info</name>
         <load_address>0x20a8e</load_address>
         <run_address>0x20a8e</run_address>
         <size>0x2c</size>
         <input_file_ref idref="fl-ea"/>
      </object_component>
      <object_component id="oc-2cd">
         <name>.debug_info</name>
         <load_address>0x20aba</load_address>
         <run_address>0x20aba</run_address>
         <size>0x39a</size>
         <input_file_ref idref="fl-eb"/>
      </object_component>
      <object_component id="oc-23f">
         <name>.debug_info</name>
         <load_address>0x20e54</load_address>
         <run_address>0x20e54</run_address>
         <size>0x298</size>
         <input_file_ref idref="fl-eb"/>
      </object_component>
      <object_component id="oc-31b">
         <name>.debug_info</name>
         <load_address>0x210ec</load_address>
         <run_address>0x210ec</run_address>
         <size>0x33c</size>
         <input_file_ref idref="fl-ec"/>
      </object_component>
      <object_component id="oc-2bc">
         <name>.debug_info</name>
         <load_address>0x21428</load_address>
         <run_address>0x21428</run_address>
         <size>0x25a</size>
         <input_file_ref idref="fl-ec"/>
      </object_component>
      <object_component id="oc-2f8">
         <name>.debug_info</name>
         <load_address>0x21682</load_address>
         <run_address>0x21682</run_address>
         <size>0x368</size>
         <input_file_ref idref="fl-ed"/>
      </object_component>
      <object_component id="oc-281">
         <name>.debug_info</name>
         <load_address>0x219ea</load_address>
         <run_address>0x219ea</run_address>
         <size>0x1b1</size>
         <input_file_ref idref="fl-ed"/>
      </object_component>
      <object_component id="oc-2fe">
         <name>.debug_info</name>
         <load_address>0x21b9b</load_address>
         <run_address>0x21b9b</run_address>
         <size>0x36d</size>
         <input_file_ref idref="fl-ee"/>
      </object_component>
      <object_component id="oc-295">
         <name>.debug_info</name>
         <load_address>0x21f08</load_address>
         <run_address>0x21f08</run_address>
         <size>0x205</size>
         <input_file_ref idref="fl-ee"/>
      </object_component>
      <object_component id="oc-2f4">
         <name>.debug_info</name>
         <load_address>0x2210d</load_address>
         <run_address>0x2210d</run_address>
         <size>0x3cb</size>
         <input_file_ref idref="fl-ef"/>
      </object_component>
      <object_component id="oc-27b">
         <name>.debug_info</name>
         <load_address>0x224d8</load_address>
         <run_address>0x224d8</run_address>
         <size>0x201</size>
         <input_file_ref idref="fl-ef"/>
      </object_component>
      <object_component id="oc-2fa">
         <name>.debug_info</name>
         <load_address>0x226d9</load_address>
         <run_address>0x226d9</run_address>
         <size>0x36c</size>
         <input_file_ref idref="fl-f0"/>
      </object_component>
      <object_component id="oc-287">
         <name>.debug_info</name>
         <load_address>0x22a45</load_address>
         <run_address>0x22a45</run_address>
         <size>0x1f0</size>
         <input_file_ref idref="fl-f0"/>
      </object_component>
      <object_component id="oc-308">
         <name>.debug_info</name>
         <load_address>0x22c35</load_address>
         <run_address>0x22c35</run_address>
         <size>0x3f3</size>
         <input_file_ref idref="fl-f1"/>
      </object_component>
      <object_component id="oc-29f">
         <name>.debug_info</name>
         <load_address>0x23028</load_address>
         <run_address>0x23028</run_address>
         <size>0x22b</size>
         <input_file_ref idref="fl-f1"/>
      </object_component>
      <object_component id="oc-300">
         <name>.debug_info</name>
         <load_address>0x23253</load_address>
         <run_address>0x23253</run_address>
         <size>0x3be</size>
         <input_file_ref idref="fl-f2"/>
      </object_component>
      <object_component id="oc-299">
         <name>.debug_info</name>
         <load_address>0x23611</load_address>
         <run_address>0x23611</run_address>
         <size>0x1bb</size>
         <input_file_ref idref="fl-f2"/>
      </object_component>
      <object_component id="oc-2fc">
         <name>.debug_info</name>
         <load_address>0x237cc</load_address>
         <run_address>0x237cc</run_address>
         <size>0x36d</size>
         <input_file_ref idref="fl-f3"/>
      </object_component>
      <object_component id="oc-28d">
         <name>.debug_info</name>
         <load_address>0x23b39</load_address>
         <run_address>0x23b39</run_address>
         <size>0x1f5</size>
         <input_file_ref idref="fl-f3"/>
      </object_component>
      <object_component id="oc-9b">
         <name>.debug_info</name>
         <load_address>0x23d2e</load_address>
         <run_address>0x23d2e</run_address>
         <size>0x3bc</size>
         <input_file_ref idref="fl-f4"/>
      </object_component>
      <object_component id="oc-31">
         <name>.debug_info</name>
         <load_address>0x240ea</load_address>
         <run_address>0x240ea</run_address>
         <size>0x101</size>
         <input_file_ref idref="fl-f4"/>
      </object_component>
      <object_component id="oc-2d8">
         <name>.debug_info</name>
[...]
      </symbol>
      <symbol id="sm-574">
         <name>SystemCoreClockUpdate</name>
         <value>0x3569</value>
         <object_component_ref idref="oc-d6"/>
      </symbol>
      <symbol id="sm-575">
         <name>SystemCoreClock</name>
         <value>0x20003ba0</value>
         <object_component_ref idref="oc-186"/>
      </symbol>
      <symbol id="sm-59a">
         <name>add_device</name>
         <value>0x5339</value>
         <object_component_ref idref="oc-1b9"/>
      </symbol>
      <symbol id="sm-5ab">
         <name>_c_int00</name>
         <value>0x5a35</value>
         <object_component_ref idref="oc-26"/>
      </symbol>
      <symbol id="sm-5ac">
         <name>__stack</name>
         <value>0x2000fe00</value>
         <object_component_ref idref="oc-2f"/>
      </symbol>
      <symbol id="sm-5ca">
         <name>__TI_decompress_lzss</name>
         <value>0x5729</value>
         <object_component_ref idref="oc-14"/>
      </symbol>
      <symbol id="sm-5e1">
         <name>__TI_decompress_none</name>
         <value>0x5d95</value>
         <object_component_ref idref="oc-1a"/>
      </symbol>
      <symbol id="sm-5f3">
         <name>__TI_zero_init</name>
         <value>0x5db1</value>
         <object_component_ref idref="oc-20"/>
      </symbol>
      <symbol id="sm-60d">
         <name>__TI_tmpnams</name>
         <value>0x20003320</value>
      </symbol>
      <symbol id="sm-60e">
         <name>__aeabi_stdout</name>
         <value>0x20003b58</value>
         <object_component_ref idref="oc-242"/>
      </symbol>
      <symbol id="sm-60f">
         <name>__aeabi_stderr</name>
         <value>0x20003b5c</value>
         <object_component_ref idref="oc-242"/>
      </symbol>
      <symbol id="sm-610">
         <name>__aeabi_stdin</name>
         <value>0x20003b54</value>
         <object_component_ref idref="oc-242"/>
      </symbol>
      <symbol id="sm-611">
         <name>_ftable</name>
         <value>0x20003980</value>
         <object_component_ref idref="oc-1cb"/>
      </symbol>
      <symbol id="sm-612">
         <name>__TI_ft_end</name>
         <value>0x20003b50</value>
         <object_component_ref idref="oc-242"/>
      </symbol>
      <symbol id="sm-633">
         <name>C$$EXIT</name>
         <value>0x5a89</value>
         <object_component_ref idref="oc-6e"/>
      </symbol>
      <symbol id="sm-634">
         <name>abort</name>
         <value>0x5a8d</value>
         <object_component_ref idref="oc-6e"/>
      </symbol>
      <symbol id="sm-635">
         <name>exit</name>
         <value>0x5a95</value>
         <object_component_ref idref="oc-6e"/>
      </symbol>
      <symbol id="sm-636">
         <name>__TI_dtors_ptr</name>
         <value>0x20003b64</value>
         <object_component_ref idref="oc-cb"/>
      </symbol>
      <symbol id="sm-637">
         <name>__TI_cleanup_ptr</name>
         <value>0x20003b60</value>
         <object_component_ref idref="oc-cb"/>
      </symbol>
      <symbol id="sm-638">
         <name>__TI_enable_exit_profile_output</name>
         <value>0x20003b68</value>
         <object_component_ref idref="oc-cb"/>
      </symbol>
      <symbol id="sm-64f">
         <name>__aeabi_dsub</name>
         <value>0x4801</value>
         <object_component_ref idref="oc-204"/>
      </symbol>
      <symbol id="sm-650">
         <name>__aeabi_dadd</name>
         <value>0x480b</value>
         <object_component_ref idref="oc-204"/>
      </symbol>
      <symbol id="sm-664">
         <name>__aeabi_ddiv</name>
         <value>0x4b69</value>
         <object_component_ref idref="oc-1ff"/>
      </symbol>
      <symbol id="sm-66f">
         <name>__aeabi_dmul</name>
         <value>0x4ee9</value>
         <object_component_ref idref="oc-1fa"/>
      </symbol>
      <symbol id="sm-679">
         <name>__aeabi_d2uiz</name>
         <value>0x5b29</value>
         <object_component_ref idref="oc-209"/>
      </symbol>
      <symbol id="sm-6b0">
         <name>__TI_cleanup</name>
         <value>0x4705</value>
         <object_component_ref idref="oc-1bf"/>
      </symbol>
      <symbol id="sm-6b1">
         <name>freopen</name>
         <value>0x4731</value>
         <object_component_ref idref="oc-1bf"/>
      </symbol>
      <symbol id="sm-6b2">
         <name>fopen</name>
         <value>0x475b</value>
         <object_component_ref idref="oc-1bf"/>
      </symbol>
      <symbol id="sm-6c7">
         <name>finddevice</name>
         <value>0x56b9</value>
         <object_component_ref idref="oc-224"/>
      </symbol>
      <symbol id="sm-6c8">
         <name>getdevice</name>
         <value>0x56e3</value>
         <object_component_ref idref="oc-224"/>
      </symbol>
      <symbol id="sm-6d2">
         <name>__aeabi_i2d</name>
         <value>0x5c6b</value>
         <object_component_ref idref="oc-1f5"/>
      </symbol>
      <symbol id="sm-6ed">
         <name>memcpy</name>
         <value>0x5499</value>
         <object_component_ref idref="oc-3e"/>
      </symbol>
      <symbol id="sm-6ee">
         <name>__aeabi_memcpy</name>
         <value>0x5499</value>
         <object_component_ref idref="oc-3e"/>
      </symbol>
      <symbol id="sm-6ef">
         <name>__aeabi_memcpy8</name>
         <value>0x5499</value>
         <object_component_ref idref="oc-3e"/>
      </symbol>
      <symbol id="sm-6f0">
         <name>__aeabi_memcpy4</name>
         <value>0x5499</value>
         <object_component_ref idref="oc-3e"/>
      </symbol>
      <symbol id="sm-6ff">
         <name>__aeabi_memset</name>
         <value>0x55cf</value>
         <object_component_ref idref="oc-4a"/>
      </symbol>
      <symbol id="sm-700">
         <name>memset</name>
         <value>0x55d5</value>
         <object_component_ref idref="oc-4a"/>
      </symbol>
      <symbol id="sm-701">
         <name>__aeabi_memset8</name>
         <value>0x55cf</value>
         <object_component_ref idref="oc-4a"/>
      </symbol>
      <symbol id="sm-702">
         <name>__aeabi_memset4</name>
         <value>0x55cf</value>
         <object_component_ref idref="oc-4a"/>
      </symbol>
      <symbol id="sm-703">
         <name>__aeabi_memclr8</name>
         <value>0x55cd</value>
         <object_component_ref idref="oc-4a"/>
      </symbol>
      <symbol id="sm-704">
         <name>__aeabi_memclr4</name>
         <value>0x55cd</value>
         <object_component_ref idref="oc-4a"/>
      </symbol>
      <symbol id="sm-705">
         <name>__aeabi_memclr</name>
         <value>0x55cd</value>
         <object_component_ref idref="oc-4a"/>
      </symbol>
      <symbol id="sm-70f">
         <name>__mpu_init</name>
         <value>0x3197</value>
         <object_component_ref idref="oc-56"/>
      </symbol>
      <symbol id="sm-731">
         <name>open</name>
         <value>0x527d</value>
         <object_component_ref idref="oc-236"/>
      </symbol>
      <symbol id="sm-73b">
         <name>_system_pre_init</name>
         <value>0x5dbd</value>
         <object_component_ref idref="oc-5c"/>
      </symbol>
      <symbol id="sm-75c">
         <name>setvbuf</name>
         <value>0x50d9</value>
         <object_component_ref idref="oc-1c5"/>
      </symbol>
      <symbol id="sm-764">
         <name>main_func_sp</name>
         <value>0x20003b9c</value>
         <object_component_ref idref="oc-74"/>
      </symbol>
      <symbol id="sm-774">
         <name>strchr</name>
         <value>0x5d41</value>
         <object_component_ref idref="oc-270"/>
      </symbol>
      <symbol id="sm-783">
         <name>strcmp</name>
         <value>0x5d29</value>
         <object_component_ref idref="oc-26a"/>
      </symbol>
      <symbol id="sm-793">
         <name>strncpy</name>
         <value>0x5c35</value>
         <object_component_ref idref="oc-22a"/>
      </symbol>
      <symbol id="sm-7af">
         <name>_stream</name>
         <value>0x20003ae8</value>
         <object_component_ref idref="oc-2b4"/>
      </symbol>
      <symbol id="sm-7b0">
         <name>_device</name>
         <value>0x20003a70</value>
         <object_component_ref idref="oc-231"/>
      </symbol>
      <symbol id="sm-7b1">
         <name>write</name>
         <value>0x5cc5</value>
         <object_component_ref idref="oc-314"/>
      </symbol>
      <symbol id="sm-7ca">
         <name>_nop</name>
         <value>0x5d67</value>
         <object_component_ref idref="oc-17a"/>
      </symbol>
      <symbol id="sm-7cb">
         <name>_lock</name>
         <value>0x20003b78</value>
         <object_component_ref idref="oc-ce"/>
      </symbol>
      <symbol id="sm-7cc">
         <name>_unlock</name>
         <value>0x20003b7c</value>
         <object_component_ref idref="oc-ce"/>
      </symbol>
      <symbol id="sm-7cd">
         <name>_register_lock</name>
         <value>0x5d5f</value>
         <object_component_ref idref="oc-17a"/>
      </symbol>
      <symbol id="sm-7ce">
         <name>_register_unlock</name>
         <value>0x5d59</value>
         <object_component_ref idref="oc-17a"/>
      </symbol>
      <symbol id="sm-7e2">
         <name>_args_main</name>
         <value>0x5d11</value>
         <object_component_ref idref="oc-68"/>
      </symbol>
      <symbol id="sm-80c">
         <name>__TI_auto_init</name>
         <value>0x5649</value>
         <object_component_ref idref="oc-62"/>
      </symbol>
      <symbol id="sm-826">
         <name>copy_in</name>
         <value>0x5add</value>
         <object_component_ref idref="oc-b5"/>
      </symbol>
      <symbol id="sm-83c">
         <name>__TI_closefile</name>
         <value>0x5535</value>
         <object_component_ref idref="oc-23c"/>
      </symbol>
      <symbol id="sm-83d">
         <name>fclose</name>
         <value>0x559b</value>
         <object_component_ref idref="oc-23c"/>
      </symbol>
      <symbol id="sm-857">
         <name>__TI_doflush</name>
         <value>0x51b5</value>
         <object_component_ref idref="oc-2b9"/>
      </symbol>
      <symbol id="sm-858">
         <name>fflush</name>
         <value>0x5201</value>
         <object_component_ref idref="oc-2b9"/>
      </symbol>
      <symbol id="sm-869">
         <name>HOSTclose</name>
         <value>0x5b6d</value>
         <object_component_ref idref="oc-280"/>
      </symbol>
      <symbol id="sm-87a">
         <name>HOSTlseek</name>
         <value>0x5791</value>
         <object_component_ref idref="oc-292"/>
      </symbol>
      <symbol id="sm-88c">
         <name>parmbuf</name>
         <value>0x20003514</value>
      </symbol>
      <symbol id="sm-88d">
         <name>HOSTopen</name>
         <value>0x58c9</value>
         <object_component_ref idref="oc-27a"/>
      </symbol>
      <symbol id="sm-89e">
         <name>HOSTread</name>
         <value>0x5985</value>
         <object_component_ref idref="oc-286"/>
      </symbol>
      <symbol id="sm-8af">
         <name>HOSTrename</name>
         <value>0x57f9</value>
         <object_component_ref idref="oc-29e"/>
      </symbol>
      <symbol id="sm-8c0">
         <name>HOSTunlink</name>
         <value>0x5bb1</value>
         <object_component_ref idref="oc-298"/>
      </symbol>
      <symbol id="sm-8d1">
         <name>HOSTwrite</name>
         <value>0x59dd</value>
         <object_component_ref idref="oc-28c"/>
      </symbol>
      <symbol id="sm-943">
         <name>_sys_memory</name>
         <value>0x20003580</value>
         <object_component_ref idref="oc-30"/>
      </symbol>
      <symbol id="sm-944">
         <name>free</name>
         <value>0x3283</value>
         <object_component_ref idref="oc-248"/>
      </symbol>
      <symbol id="sm-945">
         <name>realloc</name>
         <value>0x3343</value>
         <object_component_ref idref="oc-248"/>
      </symbol>
      <symbol id="sm-946">
         <name>memalign</name>
         <value>0x344d</value>
         <object_component_ref idref="oc-248"/>
      </symbol>
      <symbol id="sm-947">
         <name>calloc</name>
         <value>0x3539</value>
         <object_component_ref idref="oc-248"/>
      </symbol>
      <symbol id="sm-948">
         <name>malloc</name>
         <value>0x3219</value>
         <object_component_ref idref="oc-248"/>
      </symbol>
      <symbol id="sm-949">
         <name>minit</name>
         <value>0x3199</value>
         <object_component_ref idref="oc-248"/>
      </symbol>
      <symbol id="sm-954">
         <name>_system_post_cinit</name>
         <value>0x49b7</value>
         <object_component_ref idref="oc-bb"/>
      </symbol>
      <symbol id="sm-962">
         <name>strcpy</name>
         <value>0x5d6d</value>
         <object_component_ref idref="oc-301"/>
      </symbol>
      <symbol id="sm-970">
         <name>strlen</name>
         <value>0x5d81</value>
         <object_component_ref idref="oc-2e7"/>
      </symbol>
      <symbol id="sm-98b">
         <name>__TI_readmsg</name>
         <value>0x5893</value>
         <object_component_ref idref="oc-2ed"/>
      </symbol>
      <symbol id="sm-98c">
         <name>C$$IO$$</name>
         <value>0x588f</value>
         <object_component_ref idref="oc-2ed"/>
      </symbol>
      <symbol id="sm-98d">
         <name>__CIOBUF_</name>
         <value>0x20003200</value>
         <object_component_ref idref="oc-32a"/>
      </symbol>
      <symbol id="sm-98e">
         <name>__TI_writemsg</name>
         <value>0x5861</value>
         <object_component_ref idref="oc-2ed"/>
      </symbol>
      <symbol id="sm-99e">
         <name>unlink</name>
         <value>0x5c99</value>
         <object_component_ref idref="oc-2c5"/>
      </symbol>
      <symbol id="sm-9b2">
         <name>close</name>
         <value>0x5929</value>
         <object_component_ref idref="oc-2bf"/>
      </symbol>
      <symbol id="sm-9b3">
         <name>__TI_static_base__</name>
         <value>0x0</value>
      </symbol>
      <symbol id="sm-9b6">
         <name>SHT$$INIT_ARRAY$$Limit</name>
         <value>0x0</value>
      </symbol>
      <symbol id="sm-9b7">
         <name>SHT$$INIT_ARRAY$$Base</name>
         <value>0x0</value>
      </symbol>
      <symbol id="sm-9b8">
         <name>NMI_Handler</name>
         <value>0x5daf</value>
      </symbol>
      <symbol id="sm-9b9">
         <name>HardFault_Handler</name>
         <value>0x5daf</value>
      </symbol>
      <symbol id="sm-9ba">
         <name>MemManage_Handler</name>
         <value>0x5daf</value>
      </symbol>
      <symbol id="sm-9bb">
         <name>BusFault_Handler</name>
         <value>0x5daf</value>
      </symbol>
      <symbol id="sm-9bc">
         <name>UsageFault_Handler</name>
         <value>0x5daf</value>
      </symbol>
      <symbol id="sm-9bd">
         <name>SVC_Handler</name>
         <value>0x5daf</value>
      </symbol>
      <symbol id="sm-9be">
         <name>DebugMon_Handler</name>
         <value>0x5daf</value>
      </symbol>
      <symbol id="sm-9bf">
         <name>PendSV_Handler</name>
         <value>0x5daf</value>
      </symbol>
      <symbol id="sm-9c0">
         <name>SysTick_Handler</name>
         <value>0x5daf</value>
      </symbol>
      <symbol id="sm-9c1">
         <name>PSS_IRQHandler</name>
         <value>0x5daf</value>
      </symbol>
      <symbol id="sm-9c2">
         <name>CS_IRQHandler</name>
         <value>0x5daf</value>
      </symbol>
      <symbol id="sm-9c3">
         <name>PCM_IRQHandler</name>
         <value>0x5daf</value>
      </symbol>
      <symbol id="sm-9c4">
         <name>WDT_A_IRQHandler</name>
         <value>0x5daf</value>
      </symbol>
      <symbol id="sm-9c5">
         <name>FPU_IRQHandler</name>
         <value>0x5daf</value>
      </symbol>
      <symbol id="sm-9c6">
         <name>FLCTL_IRQHandler</name>
         <value>0x5daf</value>
      </symbol>
      <symbol id="sm-9c7">
         <name>COMP_E0_IRQHandler</name>
         <value>0x5daf</value>
      </symbol>
      <symbol id="sm-9c8">
         <name>COMP_E1_IRQHandler</name>
         <value>0x5daf</value>
      </symbol>
      <symbol id="sm-9c9">
         <name>TA0_0_IRQHandler</name>
         <value>0x5daf</value>
      </symbol>
      <symbol id="sm-9ca">
         <name>TA0_N_IRQHandler</name>
         <value>0x5daf</value>
      </symbol>
      <symbol id="sm-9cb">
         <name>TA1_0_IRQHandler</name>
         <value>0x5463</value>
      </symbol>
      <symbol id="sm-9cc">
         <name>TA1_N_IRQHandler</name>
         <value>0x5daf</value>
      </symbol>
      <symbol id="sm-9cd">
         <name>TA2_0_IRQHandler</name>
         <value>0x5daf</value>
      </symbol>
      <symbol id="sm-9ce">
         <name>TA2_N_IRQHandler</name>
         <value>0x5daf</value>
      </symbol>
      <symbol id="sm-9cf">
         <name>TA3_0_IRQHandler</name>
         <value>0x4d51</value>
      </symbol>
      <symbol id="sm-9d0">
         <name>TA3_N_IRQHandler</name>
         <value>0x4d6b</value>
      </symbol>
      <symbol id="sm-9d1">
         <name>EUSCIA0_IRQHandler</name>
         <value>0x2c6f</value>
      </symbol>
      <symbol id="sm-9d2">
         <name>EUSCIA1_IRQHandler</name>
         <value>0x5daf</value>
      </symbol>
      <symbol id="sm-9d3">
         <name>EUSCIA2_IRQHandler</name>
         <value>0x5daf</value>
      </symbol>
      <symbol id="sm-9d4">
         <name>EUSCIA3_IRQHandler</name>
         <value>0x5daf</value>
      </symbol>
      <symbol id="sm-9d5">
         <name>EUSCIB0_IRQHandler</name>
         <value>0x5daf</value>
      </symbol>
      <symbol id="sm-9d6">
         <name>EUSCIB1_IRQHandler</name>
         <value>0x5daf</value>
      </symbol>
      <symbol id="sm-9d7">
         <name>EUSCIB2_IRQHandler</name>
         <value>0x5daf</value>
      </symbol>
      <symbol id="sm-9d8">
         <name>EUSCIB3_IRQHandler</name>
         <value>0x5daf</value>
      </symbol>
      <symbol id="sm-9d9">
         <name>ADC14_IRQHandler</name>
         <value>0x5daf</value>
      </symbol>
      <symbol id="sm-9da">
         <name>T32_INT1_IRQHandler</name>
         <value>0x5daf</value>
      </symbol>
      <symbol id="sm-9db">
         <name>T32_INT2_IRQHandler</name>
         <value>0x5daf</value>
      </symbol>
      <symbol id="sm-9dc">
         <name>T32_INTC_IRQHandler</name>
         <value>0x5daf</value>
      </symbol>
      <symbol id="sm-9dd">
         <name>AES256_IRQHandler</name>
         <value>0x5daf</value>
      </symbol>
      <symbol id="sm-9de">
         <name>RTC_C_IRQHandler</name>
         <value>0x5daf</value>
      </symbol>
      <symbol id="sm-9df">
         <name>DMA_ERR_IRQHandler</name>
         <value>0x5daf</value>
      </symbol>
      <symbol id="sm-9e0">
         <name>DMA_INT3_IRQHandler</name>
         <value>0x5daf</value>
      </symbol>
      <symbol id="sm-9e1">
         <name>DMA_INT2_IRQHandler</name>
         <value>0x5daf</value>
      </symbol>
      <symbol id="sm-9e2">
         <name>DMA_INT1_IRQHandler</name>
         <value>0x5daf</value>
      </symbol>
      <symbol id="sm-9e3">
         <name>DMA_INT0_IRQHandler</name>
         <value>0x5daf</value>
      </symbol>
      <symbol id="sm-9e4">
         <name>PORT1_IRQHandler</name>
         <value>0x5daf</value>
      </symbol>
      <symbol id="sm-9e5">
         <name>PORT2_IRQHandler</name>
         <value>0x5daf</value>
      </symbol>
      <symbol id="sm-9e6">
         <name>PORT3_IRQHandler</name>
         <value>0x5daf</value>
      </symbol>
      <symbol id="sm-9e7">
         <name>PORT4_IRQHandler</name>
         <value>0x4ea9</value>
      </symbol>
      <symbol id="sm-9e8">
         <name>PORT5_IRQHandler</name>
         <value>0x5daf</value>
      </symbol>
      <symbol id="sm-9e9">
         <name>PORT6_IRQHandler</name>
         <value>0x5daf</value>
      </symbol>
      <symbol id="sm-9ea">
         <name>remove</name>
         <value>0x5c99</value>
      </symbol>
   </symbol_table>
   <title>Link successful</title>
</link_info>
