<?xml version="1.0"?>
<link_info>
   <banner>TI ARM Linker PC v16.9.6.LTS</banner>
   <copyright>Copyright (c) 1996-2017 Texas Instruments Incorporated</copyright>
   <link_time>0x5d1f1e27</link_time>
   <link_errors>0x0</link_errors>
   <output_file>Lab4_ADC_IRSensors.out</output_file>
   <entry_point>
      <name>_c_int00</name>
      <address>0x2785</address>
   </entry_point>
   <input_file_list>
      <input_file id="fl-2">
         <path>.\</path>
         <kind>object</kind>
         <file>ADC14.obj</file>
         <name>ADC14.obj</name>
      </input_file>
      <input_file id="fl-3">
         <path>.\</path>
         <kind>object</kind>
         <file>Clock.obj</file>
         <name>Clock.obj</name>
      </input_file>
      <input_file id="fl-4">
         <path>.\</path>
         <kind>object</kind>
         <file>CortexM.obj</file>
         <name>CortexM.obj</name>
      </input_file>
      <input_file id="fl-5">
         <path>.\</path>
         <kind>object</kind>
         <file>IRDistance.obj</file>
         <name>IRDistance.obj</name>
      </input_file>
      <input_file id="fl-6">
         <path>.\</path>
         <kind>object</kind>
         <file>LPF.obj</file>
         <name>LPF.obj</name>
      </input_file>
      <input_file id="fl-7">
         <path>.\</path>
         <kind>object</kind>
         <file>Lab15_ADCmain.obj</file>
         <name>Lab15_ADCmain.obj</name>
      </input_file>
      <input_file id="fl-8">
         <path>.\</path>
         <kind>object</kind>
         <file>LaunchPad.obj</file>
         <name>LaunchPad.obj</name>
      </input_file>
      <input_file id="fl-9">
         <path>.\</path>
         <kind>object</kind>
         <file>TimerA1.obj</file>
         <name>TimerA1.obj</name>
      </input_file>
      <input_file id="fl-a">
         <path>.\</path>
         <kind>object</kind>
         <file>UART0.obj</file>
         <name>UART0.obj</name>
      </input_file>
      <input_file id="fl-b">
         <path>.\</path>
         <kind>object</kind>
         <file>startup_msp432p401r_ccs.obj</file>
         <name>startup_msp432p401r_ccs.obj</name>
      </input_file>
      <input_file id="fl-c">
         <path>.\</path>
         <kind>object</kind>
         <file>system_msp432p401r.obj</file>
         <name>system_msp432p401r.obj</name>
      </input_file>
      <input_file id="fl-10">
         <kind>object</kind>
         <file>&lt;internal&gt;</file>
         <name>&lt;internal&gt;</name>
      </input_file>
      <input_file id="fl-c6">
         <path>C:\ti\ccs740\ccsv7\tools\compiler\ti-cgt-arm_16.9.6.LTS\lib\</path>
         <kind>archive</kind>
         <file>rtsv7M4_T_le_v4SPD16_eabi.lib</file>
         <name>add_device.obj</name>
      </input_file>
      <input_file id="fl-c7">
         <path>C:\ti\ccs740\ccsv7\tools\compiler\ti-cgt-arm_16.9.6.LTS\lib\</path>
         <kind>archive</kind>
         <file>rtsv7M4_T_le_v4SPD16_eabi.lib</file>
         <name>boot.obj</name>
      </input_file>
      <input_file id="fl-c8">
         <path>C:\ti\ccs740\ccsv7\tools\compiler\ti-cgt-arm_16.9.6.LTS\lib\</path>
         <kind>archive</kind>
         <file>rtsv7M4_T_le_v4SPD16_eabi.lib</file>
         <name>copy_decompress_lzss.obj</name>
      </input_file>
      <input_file id="fl-c9">
         <path>C:\ti\ccs740\ccsv7\tools\compiler\ti-cgt-arm_16.9.6.LTS\lib\</path>
         <kind>archive</kind>
         <file>rtsv7M4_T_le_v4SPD16_eabi.lib</file>
         <name>copy_decompress_none.obj</name>
      </input_file>
      <input_file id="fl-ca">
         <path>C:\ti\ccs740\ccsv7\tools\compiler\ti-cgt-arm_16.9.6.LTS\lib\</path>
         <kind>archive</kind>
         <file>rtsv7M4_T_le_v4SPD16_eabi.lib</file>
         <name>copy_zero_init.obj</name>
      </input_file>
      <input_file id="fl-cb">
         <path>C:\ti\ccs740\ccsv7\tools\compiler\ti-cgt-arm_16.9.6.LTS\lib\</path>
         <kind>archive</kind>
         <file>rtsv7M4_T_le_v4SPD16_eabi.lib</file>
         <name>defs.obj</name>
      </input_file>
      <input_file id="fl-cc">
         <path>C:\ti\ccs740\ccsv7\tools\compiler\ti-cgt-arm_16.9.6.LTS\lib\</path>
         <kind>archive</kind>
         <file>rtsv7M4_T_le_v4SPD16_eabi.lib</file>
         <name>exit.obj</name>
      </input_file>
      <input_file id="fl-cd">
         <path>C:\ti\ccs740\ccsv7\tools\compiler\ti-cgt-arm_16.9.6.LTS\lib\</path>
         <kind>archive</kind>
         <file>rtsv7M4_T_le_v4SPD16_eabi.lib</file>
         <name>fopen.obj</name>
      </input_file>
      <input_file id="fl-ce">
         <path>C:\ti\ccs740\ccsv7\tools\compiler\ti-cgt-arm_16.9.6.LTS\lib\</path>
         <kind>archive</kind>
         <file>rtsv7M4_T_le_v4SPD16_eabi.lib</file>
         <name>getdevice.obj</name>
      </input_file>
      <input_file id="fl-cf">
         <path>C:\ti\ccs740\ccsv7\tools\compiler\ti-cgt-arm_16.9.6.LTS\lib\</path>
         <kind>archive</kind>
         <file>rtsv7M4_T_le_v4SPD16_eabi.lib</file>
         <name>memcpy_t2.obj</name>
      </input_file>
      <input_file id="fl-d0">
         <path>C:\ti\ccs740\ccsv7\tools\compiler\ti-cgt-arm_16.9.6.LTS\lib\</path>
         <kind>archive</kind>
         <file>rtsv7M4_T_le_v4SPD16_eabi.lib</file>
         <name>memset_t2.obj</name>
      </input_file>
      <input_file id="fl-d1">
         <path>C:\ti\ccs740\ccsv7\tools\compiler\ti-cgt-arm_16.9.6.LTS\lib\</path>
         <kind>archive</kind>
         <file>rtsv7M4_T_le_v4SPD16_eabi.lib</file>
         <name>mpu_init.obj</name>
      </input_file>
      <input_file id="fl-d2">
         <path>C:\ti\ccs740\ccsv7\tools\compiler\ti-cgt-arm_16.9.6.LTS\lib\</path>
         <kind>archive</kind>
         <file>rtsv7M4_T_le_v4SPD16_eabi.lib</file>
         <name>open.obj</name>
      </input_file>
      <input_file id="fl-d3">
         <path>C:\ti\ccs740\ccsv7\tools\compiler\ti-cgt-arm_16.9.6.LTS\lib\</path>
         <kind>archive</kind>
         <file>rtsv7M4_T_le_v4SPD16_eabi.lib</file>
         <name>pre_init.obj</name>
      </input_file>
      <input_file id="fl-d4">
         <path>C:\ti\ccs740\ccsv7\tools\compiler\ti-cgt-arm_16.9.6.LTS\lib\</path>
         <kind>archive</kind>
         <file>rtsv7M4_T_le_v4SPD16_eabi.lib</file>
         <name>setvbuf.obj</name>
      </input_file>
      <input_file id="fl-d5">
         <path>C:\ti\ccs740\ccsv7\tools\compiler\ti-cgt-arm_16.9.6.LTS\lib\</path>
         <kind>archive</kind>
         <file>rtsv7M4_T_le_v4SPD16_eabi.lib</file>
         <name>stkdepth_vars.obj</name>
      </input_file>
      <input_file id="fl-d6">
         <path>C:\ti\ccs740\ccsv7\tools\compiler\ti-cgt-arm_16.9.6.LTS\lib\</path>
         <kind>archive</kind>
         <file>rtsv7M4_T_le_v4SPD16_eabi.lib</file>
         <name>strchr.obj</name>
      </input_file>
      <input_file id="fl-d7">
         <path>C:\ti\ccs740\ccsv7\tools\compiler\ti-cgt-arm_16.9.6.LTS\lib\</path>
         <kind>archive</kind>
         <file>rtsv7M4_T_le_v4SPD16_eabi.lib</file>
         <name>strcmp.obj</name>
      </input_file>
      <input_file id="fl-d8">
         <path>C:\ti\ccs740\ccsv7\tools\compiler\ti-cgt-arm_16.9.6.LTS\lib\</path>
         <kind>archive</kind>
         <file>rtsv7M4_T_le_v4SPD16_eabi.lib</file>
         <name>strncpy.obj</name>
      </input_file>
      <input_file id="fl-d9">
         <path>C:\ti\ccs740\ccsv7\tools\compiler\ti-cgt-arm_16.9.6.LTS\lib\</path>
         <kind>archive</kind>
         <file>rtsv7M4_T_le_v4SPD16_eabi.lib</file>
         <name>write.obj</name>
      </input_file>
      <input_file id="fl-da">
         <path>C:\ti\ccs740\ccsv7\tools\compiler\ti-cgt-arm_16.9.6.LTS\lib\</path>
         <kind>archive</kind>
         <file>rtsv7M4_T_le_v4SPD16_eabi.lib</file>
         <name>_lock.obj</name>
      </input_file>
      <input_file id="fl-db">
         <path>C:\ti\ccs740\ccsv7\tools\compiler\ti-cgt-arm_16.9.6.LTS\lib\</path>
         <kind>archive</kind>
         <file>rtsv7M4_T_le_v4SPD16_eabi.lib</file>
         <name>args_main.obj</name>
      </input_file>
      <input_file id="fl-dc">
         <path>C:\ti\ccs740\ccsv7\tools\compiler\ti-cgt-arm_16.9.6.LTS\lib\</path>
         <kind>archive</kind>
         <file>rtsv7M4_T_le_v4SPD16_eabi.lib</file>
         <name>autoinit.obj</name>
      </input_file>
      <input_file id="fl-dd">
         <path>C:\ti\ccs740\ccsv7\tools\compiler\ti-cgt-arm_16.9.6.LTS\lib\</path>
         <kind>archive</kind>
         <file>rtsv7M4_T_le_v4SPD16_eabi.lib</file>
         <name>cpy_tbl.obj</name>
      </input_file>
      <input_file id="fl-de">
         <path>C:\ti\ccs740\ccsv7\tools\compiler\ti-cgt-arm_16.9.6.LTS\lib\</path>
         <kind>archive</kind>
         <file>rtsv7M4_T_le_v4SPD16_eabi.lib</file>
         <name>fclose.obj</name>
      </input_file>
      <input_file id="fl-df">
         <path>C:\ti\ccs740\ccsv7\tools\compiler\ti-cgt-arm_16.9.6.LTS\lib\</path>
         <kind>archive</kind>
         <file>rtsv7M4_T_le_v4SPD16_eabi.lib</file>
         <name>fflush.obj</name>
      </input_file>
      <input_file id="fl-e0">
         <path>C:\ti\ccs740\ccsv7\tools\compiler\ti-cgt-arm_16.9.6.LTS\lib\</path>
         <kind>archive</kind>
         <file>rtsv7M4_T_le_v4SPD16_eabi.lib</file>
         <name>hostclose.obj</name>
      </input_file>
      <input_file id="fl-e1">
         <path>C:\ti\ccs740\ccsv7\tools\compiler\ti-cgt-arm_16.9.6.LTS\lib\</path>
         <kind>archive</kind>
         <file>rtsv7M4_T_le_v4SPD16_eabi.lib</file>
         <name>hostlseek.obj</name>
      </input_file>
      <input_file id="fl-e2">
         <path>C:\ti\ccs740\ccsv7\tools\compiler\ti-cgt-arm_16.9.6.LTS\lib\</path>
         <kind>archive</kind>
         <file>rtsv7M4_T_le_v4SPD16_eabi.lib</file>
         <name>hostopen.obj</name>
      </input_file>
      <input_file id="fl-e3">
         <path>C:\ti\ccs740\ccsv7\tools\compiler\ti-cgt-arm_16.9.6.LTS\lib\</path>
         <kind>archive</kind>
         <file>rtsv7M4_T_le_v4SPD16_eabi.lib</file>
         <name>hostread.obj</name>
      </input_file>
      <input_file id="fl-e4">
         <path>C:\ti\ccs740\ccsv7\tools\compiler\ti-cgt-arm_16.9.6.LTS\lib\</path>
         <kind>archive</kind>
         <file>rtsv7M4_T_le_v4SPD16_eabi.lib</file>
         <name>hostrename.obj</name>
      </input_file>
      <input_file id="fl-e5">
         <path>C:\ti\ccs740\ccsv7\tools\compiler\ti-cgt-arm_16.9.6.LTS\lib\</path>
         <kind>archive</kind>
         <file>rtsv7M4_T_le_v4SPD16_eabi.lib</file>
         <name>hostunlink.obj</name>
      </input_file>
      <input_file id="fl-e6">
         <path>C:\ti\ccs740\ccsv7\tools\compiler\ti-cgt-arm_16.9.6.LTS\lib\</path>
         <kind>archive</kind>
         <file>rtsv7M4_T_le_v4SPD16_eabi.lib</file>
         <name>hostwrite.obj</name>
      </input_file>
      <input_file id="fl-e7">
         <path>C:\ti\ccs740\ccsv7\tools\compiler\ti-cgt-arm_16.9.6.LTS\lib\</path>
         <kind>archive</kind>
         <file>rtsv7M4_T_le_v4SPD16_eabi.lib</file>
         <name>memory.obj</name>
      </input_file>
      <input_file id="fl-e8">
         <path>C:\ti\ccs740\ccsv7\tools\compiler\ti-cgt-arm_16.9.6.LTS\lib\</path>
         <kind>archive</kind>
         <file>rtsv7M4_T_le_v4SPD16_eabi.lib</file>
         <name>remove.obj</name>
      </input_file>
      <input_file id="fl-e9">
         <path>C:\ti\ccs740\ccsv7\tools\compiler\ti-cgt-arm_16.9.6.LTS\lib\</path>
         <kind>archive</kind>
         <file>rtsv7M4_T_le_v4SPD16_eabi.lib</file>
         <name>startup.obj</name>
      </input_file>
      <input_file id="fl-ea">
         <path>C:\ti\ccs740\ccsv7\tools\compiler\ti-cgt-arm_16.9.6.LTS\lib\</path>
         <kind>archive</kind>
         <file>rtsv7M4_T_le_v4SPD16_eabi.lib</file>
         <name>strcpy.obj</name>
      </input_file>
      <input_file id="fl-eb">
         <path>C:\ti\ccs740\ccsv7\tools\compiler\ti-cgt-arm_16.9.6.LTS\lib\</path>
         <kind>archive</kind>
         <file>rtsv7M4_T_le_v4SPD16_eabi.lib</file>
         <name>strlen.obj</name>
      </input_file>
      <input_file id="fl-ec">
         <path>C:\ti\ccs740\ccsv7\tools\compiler\ti-cgt-arm_16.9.6.LTS\lib\</path>
         <kind>archive</kind>
         <file>rtsv7M4_T_le_v4SPD16_eabi.lib</file>
         <name>trgmsg.obj</name>
      </input_file>
      <input_file id="fl-ed">
         <path>C:\ti\ccs740\ccsv7\tools\compiler\ti-cgt-arm_16.9.6.LTS\lib\</path>
         <kind>archive</kind>
         <file>rtsv7M4_T_le_v4SPD16_eabi.lib</file>
         <name>unlink.obj</name>
      </input_file>
      <input_file id="fl-ee">
         <path>C:\ti\ccs740\ccsv7\tools\compiler\ti-cgt-arm_16.9.6.LTS\lib\</path>
         <kind>archive</kind>
         <file>rtsv7M4_T_le_v4SPD16_eabi.lib</file>
         <name>close.obj</name>
      </input_file>
   </input_file_list>
   <object_component_list>
      <object_component id="oc-2c">
         <name>.intvecs:retain</name>
         <load_address>0x0</load_address>
         <run_address>0x0</run_address>
         <size>0xe4</size>
         <input_file_ref idref="fl-b"/>
      </object_component>
      <object_component id="oc-105">
         <name>.text</name>
         <load_address>0xe4</load_address>
         <run_address>0xe4</run_address>
         <size>0x6bc</size>
         <input_file_ref idref="fl-a"/>
      </object_component>
      <object_component id="oc-117">
         <name>.text</name>
         <load_address>0x7a0</load_address>
         <run_address>0x7a0</run_address>
         <size>0x408</size>
         <input_file_ref idref="fl-5"/>
      </object_component>
      <object_component id="oc-1cf">
         <name>.text</name>
         <load_address>0xba8</load_address>
         <run_address>0xba8</run_address>
         <size>0x3d0</size>
         <input_file_ref idref="fl-e7"/>
      </object_component>
      <object_component id="oc-c4">
         <name>.text</name>
         <load_address>0xf78</load_address>
         <run_address>0xf78</run_address>
         <size>0x32c</size>
         <input_file_ref idref="fl-c"/>
      </object_component>
      <object_component id="oc-f9">
         <name>.text</name>
         <load_address>0x12a4</load_address>
         <run_address>0x12a4</run_address>
         <size>0x308</size>
         <input_file_ref idref="fl-6"/>
      </object_component>
      <object_component id="oc-f3">
         <name>.text</name>
         <load_address>0x15ac</load_address>
         <run_address>0x15ac</run_address>
         <size>0x260</size>
         <input_file_ref idref="fl-2"/>
      </object_component>
      <object_component id="oc-ff">
         <name>.text</name>
         <load_address>0x180c</load_address>
         <run_address>0x180c</run_address>
         <size>0x1e0</size>
         <input_file_ref idref="fl-3"/>
      </object_component>
      <object_component id="oc-173">
         <name>.text</name>
         <load_address>0x19ec</load_address>
         <run_address>0x19ec</run_address>
         <size>0x1c4</size>
         <input_file_ref idref="fl-cd"/>
      </object_component>
      <object_component id="oc-b1">
         <name>.text</name>
         <load_address>0x1bb0</load_address>
         <run_address>0x1bb0</run_address>
         <size>0x184</size>
         <input_file_ref idref="fl-7"/>
      </object_component>
      <object_component id="oc-10b">
         <name>.text</name>
         <load_address>0x1d34</load_address>
         <run_address>0x1d34</run_address>
         <size>0xf4</size>
         <input_file_ref idref="fl-8"/>
      </object_component>
      <object_component id="oc-179">
         <name>.text</name>
         <load_address>0x1e28</load_address>
         <run_address>0x1e28</run_address>
         <size>0xdc</size>
         <input_file_ref idref="fl-d4"/>
      </object_component>
      <object_component id="oc-238">
         <name>.text</name>
         <load_address>0x1f04</load_address>
         <run_address>0x1f04</run_address>
         <size>0xc8</size>
         <input_file_ref idref="fl-df"/>
      </object_component>
      <object_component id="oc-1bd">
         <name>.text</name>
         <load_address>0x1fcc</load_address>
         <run_address>0x1fcc</run_address>
         <size>0xbc</size>
         <input_file_ref idref="fl-d2"/>
      </object_component>
      <object_component id="oc-16d">
         <name>.text</name>
         <load_address>0x2088</load_address>
         <run_address>0x2088</run_address>
         <size>0xb8</size>
         <input_file_ref idref="fl-c6"/>
      </object_component>
      <object_component id="oc-7e">
         <name>.text</name>
         <load_address>0x2140</load_address>
         <run_address>0x2140</run_address>
         <size>0xa8</size>
         <input_file_ref idref="fl-9"/>
      </object_component>
      <object_component id="oc-3e">
         <name>.text</name>
         <load_address>0x21e8</load_address>
         <run_address>0x21e8</run_address>
         <size>0x9c</size>
         <input_file_ref idref="fl-cf"/>
      </object_component>
      <object_component id="oc-1c3">
         <name>.text</name>
         <load_address>0x2284</load_address>
         <run_address>0x2284</run_address>
         <size>0x98</size>
         <input_file_ref idref="fl-de"/>
      </object_component>
      <object_component id="oc-4a">
         <name>.text</name>
         <load_address>0x231c</load_address>
         <run_address>0x231c</run_address>
         <size>0x7a</size>
         <input_file_ref idref="fl-d0"/>
      </object_component>
      <object_component id="oc-56">
         <name>.text</name>
         <load_address>0x2396</load_address>
         <run_address>0x2396</run_address>
         <size>0x2</size>
         <input_file_ref idref="fl-d1"/>
      </object_component>
      <object_component id="oc-62">
         <name>.text</name>
         <load_address>0x2398</load_address>
         <run_address>0x2398</run_address>
         <size>0x70</size>
         <input_file_ref idref="fl-dc"/>
      </object_component>
      <object_component id="oc-1ab">
         <name>.text</name>
         <load_address>0x2408</load_address>
         <run_address>0x2408</run_address>
         <size>0x70</size>
         <input_file_ref idref="fl-ce"/>
      </object_component>
      <object_component id="oc-14">
         <name>.text:decompress:lzss</name>
         <load_address>0x2478</load_address>
         <run_address>0x2478</run_address>
         <size>0x68</size>
         <input_file_ref idref="fl-c8"/>
      </object_component>
      <object_component id="oc-211">
         <name>.text</name>
         <load_address>0x24e0</load_address>
         <run_address>0x24e0</run_address>
         <size>0x68</size>
         <input_file_ref idref="fl-e1"/>
      </object_component>
      <object_component id="oc-21d">
         <name>.text</name>
         <load_address>0x2548</load_address>
         <run_address>0x2548</run_address>
         <size>0x68</size>
         <input_file_ref idref="fl-e4"/>
      </object_component>
      <object_component id="oc-26e">
         <name>.text</name>
         <load_address>0x25b0</load_address>
         <run_address>0x25b0</run_address>
         <size>0x68</size>
         <input_file_ref idref="fl-ec"/>
      </object_component>
      <object_component id="oc-1f9">
         <name>.text</name>
         <load_address>0x2618</load_address>
         <run_address>0x2618</run_address>
         <size>0x60</size>
         <input_file_ref idref="fl-e2"/>
      </object_component>
      <object_component id="oc-23e">
         <name>.text</name>
         <load_address>0x2678</load_address>
         <run_address>0x2678</run_address>
         <size>0x5c</size>
         <input_file_ref idref="fl-ee"/>
      </object_component>
      <object_component id="oc-205">
         <name>.text</name>
         <load_address>0x26d4</load_address>
         <run_address>0x26d4</run_address>
         <size>0x58</size>
         <input_file_ref idref="fl-e3"/>
      </object_component>
      <object_component id="oc-20b">
         <name>.text</name>
         <load_address>0x272c</load_address>
         <run_address>0x272c</run_address>
         <size>0x58</size>
         <input_file_ref idref="fl-e6"/>
      </object_component>
      <object_component id="oc-26">
         <name>.text</name>
         <load_address>0x2784</load_address>
         <run_address>0x2784</run_address>
         <size>0x54</size>
         <input_file_ref idref="fl-c7"/>
      </object_component>
      <object_component id="oc-6e">
         <name>.text</name>
         <load_address>0x27d8</load_address>
         <run_address>0x27d8</run_address>
         <size>0x54</size>
         <input_file_ref idref="fl-cc"/>
      </object_component>
      <object_component id="oc-a3">
         <name>.text</name>
         <load_address>0x282c</load_address>
         <run_address>0x282c</run_address>
         <size>0x4c</size>
         <input_file_ref idref="fl-dd"/>
      </object_component>
      <object_component id="oc-1ff">
         <name>.text</name>
         <load_address>0x2878</load_address>
         <run_address>0x2878</run_address>
         <size>0x44</size>
         <input_file_ref idref="fl-e0"/>
      </object_component>
      <object_component id="oc-217">
         <name>.text</name>
         <load_address>0x28bc</load_address>
         <run_address>0x28bc</run_address>
         <size>0x44</size>
         <input_file_ref idref="fl-e5"/>
      </object_component>
      <object_component id="oc-1b1">
         <name>.text</name>
         <load_address>0x2900</load_address>
         <run_address>0x2900</run_address>
         <size>0x36</size>
         <input_file_ref idref="fl-d8"/>
      </object_component>
      <object_component id="oc-a9">
         <name>.text</name>
         <load_address>0x2936</load_address>
         <run_address>0x2936</run_address>
         <size>0x2</size>
         <input_file_ref idref="fl-e9"/>
      </object_component>
      <object_component id="oc-244">
         <name>.text</name>
         <load_address>0x2938</load_address>
         <run_address>0x2938</run_address>
         <size>0x2c</size>
         <input_file_ref idref="fl-ed"/>
      </object_component>
      <object_component id="oc-295">
         <name>.text</name>
         <load_address>0x2964</load_address>
         <run_address>0x2964</run_address>
         <size>0x28</size>
         <input_file_ref idref="fl-d9"/>
      </object_component>
      <object_component id="oc-111">
         <name>.text</name>
         <load_address>0x298c</load_address>
         <run_address>0x298c</run_address>
         <size>0x24</size>
         <input_file_ref idref="fl-4"/>
      </object_component>
      <object_component id="oc-68">
         <name>.text</name>
         <load_address>0x29b0</load_address>
         <run_address>0x29b0</run_address>
         <size>0x18</size>
         <input_file_ref idref="fl-db"/>
      </object_component>
      <object_component id="oc-1e9">
         <name>.text</name>
         <load_address>0x29c8</load_address>
         <run_address>0x29c8</run_address>
         <size>0x18</size>
         <input_file_ref idref="fl-d7"/>
      </object_component>
      <object_component id="oc-1ef">
         <name>.text</name>
         <load_address>0x29e0</load_address>
         <run_address>0x29e0</run_address>
         <size>0x16</size>
         <input_file_ref idref="fl-d6"/>
      </object_component>
      <object_component id="oc-12d">
         <name>.text</name>
         <load_address>0x29f8</load_address>
         <run_address>0x29f8</run_address>
         <size>0x14</size>
         <input_file_ref idref="fl-da"/>
      </object_component>
      <object_component id="oc-282">
         <name>.text</name>
         <load_address>0x2a0c</load_address>
         <run_address>0x2a0c</run_address>
         <size>0x14</size>
         <input_file_ref idref="fl-ea"/>
      </object_component>
      <object_component id="oc-268">
         <name>.text</name>
         <load_address>0x2a20</load_address>
         <run_address>0x2a20</run_address>
         <size>0x14</size>
         <input_file_ref idref="fl-eb"/>
      </object_component>
      <object_component id="oc-1a">
         <name>.text:decompress:none</name>
         <load_address>0x2a34</load_address>
         <run_address>0x2a34</run_address>
         <size>0xe</size>
         <input_file_ref idref="fl-c9"/>
      </object_component>
      <object_component id="oc-78">
         <name>.text</name>
         <load_address>0x2a42</load_address>
         <run_address>0x2a42</run_address>
         <size>0xe</size>
         <input_file_ref idref="fl-b"/>
      </object_component>
      <object_component id="oc-20">
         <name>.text:decompress:ZI</name>
         <load_address>0x2a50</load_address>
         <run_address>0x2a50</run_address>
         <size>0xc</size>
         <input_file_ref idref="fl-ca"/>
      </object_component>
      <object_component id="oc-5c">
         <name>.text</name>
         <load_address>0x2a5c</load_address>
         <run_address>0x2a5c</run_address>
         <size>0x4</size>
         <input_file_ref idref="fl-d3"/>
      </object_component>
      <object_component id="oc-2f6">
         <name>.cinit..data.load</name>
         <load_address>0x2a60</load_address>
         <run_address>0x2a60</run_address>
         <size>0xcc</size>
      </object_component>
      <object_component id="oc-2f4">
         <name>__TI_handler_table</name>
         <load_address>0x2b2c</load_address>
         <run_address>0x2b2c</run_address>
         <size>0xc</size>
      </object_component>
      <object_component id="oc-2f7">
         <name>.cinit..bss.load</name>
         <load_address>0x2b38</load_address>
         <run_address>0x2b38</run_address>
         <size>0x8</size>
      </object_component>
      <object_component id="oc-2f5">
         <name>__TI_cinit_table</name>
         <load_address>0x2b40</load_address>
         <run_address>0x2b40</run_address>
         <size>0x10</size>
      </object_component>
      <object_component id="oc-2d1">
         <name>.binit</name>
         <load_address>0x0</load_address>
         <run_address>0x0</run_address>
         <size>0x0</size>
      </object_component>
      <object_component id="oc-165">
         <name>.data</name>
         <load_address>0x200037c0</load_address>
         <run_address>0x200037c0</run_address>
         <size>0x18</size>
         <input_file_ref idref="fl-3"/>
      </object_component>
      <object_component id="oc-190">
         <name>.data:nc_tbl</name>
         <load_address>0x200037f0</load_address>
         <run_address>0x200037f0</run_address>
         <size>0x18</size>
         <input_file_ref idref="fl-5"/>
      </object_component>
      <object_component id="oc-18a">
         <name>.data:nl_tbl</name>
         <load_address>0x20003808</load_address>
         <run_address>0x20003808</run_address>
         <size>0x18</size>
         <input_file_ref idref="fl-5"/>
      </object_component>
      <object_component id="oc-193">
         <name>.data:nr_tbl</name>
         <load_address>0x20003820</load_address>
         <run_address>0x20003820</run_address>
         <size>0x18</size>
         <input_file_ref idref="fl-5"/>
      </object_component>
      <object_component id="oc-18d">
         <name>.data:distance_tbl</name>
         <load_address>0x200037d8</load_address>
         <run_address>0x200037d8</run_address>
         <size>0x18</size>
         <input_file_ref idref="fl-5"/>
      </object_component>
      <object_component id="oc-139">
         <name>.data</name>
         <load_address>0x20003878</load_address>
         <run_address>0x20003878</run_address>
         <size>0x4</size>
         <input_file_ref idref="fl-c"/>
      </object_component>
      <object_component id="oc-1b7">
         <name>.data</name>
         <load_address>0x20003868</load_address>
         <run_address>0x20003868</run_address>
         <size>0x4</size>
         <input_file_ref idref="fl-c6"/>
      </object_component>
      <object_component id="oc-17f">
         <name>.data:_ftable</name>
         <load_address>0x20003608</load_address>
         <run_address>0x20003608</run_address>
         <size>0xf0</size>
         <input_file_ref idref="fl-cb"/>
      </object_component>
      <object_component id="oc-1c9">
         <name>.data</name>
         <load_address>0x20003838</load_address>
         <run_address>0x20003838</run_address>
         <size>0x10</size>
         <input_file_ref idref="fl-cb"/>
      </object_component>
      <object_component id="oc-b9">
         <name>.data:$O1$$</name>
         <load_address>0x20003848</load_address>
         <run_address>0x20003848</run_address>
         <size>0xc</size>
         <input_file_ref idref="fl-cc"/>
      </object_component>
      <object_component id="oc-1cc">
         <name>.data</name>
         <load_address>0x2000386c</load_address>
         <run_address>0x2000386c</run_address>
         <size>0x4</size>
         <input_file_ref idref="fl-cd"/>
      </object_component>
      <object_component id="oc-232">
         <name>.data</name>
         <load_address>0x20003870</load_address>
         <run_address>0x20003870</run_address>
         <size>0x4</size>
         <input_file_ref idref="fl-d2"/>
      </object_component>
      <object_component id="oc-74">
         <name>.data</name>
         <load_address>0x20003874</load_address>
         <run_address>0x20003874</run_address>
         <size>0x4</size>
         <input_file_ref idref="fl-d5"/>
      </object_component>
      <object_component id="oc-1b8">
         <name>.data:_device</name>
         <load_address>0x200036f8</load_address>
         <run_address>0x200036f8</run_address>
         <size>0x78</size>
         <input_file_ref idref="fl-d9"/>
      </object_component>
      <object_component id="oc-233">
         <name>.data:_stream</name>
         <load_address>0x20003770</load_address>
         <run_address>0x20003770</run_address>
         <size>0x50</size>
         <input_file_ref idref="fl-d9"/>
      </object_component>
      <object_component id="oc-bc">
         <name>.data:$O1$$</name>
         <load_address>0x20003860</load_address>
         <run_address>0x20003860</run_address>
         <size>0x8</size>
         <input_file_ref idref="fl-da"/>
      </object_component>
      <object_component id="oc-256">
         <name>.data:$O1$$</name>
         <load_address>0x20003854</load_address>
         <run_address>0x20003854</run_address>
         <size>0xc</size>
         <input_file_ref idref="fl-e7"/>
      </object_component>
      <object_component id="oc-2ab">
         <name>.bss:_CIOBUF_</name>
         <uninitialized>true</uninitialized>
         <run_address>0x20003000</run_address>
         <size>0x120</size>
         <input_file_ref idref="fl-ec"/>
      </object_component>
      <object_component id="oc-15c">
         <name>.common:Size</name>
         <uninitialized>true</uninitialized>
         <run_address>0x200031f4</run_address>
         <size>0x4</size>
      </object_component>
      <object_component id="oc-15a">
         <name>.common:x</name>
         <uninitialized>true</uninitialized>
         <run_address>0x20000000</run_address>
         <size>0x1000</size>
      </object_component>
      <object_component id="oc-157">
         <name>.common:Pt</name>
         <uninitialized>true</uninitialized>
         <run_address>0x200031e8</run_address>
         <size>0x4</size>
      </object_component>
      <object_component id="oc-15d">
         <name>.common:I1</name>
         <uninitialized>true</uninitialized>
         <run_address>0x200031d4</run_address>
         <size>0x4</size>
      </object_component>
      <object_component id="oc-15b">
         <name>.common:LPFSum</name>
         <uninitialized>true</uninitialized>
         <run_address>0x200031d8</run_address>
         <size>0x4</size>
      </object_component>
      <object_component id="oc-15f">
         <name>.common:x2</name>
         <uninitialized>true</uninitialized>
         <run_address>0x20001000</run_address>
         <size>0x1000</size>
      </object_component>
      <object_component id="oc-15e">
         <name>.common:Pt2</name>
         <uninitialized>true</uninitialized>
         <run_address>0x200031ec</run_address>
         <size>0x4</size>
      </object_component>
      <object_component id="oc-160">
         <name>.common:LPFSum2</name>
         <uninitialized>true</uninitialized>
         <run_address>0x200031dc</run_address>
         <size>0x4</size>
      </object_component>
      <object_component id="oc-162">
         <name>.common:x3</name>
         <uninitialized>true</uninitialized>
         <run_address>0x20002000</run_address>
         <size>0x1000</size>
      </object_component>
      <object_component id="oc-161">
         <name>.common:Pt3</name>
         <uninitialized>true</uninitialized>
         <run_address>0x200031f0</run_address>
         <size>0x4</size>
      </object_component>
      <object_component id="oc-163">
         <name>.common:LPFSum3</name>
         <uninitialized>true</uninitialized>
         <run_address>0x200031e0</run_address>
         <size>0x4</size>
      </object_component>
      <object_component id="oc-122">
         <name>.common:ADCflag</name>
         <uninitialized>true</uninitialized>
         <run_address>0x200031d0</run_address>
         <size>0x4</size>
      </object_component>
      <object_component id="oc-11d">
         <name>.common:nr</name>
         <uninitialized>true</uninitialized>
         <run_address>0x20003204</run_address>
         <size>0x4</size>
      </object_component>
      <object_component id="oc-120">
         <name>.common:nc</name>
         <uninitialized>true</uninitialized>
         <run_address>0x200031fc</run_address>
         <size>0x4</size>
      </object_component>
      <object_component id="oc-121">
         <name>.common:nl</name>
         <uninitialized>true</uninitialized>
         <run_address>0x20003200</run_address>
         <size>0x4</size>
      </object_component>
      <object_component id="oc-cb">
         <name>.common:TimerA1Task</name>
         <uninitialized>true</uninitialized>
         <run_address>0x200031f8</run_address>
         <size>0x4</size>
      </object_component>
      <object_component id="oc-16c">
         <name>.common:Messageindexb</name>
         <uninitialized>true</uninitialized>
         <run_address>0x200031e4</run_address>
         <size>0x4</size>
      </object_component>
      <object_component id="oc-169">
         <name>.common:Messageb</name>
         <uninitialized>true</uninitialized>
         <run_address>0x200031c0</run_address>
         <size>0x8</size>
      </object_component>
      <object_component id="oc-24a">
         <name>.common:__TI_tmpnams</name>
         <uninitialized>true</uninitialized>
         <run_address>0x20003120</run_address>
         <size>0xa0</size>
      </object_component>
      <object_component id="oc-274">
         <name>.common:parmbuf</name>
         <uninitialized>true</uninitialized>
         <run_address>0x200031c8</run_address>
         <size>0x8</size>
      </object_component>
      <object_component id="oc-30">
         <name>.sysmem</name>
         <uninitialized>true</uninitialized>
         <run_address>0x20003208</run_address>
         <size>0x8</size>
         <input_file_ref idref="fl-e7"/>
      </object_component>
      <object_component id="oc-2f9">
         <name>.sysmem</name>
         <uninitialized>true</uninitialized>
         <run_address>0x20003208</run_address>
         <size>0x0</size>
      </object_component>
      <object_component id="oc-2f">
         <name>.stack</name>
         <uninitialized>true</uninitialized>
         <run_address>0x2000fe00</run_address>
         <size>0x0</size>
         <input_file_ref idref="fl-c7"/>
      </object_component>
      <object_component id="oc-2f8">
         <name>.stack</name>
         <uninitialized>true</uninitialized>
         <run_address>0x2000fe00</run_address>
         <size>0x0</size>
      </object_component>
      <object_component id="oc-156">
         <name>.debug_info</name>
         <load_address>0x0</load_address>
         <run_address>0x0</run_address>
         <size>0x520</size>
         <input_file_ref idref="fl-2"/>
      </object_component>
      <object_component id="oc-f4">
         <name>.debug_info</name>
         <load_address>0x520</load_address>
         <run_address>0x520</run_address>
         <size>0x51b</size>
         <input_file_ref idref="fl-2"/>
      </object_component>
      <object_component id="oc-13f">
         <name>.debug_info</name>
         <load_address>0xa3b</load_address>
         <run_address>0xa3b</run_address>
         <size>0x37e2</size>
         <input_file_ref idref="fl-2"/>
      </object_component>
      <object_component id="oc-144">
         <name>.debug_info</name>
         <load_address>0x421d</load_address>
         <run_address>0x421d</run_address>
         <size>0x1055</size>
         <input_file_ref idref="fl-2"/>
      </object_component>
      <object_component id="oc-39">
         <name>.debug_info</name>
         <load_address>0x5272</load_address>
         <run_address>0x5272</run_address>
         <size>0x84</size>
         <input_file_ref idref="fl-2"/>
      </object_component>
      <object_component id="oc-cf">
         <name>.debug_info</name>
         <load_address>0x52f6</load_address>
         <run_address>0x52f6</run_address>
         <size>0x18b</size>
         <input_file_ref idref="fl-2"/>
      </object_component>
      <object_component id="oc-166">
         <name>.debug_info</name>
         <load_address>0x5481</load_address>
         <run_address>0x5481</run_address>
         <size>0x188</size>
         <input_file_ref idref="fl-3"/>
      </object_component>
      <object_component id="oc-101">
         <name>.debug_info</name>
         <load_address>0x5609</load_address>
         <run_address>0x5609</run_address>
         <size>0x34c</size>
         <input_file_ref idref="fl-3"/>
      </object_component>
      <object_component id="oc-115">
         <name>.debug_info</name>
         <load_address>0x5955</load_address>
         <run_address>0x5955</run_address>
         <size>0x30d</size>
         <input_file_ref idref="fl-4"/>
      </object_component>
      <object_component id="oc-1e2">
         <name>.debug_info</name>
         <load_address>0x5c62</load_address>
         <run_address>0x5c62</run_address>
         <size>0x51f</size>
         <input_file_ref idref="fl-5"/>
      </object_component>
      <object_component id="oc-191">
         <name>.debug_info</name>
         <load_address>0x6181</load_address>
         <run_address>0x6181</run_address>
         <size>0xd6</size>
         <input_file_ref idref="fl-5"/>
      </object_component>
      <object_component id="oc-18b">
         <name>.debug_info</name>
         <load_address>0x6257</load_address>
         <run_address>0x6257</run_address>
         <size>0xd6</size>
         <input_file_ref idref="fl-5"/>
      </object_component>
      <object_component id="oc-194">
         <name>.debug_info</name>
         <load_address>0x632d</load_address>
         <run_address>0x632d</run_address>
         <size>0xd6</size>
         <input_file_ref idref="fl-5"/>
      </object_component>
      <object_component id="oc-18e">
         <name>.debug_info</name>
         <load_address>0x6403</load_address>
         <run_address>0x6403</run_address>
         <size>0xe2</size>
         <input_file_ref idref="fl-5"/>
      </object_component>
      <object_component id="oc-11b">
         <name>.debug_info</name>
         <load_address>0x64e5</load_address>
         <run_address>0x64e5</run_address>
         <size>0x2c5</size>
         <input_file_ref idref="fl-5"/>
      </object_component>
      <object_component id="oc-158">
         <name>.debug_info</name>
         <load_address>0x67aa</load_address>
         <run_address>0x67aa</run_address>
         <size>0x637</size>
         <input_file_ref idref="fl-6"/>
      </object_component>
      <object_component id="oc-fb">
         <name>.debug_info</name>
         <load_address>0x6de1</load_address>
         <run_address>0x6de1</run_address>
         <size>0x61e</size>
         <input_file_ref idref="fl-6"/>
      </object_component>
      <object_component id="oc-11e">
         <name>.debug_info</name>
         <load_address>0x73ff</load_address>
         <run_address>0x73ff</run_address>
         <size>0x8b1</size>
         <input_file_ref idref="fl-7"/>
      </object_component>
      <object_component id="oc-b3">
         <name>.debug_info</name>
         <load_address>0x7cb0</load_address>
         <run_address>0x7cb0</run_address>
         <size>0x3d1</size>
         <input_file_ref idref="fl-7"/>
      </object_component>
      <object_component id="oc-10d">
         <name>.debug_info</name>
         <load_address>0x8081</load_address>
         <run_address>0x8081</run_address>
         <size>0x2f2</size>
         <input_file_ref idref="fl-8"/>
      </object_component>
      <object_component id="oc-cc">
         <name>.debug_info</name>
         <load_address>0x8373</load_address>
         <run_address>0x8373</run_address>
         <size>0x54b</size>
         <input_file_ref idref="fl-9"/>
      </object_component>
      <object_component id="oc-7f">
         <name>.debug_info</name>
         <load_address>0x88be</load_address>
         <run_address>0x88be</run_address>
         <size>0x26e</size>
         <input_file_ref idref="fl-9"/>
      </object_component>
      <object_component id="oc-16a">
         <name>.debug_info</name>
         <load_address>0x8b2c</load_address>
         <run_address>0x8b2c</run_address>
         <size>0x75e</size>
         <input_file_ref idref="fl-a"/>
      </object_component>
      <object_component id="oc-107">
         <name>.debug_info</name>
         <load_address>0x928a</load_address>
         <run_address>0x928a</run_address>
         <size>0x1664</size>
         <input_file_ref idref="fl-a"/>
      </object_component>
      <object_component id="oc-1a6">
         <name>.debug_info</name>
         <load_address>0xa8ee</load_address>
         <run_address>0xa8ee</run_address>
         <size>0xc8</size>
         <input_file_ref idref="fl-a"/>
      </object_component>
      <object_component id="oc-183">
         <name>.debug_info</name>
         <load_address>0xa9b6</load_address>
         <run_address>0xa9b6</run_address>
         <size>0x2c</size>
         <input_file_ref idref="fl-a"/>
      </object_component>
      <object_component id="oc-86">
         <name>.debug_info</name>
         <load_address>0xa9e2</load_address>
         <run_address>0xa9e2</run_address>
         <size>0x2a9</size>
         <input_file_ref idref="fl-b"/>
      </object_component>
      <object_component id="oc-2d">
         <name>.debug_info</name>
         <load_address>0xac8b</load_address>
         <run_address>0xac8b</run_address>
         <size>0xe7</size>
         <input_file_ref idref="fl-b"/>
      </object_component>
      <object_component id="oc-79">
         <name>.debug_info</name>
         <load_address>0xad72</load_address>
         <run_address>0xad72</run_address>
         <size>0x1ae</size>
         <input_file_ref idref="fl-b"/>
      </object_component>
      <object_component id="oc-13a">
         <name>.debug_info</name>
         <load_address>0xaf20</load_address>
         <run_address>0xaf20</run_address>
         <size>0xe0</size>
         <input_file_ref idref="fl-c"/>
      </object_component>
      <object_component id="oc-c6">
         <name>.debug_info</name>
         <load_address>0xb000</load_address>
         <run_address>0xb000</run_address>
         <size>0x252</size>
         <input_file_ref idref="fl-c"/>
      </object_component>
      <object_component id="oc-1bc">
         <name>.debug_info</name>
         <load_address>0xb252</load_address>
         <run_address>0xb252</run_address>
         <size>0x430</size>
         <input_file_ref idref="fl-c6"/>
      </object_component>
      <object_component id="oc-170">
         <name>.debug_info</name>
         <load_address>0xb682</load_address>
         <run_address>0xb682</run_address>
         <size>0x2d0</size>
         <input_file_ref idref="fl-c6"/>
      </object_component>
      <object_component id="oc-22d">
         <name>.debug_info</name>
         <load_address>0xb952</load_address>
         <run_address>0xb952</run_address>
         <size>0xea</size>
         <input_file_ref idref="fl-c6"/>
      </object_component>
      <object_component id="oc-228">
         <name>.debug_info</name>
         <load_address>0xba3c</load_address>
         <run_address>0xba3c</run_address>
         <size>0x2c</size>
         <input_file_ref idref="fl-c6"/>
      </object_component>
      <object_component id="oc-29">
         <name>.debug_info</name>
         <load_address>0xba68</load_address>
         <run_address>0xba68</run_address>
         <size>0x160</size>
         <input_file_ref idref="fl-c7"/>
      </object_component>
      <object_component id="oc-90">
         <name>.debug_info</name>
         <load_address>0xbbc8</load_address>
         <run_address>0xbbc8</run_address>
         <size>0x293</size>
         <input_file_ref idref="fl-c8"/>
      </object_component>
      <object_component id="oc-15">
         <name>.debug_info</name>
         <load_address>0xbe5b</load_address>
         <run_address>0xbe5b</run_address>
         <size>0x245</size>
         <input_file_ref idref="fl-c8"/>
      </object_component>
      <object_component id="oc-34">
         <name>.debug_info</name>
         <load_address>0xc0a0</load_address>
         <run_address>0xc0a0</run_address>
         <size>0x60</size>
         <input_file_ref idref="fl-c8"/>
      </object_component>
      <object_component id="oc-8b">
         <name>.debug_info</name>
         <load_address>0xc100</load_address>
         <run_address>0xc100</run_address>
         <size>0x46</size>
         <input_file_ref idref="fl-c8"/>
      </object_component>
      <object_component id="oc-49">
         <name>.debug_info</name>
         <load_address>0xc146</load_address>
         <run_address>0xc146</run_address>
         <size>0x2da</size>
         <input_file_ref idref="fl-c9"/>
      </object_component>
      <object_component id="oc-1c">
         <name>.debug_info</name>
         <load_address>0xc420</load_address>
         <run_address>0xc420</run_address>
         <size>0x1df</size>
         <input_file_ref idref="fl-c9"/>
      </object_component>
      <object_component id="oc-44">
         <name>.debug_info</name>
         <load_address>0xc5ff</load_address>
         <run_address>0xc5ff</run_address>
         <size>0x46</size>
         <input_file_ref idref="fl-c9"/>
      </object_component>
      <object_component id="oc-92">
         <name>.debug_info</name>
         <load_address>0xc645</load_address>
         <run_address>0xc645</run_address>
         <size>0x2c</size>
         <input_file_ref idref="fl-c9"/>
      </object_component>
      <object_component id="oc-55">
         <name>.debug_info</name>
         <load_address>0xc671</load_address>
         <run_address>0xc671</run_address>
         <size>0x2c9</size>
         <input_file_ref idref="fl-ca"/>
      </object_component>
      <object_component id="oc-22">
         <name>.debug_info</name>
         <load_address>0xc93a</load_address>
         <run_address>0xc93a</run_address>
         <size>0x1aa</size>
         <input_file_ref idref="fl-ca"/>
      </object_component>
      <object_component id="oc-50">
         <name>.debug_info</name>
         <load_address>0xcae4</load_address>
         <run_address>0xcae4</run_address>
         <size>0x46</size>
         <input_file_ref idref="fl-ca"/>
      </object_component>
      <object_component id="oc-9a">
         <name>.debug_info</name>
         <load_address>0xcb2a</load_address>
         <run_address>0xcb2a</run_address>
         <size>0x2c</size>
         <input_file_ref idref="fl-ca"/>
      </object_component>
      <object_component id="oc-1de">
         <name>.debug_info</name>
         <load_address>0xcb56</load_address>
         <run_address>0xcb56</run_address>
         <size>0x139</size>
         <input_file_ref idref="fl-cb"/>
      </object_component>
      <object_component id="oc-180">
         <name>.debug_info</name>
         <load_address>0xcc8f</load_address>
         <run_address>0xcc8f</run_address>
         <size>0xf7</size>
         <input_file_ref idref="fl-cb"/>
      </object_component>
      <object_component id="oc-1ca">
         <name>.debug_info</name>
         <load_address>0xcd86</load_address>
         <run_address>0xcd86</run_address>
         <size>0x184</size>
         <input_file_ref idref="fl-cb"/>
      </object_component>
      <object_component id="oc-251">
         <name>.debug_info</name>
         <load_address>0xcf0a</load_address>
         <run_address>0xcf0a</run_address>
         <size>0xae</size>
         <input_file_ref idref="fl-cb"/>
      </object_component>
      <object_component id="oc-c0">
         <name>.debug_info</name>
         <load_address>0xcfb8</load_address>
         <run_address>0xcfb8</run_address>
         <size>0x3ce</size>
         <input_file_ref idref="fl-cc"/>
      </object_component>
      <object_component id="oc-ba">
         <name>.debug_info</name>
         <load_address>0xd386</load_address>
         <run_address>0xd386</run_address>
         <size>0x185</size>
         <input_file_ref idref="fl-cc"/>
      </object_component>
      <object_component id="oc-70">
         <name>.debug_info</name>
         <load_address>0xd50b</load_address>
         <run_address>0xd50b</run_address>
         <size>0x214</size>
         <input_file_ref idref="fl-cc"/>
      </object_component>
      <object_component id="oc-1ce">
         <name>.debug_info</name>
         <load_address>0xd71f</load_address>
         <run_address>0xd71f</run_address>
         <size>0x3d6</size>
         <input_file_ref idref="fl-cd"/>
      </object_component>
      <object_component id="oc-174">
         <name>.debug_info</name>
         <load_address>0xdaf5</load_address>
         <run_address>0xdaf5</run_address>
         <size>0x455</size>
         <input_file_ref idref="fl-cd"/>
      </object_component>
      <object_component id="oc-d8">
         <name>.debug_info</name>
         <load_address>0xdf4a</load_address>
         <run_address>0xdf4a</run_address>
         <size>0x2c</size>
         <input_file_ref idref="fl-cd"/>
      </object_component>
      <object_component id="oc-1f6">
         <name>.debug_info</name>
         <load_address>0xdf76</load_address>
         <run_address>0xdf76</run_address>
         <size>0x417</size>
         <input_file_ref idref="fl-ce"/>
      </object_component>
      <object_component id="oc-1ac">
         <name>.debug_info</name>
         <load_address>0xe38d</load_address>
         <run_address>0xe38d</run_address>
         <size>0x282</size>
         <input_file_ref idref="fl-ce"/>
      </object_component>
      <object_component id="oc-41">
         <name>.debug_info</name>
         <load_address>0xe60f</load_address>
         <run_address>0xe60f</run_address>
         <size>0x111</size>
         <input_file_ref idref="fl-cf"/>
      </object_component>
      <object_component id="oc-4b">
         <name>.debug_info</name>
         <load_address>0xe720</load_address>
         <run_address>0xe720</run_address>
         <size>0x13f</size>
         <input_file_ref idref="fl-d0"/>
      </object_component>
      <object_component id="oc-58">
         <name>.debug_info</name>
         <load_address>0xe85f</load_address>
         <run_address>0xe85f</run_address>
         <size>0x138</size>
         <input_file_ref idref="fl-d1"/>
      </object_component>
      <object_component id="oc-237">
         <name>.debug_info</name>
         <load_address>0xe997</load_address>
         <run_address>0xe997</run_address>
         <size>0x3f7</size>
         <input_file_ref idref="fl-d2"/>
      </object_component>
      <object_component id="oc-1c0">
         <name>.debug_info</name>
         <load_address>0xed8e</load_address>
         <run_address>0xed8e</run_address>
         <size>0x23a</size>
         <input_file_ref idref="fl-d2"/>
      </object_component>
      <object_component id="oc-28c">
         <name>.debug_info</name>
         <load_address>0xefc8</load_address>
         <run_address>0xefc8</run_address>
         <size>0x120</size>
         <input_file_ref idref="fl-d2"/>
      </object_component>
      <object_component id="oc-5e">
         <name>.debug_info</name>
         <load_address>0xf0e8</load_address>
         <run_address>0xf0e8</run_address>
         <size>0x148</size>
         <input_file_ref idref="fl-d3"/>
      </object_component>
      <object_component id="oc-1d6">
         <name>.debug_info</name>
         <load_address>0xf230</load_address>
         <run_address>0xf230</run_address>
         <size>0x35a</size>
         <input_file_ref idref="fl-d4"/>
      </object_component>
      <object_component id="oc-17c">
         <name>.debug_info</name>
         <load_address>0xf58a</load_address>
         <run_address>0xf58a</run_address>
         <size>0x200</size>
         <input_file_ref idref="fl-d4"/>
      </object_component>
      <object_component id="oc-1d7">
         <name>.debug_info</name>
         <load_address>0xf78a</load_address>
         <run_address>0xf78a</run_address>
         <size>0xbb</size>
         <input_file_ref idref="fl-d4"/>
      </object_component>
      <object_component id="oc-75">
         <name>.debug_info</name>
         <load_address>0xf845</load_address>
         <run_address>0xf845</run_address>
         <size>0x109</size>
         <input_file_ref idref="fl-d5"/>
      </object_component>
      <object_component id="oc-263">
         <name>.debug_info</name>
         <load_address>0xf94e</load_address>
         <run_address>0xf94e</run_address>
         <size>0x28f</size>
         <input_file_ref idref="fl-d6"/>
      </object_component>
      <object_component id="oc-1f0">
         <name>.debug_info</name>
         <load_address>0xfbdd</load_address>
         <run_address>0xfbdd</run_address>
         <size>0x244</size>
         <input_file_ref idref="fl-d6"/>
      </object_component>
      <object_component id="oc-261">
         <name>.debug_info</name>
         <load_address>0xfe21</load_address>
         <run_address>0xfe21</run_address>
         <size>0x27f</size>
         <input_file_ref idref="fl-d7"/>
      </object_component>
      <object_component id="oc-1ea">
         <name>.debug_info</name>
         <load_address>0x100a0</load_address>
         <run_address>0x100a0</run_address>
         <size>0x258</size>
         <input_file_ref idref="fl-d7"/>
      </object_component>
      <object_component id="oc-1f8">
         <name>.debug_info</name>
         <load_address>0x102f8</load_address>
         <run_address>0x102f8</run_address>
         <size>0x290</size>
         <input_file_ref idref="fl-d8"/>
      </object_component>
      <object_component id="oc-1b3">
         <name>.debug_info</name>
         <load_address>0x10588</load_address>
         <run_address>0x10588</run_address>
         <size>0x259</size>
         <input_file_ref idref="fl-d8"/>
      </object_component>
      <object_component id="oc-225">
         <name>.debug_info</name>
         <load_address>0x107e1</load_address>
         <run_address>0x107e1</run_address>
         <size>0x4c5</size>
         <input_file_ref idref="fl-d9"/>
      </object_component>
      <object_component id="oc-1b9">
         <name>.debug_info</name>
         <load_address>0x10ca6</load_address>
         <run_address>0x10ca6</run_address>
         <size>0xf8</size>
         <input_file_ref idref="fl-d9"/>
      </object_component>
      <object_component id="oc-234">
         <name>.debug_info</name>
         <load_address>0x10d9e</load_address>
         <run_address>0x10d9e</run_address>
         <size>0xf8</size>
         <input_file_ref idref="fl-d9"/>
      </object_component>
      <object_component id="oc-296">
         <name>.debug_info</name>
         <load_address>0x10e96</load_address>
         <run_address>0x10e96</run_address>
         <size>0x184</size>
         <input_file_ref idref="fl-d9"/>
      </object_component>
      <object_component id="oc-135">
         <name>.debug_info</name>
         <load_address>0x1101a</load_address>
         <run_address>0x1101a</run_address>
         <size>0x2be</size>
         <input_file_ref idref="fl-da"/>
      </object_component>
      <object_component id="oc-bd">
         <name>.debug_info</name>
         <load_address>0x112d8</load_address>
         <run_address>0x112d8</run_address>
         <size>0x113</size>
         <input_file_ref idref="fl-da"/>
      </object_component>
      <object_component id="oc-12e">
         <name>.debug_info</name>
         <load_address>0x113eb</load_address>
         <run_address>0x113eb</run_address>
         <size>0x21f</size>
         <input_file_ref idref="fl-da"/>
      </object_component>
      <object_component id="oc-b8">
         <name>.debug_info</name>
         <load_address>0x1160a</load_address>
         <run_address>0x1160a</run_address>
         <size>0x300</size>
         <input_file_ref idref="fl-db"/>
      </object_component>
      <object_component id="oc-69">
         <name>.debug_info</name>
         <load_address>0x1190a</load_address>
         <run_address>0x1190a</run_address>
         <size>0x167</size>
         <input_file_ref idref="fl-db"/>
      </object_component>
      <object_component id="oc-126">
         <name>.debug_info</name>
         <load_address>0x11a71</load_address>
         <run_address>0x11a71</run_address>
         <size>0x5e</size>
         <input_file_ref idref="fl-db"/>
      </object_component>
      <object_component id="oc-b0">
         <name>.debug_info</name>
         <load_address>0x11acf</load_address>
         <run_address>0x11acf</run_address>
         <size>0x483</size>
         <input_file_ref idref="fl-dc"/>
      </object_component>
      <object_component id="oc-65">
         <name>.debug_info</name>
         <load_address>0x11f52</load_address>
         <run_address>0x11f52</run_address>
         <size>0x190</size>
         <input_file_ref idref="fl-dc"/>
      </object_component>
      <object_component id="oc-e9">
         <name>.debug_info</name>
         <load_address>0x120e2</load_address>
         <run_address>0x120e2</run_address>
         <size>0x39</size>
         <input_file_ref idref="fl-dc"/>
      </object_component>
      <object_component id="oc-150">
         <name>.debug_info</name>
         <load_address>0x1211b</load_address>
         <run_address>0x1211b</run_address>
         <size>0x39</size>
         <input_file_ref idref="fl-dc"/>
      </object_component>
      <object_component id="oc-ee">
         <name>.debug_info</name>
         <load_address>0x12154</load_address>
         <run_address>0x12154</run_address>
         <size>0xcd</size>
         <input_file_ref idref="fl-dc"/>
      </object_component>
      <object_component id="oc-e5">
         <name>.debug_info</name>
         <load_address>0x12221</load_address>
         <run_address>0x12221</run_address>
         <size>0x37a</size>
         <input_file_ref idref="fl-dd"/>
      </object_component>
      <object_component id="oc-a6">
         <name>.debug_info</name>
         <load_address>0x1259b</load_address>
         <run_address>0x1259b</run_address>
         <size>0x183</size>
         <input_file_ref idref="fl-dd"/>
      </object_component>
      <object_component id="oc-14b">
         <name>.debug_info</name>
         <load_address>0x1271e</load_address>
         <run_address>0x1271e</run_address>
         <size>0x2c</size>
         <input_file_ref idref="fl-dd"/>
      </object_component>
      <object_component id="oc-24c">
         <name>.debug_info</name>
         <load_address>0x1274a</load_address>
         <run_address>0x1274a</run_address>
         <size>0x39a</size>
         <input_file_ref idref="fl-de"/>
      </object_component>
      <object_component id="oc-1c4">
         <name>.debug_info</name>
         <load_address>0x12ae4</load_address>
         <run_address>0x12ae4</run_address>
         <size>0x298</size>
         <input_file_ref idref="fl-de"/>
      </object_component>
      <object_component id="oc-29c">
         <name>.debug_info</name>
         <load_address>0x12d7c</load_address>
         <run_address>0x12d7c</run_address>
         <size>0x33c</size>
         <input_file_ref idref="fl-df"/>
      </object_component>
      <object_component id="oc-239">
         <name>.debug_info</name>
         <load_address>0x130b8</load_address>
         <run_address>0x130b8</run_address>
         <size>0x25a</size>
         <input_file_ref idref="fl-df"/>
      </object_component>
      <object_component id="oc-279">
         <name>.debug_info</name>
         <load_address>0x13312</load_address>
         <run_address>0x13312</run_address>
         <size>0x368</size>
         <input_file_ref idref="fl-e0"/>
      </object_component>
      <object_component id="oc-200">
         <name>.debug_info</name>
         <load_address>0x1367a</load_address>
         <run_address>0x1367a</run_address>
         <size>0x1b1</size>
         <input_file_ref idref="fl-e0"/>
      </object_component>
      <object_component id="oc-27f">
         <name>.debug_info</name>
         <load_address>0x1382b</load_address>
         <run_address>0x1382b</run_address>
         <size>0x36d</size>
         <input_file_ref idref="fl-e1"/>
      </object_component>
      <object_component id="oc-212">
         <name>.debug_info</name>
         <load_address>0x13b98</load_address>
         <run_address>0x13b98</run_address>
         <size>0x205</size>
         <input_file_ref idref="fl-e1"/>
      </object_component>
      <object_component id="oc-275">
         <name>.debug_info</name>
         <load_address>0x13d9d</load_address>
         <run_address>0x13d9d</run_address>
         <size>0x3cb</size>
         <input_file_ref idref="fl-e2"/>
      </object_component>
      <object_component id="oc-1fa">
         <name>.debug_info</name>
         <load_address>0x14168</load_address>
         <run_address>0x14168</run_address>
         <size>0x201</size>
         <input_file_ref idref="fl-e2"/>
      </object_component>
      <object_component id="oc-27b">
         <name>.debug_info</name>
         <load_address>0x14369</load_address>
         <run_address>0x14369</run_address>
         <size>0x36c</size>
         <input_file_ref idref="fl-e3"/>
      </object_component>
      <object_component id="oc-207">
         <name>.debug_info</name>
         <load_address>0x146d5</load_address>
         <run_address>0x146d5</run_address>
         <size>0x1f0</size>
         <input_file_ref idref="fl-e3"/>
      </object_component>
      <object_component id="oc-289">
         <name>.debug_info</name>
         <load_address>0x148c5</load_address>
         <run_address>0x148c5</run_address>
         <size>0x3f3</size>
         <input_file_ref idref="fl-e4"/>
      </object_component>
      <object_component id="oc-220">
         <name>.debug_info</name>
         <load_address>0x14cb8</load_address>
         <run_address>0x14cb8</run_address>
         <size>0x22b</size>
         <input_file_ref idref="fl-e4"/>
      </object_component>
      <object_component id="oc-281">
         <name>.debug_info</name>
         <load_address>0x14ee3</load_address>
         <run_address>0x14ee3</run_address>
         <size>0x3be</size>
         <input_file_ref idref="fl-e5"/>
      </object_component>
      <object_component id="oc-218">
         <name>.debug_info</name>
         <load_address>0x152a1</load_address>
         <run_address>0x152a1</run_address>
         <size>0x1bb</size>
         <input_file_ref idref="fl-e5"/>
      </object_component>
      <object_component id="oc-27d">
         <name>.debug_info</name>
         <load_address>0x1545c</load_address>
         <run_address>0x1545c</run_address>
         <size>0x36d</size>
         <input_file_ref idref="fl-e6"/>
      </object_component>
      <object_component id="oc-20c">
         <name>.debug_info</name>
         <load_address>0x157c9</load_address>
         <run_address>0x157c9</run_address>
         <size>0x1f5</size>
         <input_file_ref idref="fl-e6"/>
      </object_component>
      <object_component id="oc-89">
         <name>.debug_info</name>
         <load_address>0x159be</load_address>
         <run_address>0x159be</run_address>
         <size>0x3bc</size>
         <input_file_ref idref="fl-e7"/>
      </object_component>
      <object_component id="oc-31">
         <name>.debug_info</name>
         <load_address>0x15d7a</load_address>
         <run_address>0x15d7a</run_address>
         <size>0x101</size>
         <input_file_ref idref="fl-e7"/>
      </object_component>
      <object_component id="oc-257">
         <name>.debug_info</name>
         <load_address>0x15e7b</load_address>
         <run_address>0x15e7b</run_address>
         <size>0x14c</size>
         <input_file_ref idref="fl-e7"/>
      </object_component>
      <object_component id="oc-1d0">
         <name>.debug_info</name>
         <load_address>0x15fc7</load_address>
         <run_address>0x15fc7</run_address>
         <size>0x885</size>
         <input_file_ref idref="fl-e7"/>
      </object_component>
      <object_component id="oc-dd">
         <name>.debug_info</name>
         <load_address>0x1684c</load_address>
         <run_address>0x1684c</run_address>
         <size>0x62</size>
         <input_file_ref idref="fl-e7"/>
      </object_component>
      <object_component id="oc-ac">
         <name>.debug_info</name>
         <load_address>0x168ae</load_address>
         <run_address>0x168ae</run_address>
         <size>0x145</size>
         <input_file_ref idref="fl-e9"/>
      </object_component>
      <object_component id="oc-2bd">
         <name>.debug_info</name>
         <load_address>0x169f3</load_address>
         <run_address>0x169f3</run_address>
         <size>0x28a</size>
         <input_file_ref idref="fl-ea"/>
      </object_component>
      <object_component id="oc-283">
         <name>.debug_info</name>
         <load_address>0x16c7d</load_address>
         <run_address>0x16c7d</run_address>
         <size>0x231</size>
         <input_file_ref idref="fl-ea"/>
      </object_component>
      <object_component id="oc-2aa">
         <name>.debug_info</name>
         <load_address>0x16eae</load_address>
         <run_address>0x16eae</run_address>
         <size>0x284</size>
         <input_file_ref idref="fl-eb"/>
      </object_component>
      <object_component id="oc-269">
         <name>.debug_info</name>
         <load_address>0x17132</load_address>
         <run_address>0x17132</run_address>
         <size>0x22a</size>
         <input_file_ref idref="fl-eb"/>
      </object_component>
      <object_component id="oc-2af">
         <name>.debug_info</name>
         <load_address>0x1735c</load_address>
         <run_address>0x1735c</run_address>
         <size>0x2b0</size>
         <input_file_ref idref="fl-ec"/>
      </object_component>
      <object_component id="oc-2ac">
         <name>.debug_info</name>
         <load_address>0x1760c</load_address>
         <run_address>0x1760c</run_address>
         <size>0xfd</size>
         <input_file_ref idref="fl-ec"/>
      </object_component>
      <object_component id="oc-26f">
         <name>.debug_info</name>
         <load_address>0x17709</load_address>
         <run_address>0x17709</run_address>
         <size>0x281</size>
         <input_file_ref idref="fl-ec"/>
      </object_component>
      <object_component id="oc-2a0">
         <name>.debug_info</name>
         <load_address>0x1798a</load_address>
         <run_address>0x1798a</run_address>
         <size>0x3c6</size>
         <input_file_ref idref="fl-ed"/>
      </object_component>
      <object_component id="oc-248">
         <name>.debug_info</name>
         <load_address>0x17d50</load_address>
         <run_address>0x17d50</run_address>
         <size>0x19a</size>
         <input_file_ref idref="fl-ed"/>
      </object_component>
      <object_component id="oc-29e">
         <name>.debug_info</name>
         <load_address>0x17eea</load_address>
         <run_address>0x17eea</run_address>
         <size>0x3c4</size>
         <input_file_ref idref="fl-ee"/>
      </object_component>
      <object_component id="oc-23f">
         <name>.debug_info</name>
         <load_address>0x182ae</load_address>
         <run_address>0x182ae</run_address>
         <size>0x18a</size>
         <input_file_ref idref="fl-ee"/>
      </object_component>
      <object_component id="oc-2fa">
         <name>.debug_info</name>
         <load_address>0x18438</load_address>
         <run_address>0x18438</run_address>
         <size>0x96</size>
      </object_component>
      <object_component id="oc-19f">
         <name>.debug_line</name>
         <load_address>0x0</load_address>
         <run_address>0x0</run_address>
         <size>0x20</size>
         <input_file_ref idref="fl-2"/>
      </object_component>
      <object_component id="oc-f7">
         <name>.debug_line</name>
         <load_address>0x20</load_address>
         <run_address>0x20</run_address>
         <size>0x15e</size>
         <input_file_ref idref="fl-2"/>
      </object_component>
      <object_component id="oc-142">
         <name>.debug_line</name>
         <load_address>0x17e</load_address>
         <run_address>0x17e</run_address>
         <size>0x59</size>
         <input_file_ref idref="fl-2"/>
      </object_component>
      <object_component id="oc-147">
         <name>.debug_line</name>
         <load_address>0x1d7</load_address>
         <run_address>0x1d7</run_address>
         <size>0x5c</size>
         <input_file_ref idref="fl-2"/>
      </object_component>
      <object_component id="oc-3c">
         <name>.debug_line</name>
         <load_address>0x233</load_address>
         <run_address>0x233</run_address>
         <size>0x20</size>
         <input_file_ref idref="fl-2"/>
      </object_component>
      <object_component id="oc-d2">
         <name>.debug_line</name>
         <load_address>0x253</load_address>
         <run_address>0x253</run_address>
         <size>0x6c</size>
         <input_file_ref idref="fl-2"/>
      </object_component>
      <object_component id="oc-1a3">
         <name>.debug_line</name>
         <load_address>0x2bf</load_address>
         <run_address>0x2bf</run_address>
         <size>0x3e</size>
         <input_file_ref idref="fl-3"/>
      </object_component>
      <object_component id="oc-104">
         <name>.debug_line</name>
         <load_address>0x2fd</load_address>
         <run_address>0x2fd</run_address>
         <size>0x10b</size>
         <input_file_ref idref="fl-3"/>
      </object_component>
      <object_component id="oc-112">
         <name>.debug_line</name>
         <load_address>0x408</load_address>
         <run_address>0x408</run_address>
         <size>0xc2</size>
         <input_file_ref idref="fl-4"/>
      </object_component>
      <object_component id="oc-25f">
         <name>.debug_line</name>
         <load_address>0x4ca</load_address>
         <run_address>0x4ca</run_address>
         <size>0x20</size>
         <input_file_ref idref="fl-5"/>
      </object_component>
      <object_component id="oc-1e6">
         <name>.debug_line</name>
         <load_address>0x4ea</load_address>
         <run_address>0x4ea</run_address>
         <size>0x43</size>
         <input_file_ref idref="fl-5"/>
      </object_component>
      <object_component id="oc-1e1">
         <name>.debug_line</name>
         <load_address>0x52d</load_address>
         <run_address>0x52d</run_address>
         <size>0x43</size>
         <input_file_ref idref="fl-5"/>
      </object_component>
      <object_component id="oc-1e8">
         <name>.debug_line</name>
         <load_address>0x570</load_address>
         <run_address>0x570</run_address>
         <size>0x43</size>
         <input_file_ref idref="fl-5"/>
      </object_component>
      <object_component id="oc-1e4">
         <name>.debug_line</name>
         <load_address>0x5b3</load_address>
         <run_address>0x5b3</run_address>
         <size>0x43</size>
         <input_file_ref idref="fl-5"/>
      </object_component>
      <object_component id="oc-11a">
         <name>.debug_line</name>
         <load_address>0x5f6</load_address>
         <run_address>0x5f6</run_address>
         <size>0x144</size>
         <input_file_ref idref="fl-5"/>
      </object_component>
      <object_component id="oc-1a1">
         <name>.debug_line</name>
         <load_address>0x73a</load_address>
         <run_address>0x73a</run_address>
         <size>0x3c</size>
         <input_file_ref idref="fl-6"/>
      </object_component>
      <object_component id="oc-fa">
         <name>.debug_line</name>
         <load_address>0x776</load_address>
         <run_address>0x776</run_address>
         <size>0x19b</size>
         <input_file_ref idref="fl-6"/>
      </object_component>
      <object_component id="oc-198">
         <name>.debug_line</name>
         <load_address>0x911</load_address>
         <run_address>0x911</run_address>
         <size>0xe9</size>
         <input_file_ref idref="fl-7"/>
      </object_component>
      <object_component id="oc-b6">
         <name>.debug_line</name>
         <load_address>0x9fa</load_address>
         <run_address>0x9fa</run_address>
         <size>0xa1</size>
         <input_file_ref idref="fl-7"/>
      </object_component>
      <object_component id="oc-110">
         <name>.debug_line</name>
         <load_address>0xa9b</load_address>
         <run_address>0xa9b</run_address>
         <size>0xb4</size>
         <input_file_ref idref="fl-8"/>
      </object_component>
      <object_component id="oc-13e">
         <name>.debug_line</name>
         <load_address>0xb4f</load_address>
         <run_address>0xb4f</run_address>
         <size>0x40</size>
         <input_file_ref idref="fl-9"/>
      </object_component>
      <object_component id="oc-82">
         <name>.debug_line</name>
         <load_address>0xb8f</load_address>
         <run_address>0xb8f</run_address>
         <size>0x97</size>
         <input_file_ref idref="fl-9"/>
      </object_component>
      <object_component id="oc-1a5">
         <name>.debug_line</name>
         <load_address>0xc26</load_address>
         <run_address>0xc26</run_address>
         <size>0xd3</size>
         <input_file_ref idref="fl-a"/>
      </object_component>
      <object_component id="oc-109">
         <name>.debug_line</name>
         <load_address>0xcf9</load_address>
         <run_address>0xcf9</run_address>
         <size>0x4bd</size>
         <input_file_ref idref="fl-a"/>
      </object_component>
      <object_component id="oc-1a9">
         <name>.debug_line</name>
         <load_address>0x11b6</load_address>
         <run_address>0x11b6</run_address>
         <size>0x6b</size>
         <input_file_ref idref="fl-a"/>
      </object_component>
      <object_component id="oc-186">
         <name>.debug_line</name>
         <load_address>0x1221</load_address>
         <run_address>0x1221</run_address>
         <size>0x6a</size>
         <input_file_ref idref="fl-a"/>
      </object_component>
      <object_component id="oc-d5">
         <name>.debug_line</name>
         <load_address>0x128b</load_address>
         <run_address>0x128b</run_address>
         <size>0x40</size>
         <input_file_ref idref="fl-b"/>
      </object_component>
      <object_component id="oc-85">
         <name>.debug_line</name>
         <load_address>0x12cb</load_address>
         <run_address>0x12cb</run_address>
         <size>0x40</size>
         <input_file_ref idref="fl-b"/>
      </object_component>
      <object_component id="oc-7c">
         <name>.debug_line</name>
         <load_address>0x130b</load_address>
         <run_address>0x130b</run_address>
         <size>0x71</size>
         <input_file_ref idref="fl-b"/>
      </object_component>
      <object_component id="oc-19d">
         <name>.debug_line</name>
         <load_address>0x137c</load_address>
         <run_address>0x137c</run_address>
         <size>0x3b</size>
         <input_file_ref idref="fl-c"/>
      </object_component>
      <object_component id="oc-c9">
         <name>.debug_line</name>
         <load_address>0x13b7</load_address>
         <run_address>0x13b7</run_address>
         <size>0x146</size>
         <input_file_ref idref="fl-c"/>
      </object_component>
      <object_component id="oc-227">
         <name>.debug_line</name>
         <load_address>0x14fd</load_address>
         <run_address>0x14fd</run_address>
         <size>0xff</size>
         <input_file_ref idref="fl-c6"/>
      </object_component>
      <object_component id="oc-172">
         <name>.debug_line</name>
         <load_address>0x15fc</load_address>
         <run_address>0x15fc</run_address>
         <size>0xa0</size>
         <input_file_ref idref="fl-c6"/>
      </object_component>
      <object_component id="oc-230">
         <name>.debug_line</name>
         <load_address>0x169c</load_address>
         <run_address>0x169c</run_address>
         <size>0x2c</size>
         <input_file_ref idref="fl-c6"/>
      </object_component>
      <object_component id="oc-22b">
         <name>.debug_line</name>
         <load_address>0x16c8</load_address>
         <run_address>0x16c8</run_address>
         <size>0x89</size>
         <input_file_ref idref="fl-c6"/>
      </object_component>
      <object_component id="oc-28">
         <name>.debug_line</name>
         <load_address>0x1751</load_address>
         <run_address>0x1751</run_address>
         <size>0x53</size>
         <input_file_ref idref="fl-c7"/>
      </object_component>
      <object_component id="oc-e3">
         <name>.debug_line</name>
         <load_address>0x17a4</load_address>
         <run_address>0x17a4</run_address>
         <size>0x20</size>
         <input_file_ref idref="fl-c8"/>
      </object_component>
      <object_component id="oc-19">
         <name>.debug_line</name>
         <load_address>0x17c4</load_address>
         <run_address>0x17c4</run_address>
         <size>0xa9</size>
         <input_file_ref idref="fl-c8"/>
      </object_component>
      <object_component id="oc-37">
         <name>.debug_line</name>
         <load_address>0x186d</load_address>
         <run_address>0x186d</run_address>
         <size>0x3a</size>
         <input_file_ref idref="fl-c8"/>
      </object_component>
      <object_component id="oc-8e">
         <name>.debug_line</name>
         <load_address>0x18a7</load_address>
         <run_address>0x18a7</run_address>
         <size>0x8a</size>
         <input_file_ref idref="fl-c8"/>
      </object_component>
      <object_component id="oc-98">
         <name>.debug_line</name>
         <load_address>0x1931</load_address>
         <run_address>0x1931</run_address>
         <size>0x8a</size>
         <input_file_ref idref="fl-c9"/>
      </object_component>
      <object_component id="oc-1f">
         <name>.debug_line</name>
         <load_address>0x19bb</load_address>
         <run_address>0x19bb</run_address>
         <size>0x55</size>
         <input_file_ref idref="fl-c9"/>
      </object_component>
      <object_component id="oc-47">
         <name>.debug_line</name>
[...]
      </symbol>
      <symbol id="sm-285">
         <name>UART0_InUDec</name>
         <value>0x175</value>
         <object_component_ref idref="oc-105"/>
      </symbol>
      <symbol id="sm-286">
         <name>UART0_InUHex</name>
         <value>0x469</value>
         <object_component_ref idref="oc-105"/>
      </symbol>
      <symbol id="sm-29b">
         <name>Reset_Handler</name>
         <value>0x2a43</value>
         <object_component_ref idref="oc-78"/>
      </symbol>
      <symbol id="sm-29c">
         <name>Default_Handler</name>
         <value>0x2a4f</value>
         <object_component_ref idref="oc-78"/>
      </symbol>
      <symbol id="sm-29d">
         <name>interruptVectors</name>
         <value>0x0</value>
         <object_component_ref idref="oc-2c"/>
      </symbol>
      <symbol id="sm-2e3">
         <name>SystemInit</name>
         <value>0x11ed</value>
         <object_component_ref idref="oc-c4"/>
      </symbol>
      <symbol id="sm-2e4">
         <name>SystemCoreClockUpdate</name>
         <value>0xf79</value>
         <object_component_ref idref="oc-c4"/>
      </symbol>
      <symbol id="sm-2e5">
         <name>SystemCoreClock</name>
         <value>0x20003878</value>
         <object_component_ref idref="oc-139"/>
      </symbol>
      <symbol id="sm-30a">
         <name>add_device</name>
         <value>0x2089</value>
         <object_component_ref idref="oc-16d"/>
      </symbol>
      <symbol id="sm-31b">
         <name>_c_int00</name>
         <value>0x2785</value>
         <object_component_ref idref="oc-26"/>
      </symbol>
      <symbol id="sm-31c">
         <name>__stack</name>
         <value>0x2000fe00</value>
         <object_component_ref idref="oc-2f"/>
      </symbol>
      <symbol id="sm-33a">
         <name>__TI_decompress_lzss</name>
         <value>0x2479</value>
         <object_component_ref idref="oc-14"/>
      </symbol>
      <symbol id="sm-351">
         <name>__TI_decompress_none</name>
         <value>0x2a35</value>
         <object_component_ref idref="oc-1a"/>
      </symbol>
      <symbol id="sm-368">
         <name>__TI_zero_init</name>
         <value>0x2a51</value>
         <object_component_ref idref="oc-20"/>
      </symbol>
      <symbol id="sm-382">
         <name>__TI_tmpnams</name>
         <value>0x20003120</value>
      </symbol>
      <symbol id="sm-383">
         <name>__aeabi_stdout</name>
         <value>0x20003840</value>
         <object_component_ref idref="oc-1c9"/>
      </symbol>
      <symbol id="sm-384">
         <name>__aeabi_stderr</name>
         <value>0x20003844</value>
         <object_component_ref idref="oc-1c9"/>
      </symbol>
      <symbol id="sm-385">
         <name>__aeabi_stdin</name>
         <value>0x2000383c</value>
         <object_component_ref idref="oc-1c9"/>
      </symbol>
      <symbol id="sm-386">
         <name>_ftable</name>
         <value>0x20003608</value>
         <object_component_ref idref="oc-17f"/>
      </symbol>
      <symbol id="sm-387">
         <name>__TI_ft_end</name>
         <value>0x20003838</value>
         <object_component_ref idref="oc-1c9"/>
      </symbol>
      <symbol id="sm-3a8">
         <name>C$$EXIT</name>
         <value>0x27d9</value>
         <object_component_ref idref="oc-6e"/>
      </symbol>
      <symbol id="sm-3a9">
         <name>abort</name>
         <value>0x27dd</value>
         <object_component_ref idref="oc-6e"/>
      </symbol>
      <symbol id="sm-3aa">
         <name>exit</name>
         <value>0x27e5</value>
         <object_component_ref idref="oc-6e"/>
      </symbol>
      <symbol id="sm-3ab">
         <name>__TI_dtors_ptr</name>
         <value>0x2000384c</value>
         <object_component_ref idref="oc-b9"/>
      </symbol>
      <symbol id="sm-3ac">
         <name>__TI_cleanup_ptr</name>
         <value>0x20003848</value>
         <object_component_ref idref="oc-b9"/>
      </symbol>
      <symbol id="sm-3ad">
         <name>__TI_enable_exit_profile_output</name>
         <value>0x20003850</value>
         <object_component_ref idref="oc-b9"/>
      </symbol>
      <symbol id="sm-3e4">
         <name>__TI_cleanup</name>
         <value>0x1ab5</value>
         <object_component_ref idref="oc-173"/>
      </symbol>
      <symbol id="sm-3e5">
         <name>freopen</name>
         <value>0x1ae1</value>
         <object_component_ref idref="oc-173"/>
      </symbol>
      <symbol id="sm-3e6">
         <name>fopen</name>
         <value>0x1b0b</value>
         <object_component_ref idref="oc-173"/>
      </symbol>
      <symbol id="sm-3fb">
         <name>finddevice</name>
         <value>0x2409</value>
         <object_component_ref idref="oc-1ab"/>
      </symbol>
      <symbol id="sm-3fc">
         <name>getdevice</name>
         <value>0x2433</value>
         <object_component_ref idref="oc-1ab"/>
      </symbol>
      <symbol id="sm-417">
         <name>memcpy</name>
         <value>0x21e9</value>
         <object_component_ref idref="oc-3e"/>
      </symbol>
      <symbol id="sm-418">
         <name>__aeabi_memcpy</name>
         <value>0x21e9</value>
         <object_component_ref idref="oc-3e"/>
      </symbol>
      <symbol id="sm-419">
         <name>__aeabi_memcpy8</name>
         <value>0x21e9</value>
         <object_component_ref idref="oc-3e"/>
      </symbol>
      <symbol id="sm-41a">
         <name>__aeabi_memcpy4</name>
         <value>0x21e9</value>
         <object_component_ref idref="oc-3e"/>
      </symbol>
      <symbol id="sm-429">
         <name>__aeabi_memset</name>
         <value>0x231f</value>
         <object_component_ref idref="oc-4a"/>
      </symbol>
      <symbol id="sm-42a">
         <name>memset</name>
         <value>0x2325</value>
         <object_component_ref idref="oc-4a"/>
      </symbol>
      <symbol id="sm-42b">
         <name>__aeabi_memset8</name>
         <value>0x231f</value>
         <object_component_ref idref="oc-4a"/>
      </symbol>
      <symbol id="sm-42c">
         <name>__aeabi_memset4</name>
         <value>0x231f</value>
         <object_component_ref idref="oc-4a"/>
      </symbol>
      <symbol id="sm-42d">
         <name>__aeabi_memclr8</name>
         <value>0x231d</value>
         <object_component_ref idref="oc-4a"/>
      </symbol>
      <symbol id="sm-42e">
         <name>__aeabi_memclr4</name>
         <value>0x231d</value>
         <object_component_ref idref="oc-4a"/>
      </symbol>
      <symbol id="sm-42f">
         <name>__aeabi_memclr</name>
         <value>0x231d</value>
         <object_component_ref idref="oc-4a"/>
      </symbol>
      <symbol id="sm-439">
         <name>__mpu_init</name>
         <value>0x2397</value>
         <object_component_ref idref="oc-56"/>
      </symbol>
      <symbol id="sm-45b">
         <name>open</name>
         <value>0x1fcd</value>
         <object_component_ref idref="oc-1bd"/>
      </symbol>
      <symbol id="sm-465">
         <name>_system_pre_init</name>
         <value>0x2a5d</value>
         <object_component_ref idref="oc-5c"/>
      </symbol>
      <symbol id="sm-486">
         <name>setvbuf</name>
         <value>0x1e29</value>
         <object_component_ref idref="oc-179"/>
      </symbol>
      <symbol id="sm-48e">
         <name>main_func_sp</name>
         <value>0x20003874</value>
         <object_component_ref idref="oc-74"/>
      </symbol>
      <symbol id="sm-49e">
         <name>strchr</name>
         <value>0x29e1</value>
         <object_component_ref idref="oc-1ef"/>
      </symbol>
      <symbol id="sm-4ad">
         <name>strcmp</name>
         <value>0x29c9</value>
         <object_component_ref idref="oc-1e9"/>
      </symbol>
      <symbol id="sm-4bd">
         <name>strncpy</name>
         <value>0x2901</value>
         <object_component_ref idref="oc-1b1"/>
      </symbol>
      <symbol id="sm-4d9">
         <name>_stream</name>
         <value>0x20003770</value>
         <object_component_ref idref="oc-233"/>
      </symbol>
      <symbol id="sm-4da">
         <name>_device</name>
         <value>0x200036f8</value>
         <object_component_ref idref="oc-1b8"/>
      </symbol>
      <symbol id="sm-4db">
         <name>write</name>
         <value>0x2965</value>
         <object_component_ref idref="oc-295"/>
      </symbol>
      <symbol id="sm-4f4">
         <name>_nop</name>
         <value>0x2a07</value>
         <object_component_ref idref="oc-12d"/>
      </symbol>
      <symbol id="sm-4f5">
         <name>_lock</name>
         <value>0x20003860</value>
         <object_component_ref idref="oc-bc"/>
      </symbol>
      <symbol id="sm-4f6">
         <name>_unlock</name>
         <value>0x20003864</value>
         <object_component_ref idref="oc-bc"/>
      </symbol>
      <symbol id="sm-4f7">
         <name>_register_lock</name>
         <value>0x29ff</value>
         <object_component_ref idref="oc-12d"/>
      </symbol>
      <symbol id="sm-4f8">
         <name>_register_unlock</name>
         <value>0x29f9</value>
         <object_component_ref idref="oc-12d"/>
      </symbol>
      <symbol id="sm-50c">
         <name>_args_main</name>
         <value>0x29b1</value>
         <object_component_ref idref="oc-68"/>
      </symbol>
      <symbol id="sm-536">
         <name>__TI_auto_init</name>
         <value>0x2399</value>
         <object_component_ref idref="oc-62"/>
      </symbol>
      <symbol id="sm-550">
         <name>copy_in</name>
         <value>0x282d</value>
         <object_component_ref idref="oc-a3"/>
      </symbol>
      <symbol id="sm-566">
         <name>__TI_closefile</name>
         <value>0x2285</value>
         <object_component_ref idref="oc-1c3"/>
      </symbol>
      <symbol id="sm-567">
         <name>fclose</name>
         <value>0x22eb</value>
         <object_component_ref idref="oc-1c3"/>
      </symbol>
      <symbol id="sm-581">
         <name>__TI_doflush</name>
         <value>0x1f05</value>
         <object_component_ref idref="oc-238"/>
      </symbol>
      <symbol id="sm-582">
         <name>fflush</name>
         <value>0x1f51</value>
         <object_component_ref idref="oc-238"/>
      </symbol>
      <symbol id="sm-593">
         <name>HOSTclose</name>
         <value>0x2879</value>
         <object_component_ref idref="oc-1ff"/>
      </symbol>
      <symbol id="sm-5a4">
         <name>HOSTlseek</name>
         <value>0x24e1</value>
         <object_component_ref idref="oc-211"/>
      </symbol>
      <symbol id="sm-5b6">
         <name>parmbuf</name>
         <value>0x200031c8</value>
      </symbol>
      <symbol id="sm-5b7">
         <name>HOSTopen</name>
         <value>0x2619</value>
         <object_component_ref idref="oc-1f9"/>
      </symbol>
      <symbol id="sm-5c8">
         <name>HOSTread</name>
         <value>0x26d5</value>
         <object_component_ref idref="oc-205"/>
      </symbol>
      <symbol id="sm-5d9">
         <name>HOSTrename</name>
         <value>0x2549</value>
         <object_component_ref idref="oc-21d"/>
      </symbol>
      <symbol id="sm-5ea">
         <name>HOSTunlink</name>
         <value>0x28bd</value>
         <object_component_ref idref="oc-217"/>
      </symbol>
      <symbol id="sm-5fb">
         <name>HOSTwrite</name>
         <value>0x272d</value>
         <object_component_ref idref="oc-20b"/>
      </symbol>
      <symbol id="sm-66d">
         <name>_sys_memory</name>
         <value>0x20003208</value>
         <object_component_ref idref="oc-30"/>
      </symbol>
      <symbol id="sm-66e">
         <name>free</name>
         <value>0xc93</value>
         <object_component_ref idref="oc-1cf"/>
      </symbol>
      <symbol id="sm-66f">
         <name>realloc</name>
         <value>0xd53</value>
         <object_component_ref idref="oc-1cf"/>
      </symbol>
      <symbol id="sm-670">
         <name>memalign</name>
         <value>0xe5d</value>
         <object_component_ref idref="oc-1cf"/>
      </symbol>
      <symbol id="sm-671">
         <name>calloc</name>
         <value>0xf49</value>
         <object_component_ref idref="oc-1cf"/>
      </symbol>
      <symbol id="sm-672">
         <name>malloc</name>
         <value>0xc29</value>
         <object_component_ref idref="oc-1cf"/>
      </symbol>
      <symbol id="sm-673">
         <name>minit</name>
         <value>0xba9</value>
         <object_component_ref idref="oc-1cf"/>
      </symbol>
      <symbol id="sm-67e">
         <name>_system_post_cinit</name>
         <value>0x2937</value>
         <object_component_ref idref="oc-a9"/>
      </symbol>
      <symbol id="sm-68c">
         <name>strcpy</name>
         <value>0x2a0d</value>
         <object_component_ref idref="oc-282"/>
      </symbol>
      <symbol id="sm-69a">
         <name>strlen</name>
         <value>0x2a21</value>
         <object_component_ref idref="oc-268"/>
      </symbol>
      <symbol id="sm-6b5">
         <name>__TI_readmsg</name>
         <value>0x25e3</value>
         <object_component_ref idref="oc-26e"/>
      </symbol>
      <symbol id="sm-6b6">
         <name>C$$IO$$</name>
         <value>0x25df</value>
         <object_component_ref idref="oc-26e"/>
      </symbol>
      <symbol id="sm-6b7">
         <name>__CIOBUF_</name>
         <value>0x20003000</value>
         <object_component_ref idref="oc-2ab"/>
      </symbol>
      <symbol id="sm-6b8">
         <name>__TI_writemsg</name>
         <value>0x25b1</value>
         <object_component_ref idref="oc-26e"/>
      </symbol>
      <symbol id="sm-6c8">
         <name>unlink</name>
         <value>0x2939</value>
         <object_component_ref idref="oc-244"/>
      </symbol>
      <symbol id="sm-6dc">
         <name>close</name>
         <value>0x2679</value>
         <object_component_ref idref="oc-23e"/>
      </symbol>
      <symbol id="sm-6dd">
         <name>__TI_static_base__</name>
         <value>0x0</value>
      </symbol>
      <symbol id="sm-6e0">
         <name>SHT$$INIT_ARRAY$$Limit</name>
         <value>0x0</value>
      </symbol>
      <symbol id="sm-6e1">
         <name>SHT$$INIT_ARRAY$$Base</name>
         <value>0x0</value>
      </symbol>
      <symbol id="sm-6e2">
         <name>NMI_Handler</name>
         <value>0x2a4f</value>
      </symbol>
      <symbol id="sm-6e3">
         <name>HardFault_Handler</name>
         <value>0x2a4f</value>
      </symbol>
      <symbol id="sm-6e4">
         <name>MemManage_Handler</name>
         <value>0x2a4f</value>
      </symbol>
      <symbol id="sm-6e5">
         <name>BusFault_Handler</name>
         <value>0x2a4f</value>
      </symbol>
      <symbol id="sm-6e6">
         <name>UsageFault_Handler</name>
         <value>0x2a4f</value>
      </symbol>
      <symbol id="sm-6e7">
         <name>SVC_Handler</name>
         <value>0x2a4f</value>
      </symbol>
      <symbol id="sm-6e8">
         <name>DebugMon_Handler</name>
         <value>0x2a4f</value>
      </symbol>
      <symbol id="sm-6e9">
         <name>PendSV_Handler</name>
         <value>0x2a4f</value>
      </symbol>
      <symbol id="sm-6ea">
         <name>SysTick_Handler</name>
         <value>0x2a4f</value>
      </symbol>
      <symbol id="sm-6eb">
         <name>PSS_IRQHandler</name>
         <value>0x2a4f</value>
      </symbol>
      <symbol id="sm-6ec">
         <name>CS_IRQHandler</name>
         <value>0x2a4f</value>
      </symbol>
      <symbol id="sm-6ed">
         <name>PCM_IRQHandler</name>
         <value>0x2a4f</value>
      </symbol>
      <symbol id="sm-6ee">
         <name>WDT_A_IRQHandler</name>
         <value>0x2a4f</value>
      </symbol>
      <symbol id="sm-6ef">
         <name>FPU_IRQHandler</name>
         <value>0x2a4f</value>
      </symbol>
      <symbol id="sm-6f0">
         <name>FLCTL_IRQHandler</name>
         <value>0x2a4f</value>
      </symbol>
      <symbol id="sm-6f1">
         <name>COMP_E0_IRQHandler</name>
         <value>0x2a4f</value>
      </symbol>
      <symbol id="sm-6f2">
         <name>COMP_E1_IRQHandler</name>
         <value>0x2a4f</value>
      </symbol>
      <symbol id="sm-6f3">
         <name>TA0_0_IRQHandler</name>
         <value>0x2a4f</value>
      </symbol>
      <symbol id="sm-6f4">
         <name>TA0_N_IRQHandler</name>
         <value>0x2a4f</value>
      </symbol>
      <symbol id="sm-6f5">
         <name>TA1_0_IRQHandler</name>
         <value>0x21b3</value>
      </symbol>
      <symbol id="sm-6f6">
         <name>TA1_N_IRQHandler</name>
         <value>0x2a4f</value>
      </symbol>
      <symbol id="sm-6f7">
         <name>TA2_0_IRQHandler</name>
         <value>0x2a4f</value>
      </symbol>
      <symbol id="sm-6f8">
         <name>TA2_N_IRQHandler</name>
         <value>0x2a4f</value>
      </symbol>
      <symbol id="sm-6f9">
         <name>TA3_0_IRQHandler</name>
         <value>0x2a4f</value>
      </symbol>
      <symbol id="sm-6fa">
         <name>TA3_N_IRQHandler</name>
         <value>0x2a4f</value>
      </symbol>
      <symbol id="sm-6fb">
         <name>EUSCIA0_IRQHandler</name>
         <value>0x2a4f</value>
      </symbol>
      <symbol id="sm-6fc">
         <name>EUSCIA1_IRQHandler</name>
         <value>0x2a4f</value>
      </symbol>
      <symbol id="sm-6fd">
         <name>EUSCIA2_IRQHandler</name>
         <value>0x2a4f</value>
      </symbol>
      <symbol id="sm-6fe">
         <name>EUSCIA3_IRQHandler</name>
         <value>0x2a4f</value>
      </symbol>
      <symbol id="sm-6ff">
         <name>EUSCIB0_IRQHandler</name>
         <value>0x2a4f</value>
      </symbol>
      <symbol id="sm-700">
         <name>EUSCIB1_IRQHandler</name>
         <value>0x2a4f</value>
      </symbol>
      <symbol id="sm-701">
         <name>EUSCIB2_IRQHandler</name>
         <value>0x2a4f</value>
      </symbol>
      <symbol id="sm-702">
         <name>EUSCIB3_IRQHandler</name>
         <value>0x2a4f</value>
      </symbol>
      <symbol id="sm-703">
         <name>ADC14_IRQHandler</name>
         <value>0x2a4f</value>
      </symbol>
      <symbol id="sm-704">
         <name>T32_INT1_IRQHandler</name>
         <value>0x2a4f</value>
      </symbol>
      <symbol id="sm-705">
         <name>T32_INT2_IRQHandler</name>
         <value>0x2a4f</value>
      </symbol>
      <symbol id="sm-706">
         <name>T32_INTC_IRQHandler</name>
         <value>0x2a4f</value>
      </symbol>
      <symbol id="sm-707">
         <name>AES256_IRQHandler</name>
         <value>0x2a4f</value>
      </symbol>
      <symbol id="sm-708">
         <name>RTC_C_IRQHandler</name>
         <value>0x2a4f</value>
      </symbol>
      <symbol id="sm-709">
         <name>DMA_ERR_IRQHandler</name>
         <value>0x2a4f</value>
      </symbol>
      <symbol id="sm-70a">
         <name>DMA_INT3_IRQHandler</name>
         <value>0x2a4f</value>
      </symbol>
      <symbol id="sm-70b">
         <name>DMA_INT2_IRQHandler</name>
         <value>0x2a4f</value>
      </symbol>
      <symbol id="sm-70c">
         <name>DMA_INT1_IRQHandler</name>
         <value>0x2a4f</value>
      </symbol>
      <symbol id="sm-70d">
         <name>DMA_INT0_IRQHandler</name>
         <value>0x2a4f</value>
      </symbol>
      <symbol id="sm-70e">
         <name>PORT1_IRQHandler</name>
         <value>0x2a4f</value>
      </symbol>
      <symbol id="sm-70f">
         <name>PORT2_IRQHandler</name>
         <value>0x2a4f</value>
      </symbol>
      <symbol id="sm-710">
         <name>PORT3_IRQHandler</name>
         <value>0x2a4f</value>
      </symbol>
      <symbol id="sm-711">
         <name>PORT4_IRQHandler</name>
         <value>0x2a4f</value>
      </symbol>
      <symbol id="sm-712">
         <name>PORT5_IRQHandler</name>
         <value>0x2a4f</value>
      </symbol>
      <symbol id="sm-713">
         <name>PORT6_IRQHandler</name>
         <value>0x2a4f</value>
      </symbol>
      <symbol id="sm-714">
         <name>remove</name>
         <value>0x2939</value>
      </symbol>
   </symbol_table>
   <title>Link successful</title>
</link_info>
