******************************************************************************
                  TI ARM Linker PC v16.9.6                     
******************************************************************************
>> Linked Fri Jul 05 17:53:43 2019

OUTPUT FILE NAME:   <Lab4_ADC_IRSensors.out>
ENTRY POINT SYMBOL: "_c_int00"  address: 00002785


MEMORY CONFIGURATION

         name            origin    length      used     unused   attr    fill
----------------------  --------  ---------  --------  --------  ----  --------
  MAIN                  00000000   00040000  00002b50  0003d4b0  R  X
  INFO                  00200000   00004000  00000000  00004000  R  X
  SRAM_CODE             01000000   00010000  00003a7c  0000c584  RW X
  SRAM_DATA             20000000   00010000  00003a7c  0000c584  RW  


SEGMENT ALLOCATION MAP

run origin  load origin   length   init length attrs members
----------  ----------- ---------- ----------- ----- -------
00000000    00000000    00002b50   00002b50    r-x
  00000000    00000000    000000e4   000000e4    r-- .intvecs
  000000e4    000000e4    0000297c   0000297c    r-x .text
  00002a60    00002a60    000000f0   000000f0    r-- .cinit
20000000    20000000    0000387c   00000000    rw-
  20000000    20000000    00003208   00000000    rw- .bss
  20003208    20003208    00000400   00000000    rw- .sysmem
  20003608    20003608    00000274   00000000    rw- .data
2000fe00    2000fe00    00000200   00000000    rw-
  2000fe00    2000fe00    00000200   00000000    rw- .stack


SECTION ALLOCATION MAP

 output                                  attributes/
section   page    origin      length       input sections
--------  ----  ----------  ----------   ----------------
.intvecs   0    00000000    000000e4     
                  00000000    000000e4     startup_msp432p401r_ccs.obj (.intvecs:retain)

.binit     0    00000000    00000000     

.text      0    000000e4    0000297c     
                  000000e4    000006bc     UART0.obj (.text)
                  000007a0    00000408     IRDistance.obj (.text)
                  00000ba8    000003d0     rtsv7M4_T_le_v4SPD16_eabi.lib : memory.obj (.text)
                  00000f78    0000032c     system_msp432p401r.obj (.text)
                  000012a4    00000308     LPF.obj (.text)
                  000015ac    00000260     ADC14.obj (.text)
                  0000180c    000001e0     Clock.obj (.text)
                  000019ec    000001c4     rtsv7M4_T_le_v4SPD16_eabi.lib : fopen.obj (.text)
                  00001bb0    00000184     Lab15_ADCmain.obj (.text)
                  00001d34    000000f4     LaunchPad.obj (.text)
                  00001e28    000000dc     rtsv7M4_T_le_v4SPD16_eabi.lib : setvbuf.obj (.text)
                  00001f04    000000c8                                   : fflush.obj (.text)
                  00001fcc    000000bc                                   : open.obj (.text)
                  00002088    000000b8                                   : add_device.obj (.text)
                  00002140    000000a8     TimerA1.obj (.text)
                  000021e8    0000009c     rtsv7M4_T_le_v4SPD16_eabi.lib : memcpy_t2.obj (.text)
                  00002284    00000098                                   : fclose.obj (.text)
                  0000231c    0000007a                                   : memset_t2.obj (.text)
                  00002396    00000002                                   : mpu_init.obj (.text)
                  00002398    00000070                                   : autoinit.obj (.text)
                  00002408    00000070                                   : getdevice.obj (.text)
                  00002478    00000068                                   : copy_decompress_lzss.obj (.text:decompress:lzss)
                  000024e0    00000068                                   : hostlseek.obj (.text)
                  00002548    00000068                                   : hostrename.obj (.text)
                  000025b0    00000068                                   : trgmsg.obj (.text)
                  00002618    00000060                                   : hostopen.obj (.text)
                  00002678    0000005c                                   : close.obj (.text)
                  000026d4    00000058                                   : hostread.obj (.text)
                  0000272c    00000058                                   : hostwrite.obj (.text)
                  00002784    00000054                                   : boot.obj (.text)
                  000027d8    00000054                                   : exit.obj (.text)
                  0000282c    0000004c                                   : cpy_tbl.obj (.text)
                  00002878    00000044                                   : hostclose.obj (.text)
                  000028bc    00000044                                   : hostunlink.obj (.text)
                  00002900    00000036                                   : strncpy.obj (.text)
                  00002936    00000002                                   : startup.obj (.text)
                  00002938    0000002c                                   : unlink.obj (.text)
                  00002964    00000028                                   : write.obj (.text)
                  0000298c    00000024     CortexM.obj (.text)
                  000029b0    00000018     rtsv7M4_T_le_v4SPD16_eabi.lib : args_main.obj (.text)
                  000029c8    00000018                                   : strcmp.obj (.text)
                  000029e0    00000016                                   : strchr.obj (.text)
                  000029f6    00000002     --HOLE-- [fill = 0]
                  000029f8    00000014                                   : _lock.obj (.text)
                  00002a0c    00000014                                   : strcpy.obj (.text)
                  00002a20    00000014                                   : strlen.obj (.text)
                  00002a34    0000000e                                   : copy_decompress_none.obj (.text:decompress:none)
                  00002a42    0000000e     startup_msp432p401r_ccs.obj (.text)
                  00002a50    0000000c     rtsv7M4_T_le_v4SPD16_eabi.lib : copy_zero_init.obj (.text:decompress:ZI)
                  00002a5c    00000004                                   : pre_init.obj (.text)

.cinit     0    00002a60    000000f0     
                  00002a60    000000cc     (.cinit..data.load) [load image, compression = lzss]
                  00002b2c    0000000c     (__TI_handler_table)
                  00002b38    00000008     (.cinit..bss.load) [load image, compression = zero_init]
                  00002b40    00000010     (__TI_cinit_table)

.init_array 
*          0    00000000    00000000     UNINITIALIZED

.bss       0    20000000    00003208     UNINITIALIZED
                  20000000    00001000     (.common:x)
                  20001000    00001000     (.common:x2)
                  20002000    00001000     (.common:x3)
                  20003000    00000120     rtsv7M4_T_le_v4SPD16_eabi.lib : trgmsg.obj (.bss:_CIOBUF_)
                  20003120    000000a0     (.common:__TI_tmpnams)
                  200031c0    00000008     (.common:Messageb)
                  200031c8    00000008     (.common:parmbuf)
                  200031d0    00000004     (.common:ADCflag)
                  200031d4    00000004     (.common:I1)
                  200031d8    00000004     (.common:LPFSum)
                  200031dc    00000004     (.common:LPFSum2)
                  200031e0    00000004     (.common:LPFSum3)
                  200031e4    00000004     (.common:Messageindexb)
                  200031e8    00000004     (.common:Pt)
                  200031ec    00000004     (.common:Pt2)
                  200031f0    00000004     (.common:Pt3)
                  200031f4    00000004     (.common:Size)
                  200031f8    00000004     (.common:TimerA1Task)
                  200031fc    00000004     (.common:nc)
                  20003200    00000004     (.common:nl)
                  20003204    00000004     (.common:nr)

.sysmem    0    20003208    00000400     UNINITIALIZED
                  20003208    00000008     rtsv7M4_T_le_v4SPD16_eabi.lib : memory.obj (.sysmem)
                  20003210    000003f8     --HOLE--

.data      0    20003608    00000274     UNINITIALIZED
                  20003608    000000f0     rtsv7M4_T_le_v4SPD16_eabi.lib : defs.obj (.data:_ftable)
                  200036f8    00000078                                   : write.obj (.data:_device)
                  20003770    00000050                                   : write.obj (.data:_stream)
                  200037c0    00000018     Clock.obj (.data)
                  200037d8    00000018     IRDistance.obj (.data:distance_tbl)
                  200037f0    00000018     IRDistance.obj (.data:nc_tbl)
                  20003808    00000018     IRDistance.obj (.data:nl_tbl)
                  20003820    00000018     IRDistance.obj (.data:nr_tbl)
                  20003838    00000010     rtsv7M4_T_le_v4SPD16_eabi.lib : defs.obj (.data)
                  20003848    0000000c                                   : exit.obj (.data:$O1$$)
                  20003854    0000000c                                   : memory.obj (.data:$O1$$)
                  20003860    00000008                                   : _lock.obj (.data:$O1$$)
                  20003868    00000004                                   : add_device.obj (.data)
                  2000386c    00000004                                   : fopen.obj (.data)
                  20003870    00000004                                   : open.obj (.data)
                  20003874    00000004                                   : stkdepth_vars.obj (.data)
                  20003878    00000004     system_msp432p401r.obj (.data)

.stack     0    2000fe00    00000200     UNINITIALIZED
                  2000fe00    00000200     --HOLE--

MODULE SUMMARY

       Module                        code    ro data   rw data
       ------                        ----    -------   -------
    .\
       LPF.obj                       776     0         24640  
       UART0.obj                     1724    0         24     
       IRDistance.obj                1032    0         192    
       system_msp432p401r.obj        812     0         8      
       ADC14.obj                     608     0         0      
       Clock.obj                     480     0         48     
       Lab15_ADCmain.obj             388     0         32     
       LaunchPad.obj                 244     0         0      
       startup_msp432p401r_ccs.obj   14      228       0      
       TimerA1.obj                   168     0         8      
       CortexM.obj                   36      0         0      
    +--+-----------------------------+-------+---------+---------+
       Total:                        6282    228       24952  
                                                              
    C:\ti\ccs740\ccsv7\tools\compiler\ti-cgt-arm_16.9.6.LTS\lib\rtsv7M4_T_le_v4SPD16_eabi.lib
       memory.obj                    976     0         24     
       defs.obj                      0       0         832    
       trgmsg.obj                    104     0         576    
       fopen.obj                     452     0         8      
       write.obj                     40      0         400    
       setvbuf.obj                   220     0         0      
       fflush.obj                    200     0         0      
       open.obj                      188     0         8      
       add_device.obj                184     0         8      
       memcpy_t2.obj                 156     0         0      
       fclose.obj                    152     0         0      
       memset_t2.obj                 122     0         0      
       autoinit.obj                  112     0         0      
       getdevice.obj                 112     0         0      
       hostopen.obj                  96      0         16     
       exit.obj                      84      0         24     
       copy_decompress_lzss.obj      104     0         0      
       hostlseek.obj                 104     0         0      
       hostrename.obj                104     0         0      
       close.obj                     92      0         0      
       hostread.obj                  88      0         0      
       hostwrite.obj                 88      0         0      
       boot.obj                      84      0         0      
       cpy_tbl.obj                   76      0         0      
       hostclose.obj                 68      0         0      
       hostunlink.obj                68      0         0      
       strncpy.obj                   54      0         0      
       unlink.obj                    44      0         0      
       _lock.obj                     20      0         16     
       args_main.obj                 24      0         0      
       strcmp.obj                    24      0         0      
       strchr.obj                    22      0         0      
       strcpy.obj                    20      0         0      
       strlen.obj                    20      0         0      
       copy_decompress_none.obj      14      0         0      
       copy_zero_init.obj            12      0         0      
       stkdepth_vars.obj             0       0         8      
       pre_init.obj                  4       0         0      
       mpu_init.obj                  2       0         0      
       startup.obj                   2       0         0      
    +--+-----------------------------+-------+---------+---------+
       Total:                        4336    0         1920   
                                                              
       Heap:                         0       0         2048   
       Stack:                        0       0         1024   
       Linker Generated:             0       240       0      
    +--+-----------------------------+-------+---------+---------+
       Grand Total:                  10618   468       29944  


LINKER GENERATED COPY TABLES

__TI_cinit_table @ 00002b40 records: 2, size/record: 8, table size: 16
	.data: load addr=00002a60, load size=000000cc bytes, run addr=20003608, run size=00000274 bytes, compression=lzss
	.bss: load addr=00002b38, load size=00000008 bytes, run addr=20000000, run size=00003208 bytes, compression=zero_init


LINKER GENERATED HANDLER TABLE

__TI_handler_table @ 00002b2c records: 3, size/record: 4, table size: 12
	index: 0, handler: __TI_decompress_lzss
	index: 1, handler: __TI_decompress_none
	index: 2, handler: __TI_zero_init


GLOBAL SYMBOLS: SORTED ALPHABETICALLY BY Name 

address   name                           
-------   ----                           
000016a9  ADC0_InitSWTriggerCh12         
00001719  ADC0_InitSWTriggerCh17_12_16   
000015ad  ADC0_InitSWTriggerCh6          
0000161d  ADC0_InitSWTriggerCh67         
00002a4f  ADC14_IRQHandler               
000016f9  ADC_In12                       
00001789  ADC_In17_12_16                 
000015fd  ADC_In6                        
00001673  ADC_In67                       
200031d0  ADCflag                        
00002a4f  AES256_IRQHandler              
00002a4f  BusFault_Handler               
000027d9  C$$EXIT                        
000025df  C$$IO$$                        
00002a4f  COMP_E0_IRQHandler             
00002a4f  COMP_E1_IRQHandler             
200037c8  CPMwait                        
00002a4f  CS_IRQHandler                  
000008d1  CenterConvert                  
200037c0  ClockFrequency                 
00001961  Clock_Delay1ms                 
00001937  Clock_Delay1us                 
00001923  Clock_GetFreq                  
0000180d  Clock_Init48MHz                
200037d4  Crystalstable                  
00002a4f  DMA_ERR_IRQHandler             
00002a4f  DMA_INT0_IRQHandler            
00002a4f  DMA_INT1_IRQHandler            
00002a4f  DMA_INT2_IRQHandler            
00002a4f  DMA_INT3_IRQHandler            
00002a4f  DebugMon_Handler               
00002a4f  Default_Handler                
0000298d  DisableInterrupts              
00002a4f  EUSCIA0_IRQHandler             
00002a4f  EUSCIA1_IRQHandler             
00002a4f  EUSCIA2_IRQHandler             
00002a4f  EUSCIA3_IRQHandler             
00002a4f  EUSCIB0_IRQHandler             
00002a4f  EUSCIB1_IRQHandler             
00002a4f  EUSCIB2_IRQHandler             
00002a4f  EUSCIB3_IRQHandler             
00002993  EnableInterrupts               
000029a3  EndCritical                    
00002a4f  FLCTL_IRQHandler               
00002a4f  FPU_IRQHandler                 
00002879  HOSTclose                      
000024e1  HOSTlseek                      
00002619  HOSTopen                       
000026d5  HOSTread                       
00002549  HOSTrename                     
000028bd  HOSTunlink                     
0000272d  HOSTwrite                      
00002a4f  HardFault_Handler              
200031d4  I1                             
200037d0  IFlags                         
200031d8  LPFSum                         
200031dc  LPFSum2                        
200031e0  LPFSum3                        
000013b9  LPF_Calc                       
00001461  LPF_Calc2                      
00001525  LPF_Calc3                      
000012f9  LPF_Calc_old                   
0000135b  LPF_Init                       
0000140d  LPF_Init2                      
000014c3  LPF_Init3                      
000012a5  LPF_Init_old                   
00001d35  LaunchPad_Init                 
00001da5  LaunchPad_Input                
00001dbf  LaunchPad_LED                  
00001ddd  LaunchPad_Output               
000007a1  LeftConvert                    
00002a4f  MemManage_Handler              
200031c0  Messageb                       
200031e4  Messageindexb                  
00002a4f  NMI_Handler                    
00002a4f  PCM_IRQHandler                 
00002a4f  PORT1_IRQHandler               
00002a4f  PORT2_IRQHandler               
00002a4f  PORT3_IRQHandler               
00002a4f  PORT4_IRQHandler               
00002a4f  PORT5_IRQHandler               
00002a4f  PORT6_IRQHandler               
00002a4f  PSS_IRQHandler                 
00002a4f  PendSV_Handler                 
200037cc  Postwait                       
200037c4  Prewait                        
200031e8  Pt                             
200031ec  Pt2                            
200031f0  Pt3                            
00002a4f  RTC_C_IRQHandler               
00002a43  Reset_Handler                  
00000a19  RightConvert                   
UNDEFED   SHT$$INIT_ARRAY$$Base          
UNDEFED   SHT$$INIT_ARRAY$$Limit         
00002a4f  SVC_Handler                    
00001bb1  SensorRead_ISR                 
200031f4  Size                           
00002999  StartCritical                  
00002a4f  SysTick_Handler                
20003878  SystemCoreClock                
00000f79  SystemCoreClockUpdate          
000011ed  SystemInit                     
00002a4f  T32_INT1_IRQHandler            
00002a4f  T32_INT2_IRQHandler            
00002a4f  T32_INTC_IRQHandler            
00002a4f  TA0_0_IRQHandler               
00002a4f  TA0_N_IRQHandler               
000021b3  TA1_0_IRQHandler               
000021b3  TA1_0_IRQHandler               
00002a4f  TA1_N_IRQHandler               
00002a4f  TA2_0_IRQHandler               
00002a4f  TA2_N_IRQHandler               
00002a4f  TA3_0_IRQHandler               
00002a4f  TA3_N_IRQHandler               
200031f8  TimerA1Task                    
00002141  TimerA1_Init                   
0000219f  TimerA1_Stop                   
0000012b  UART0_InChar                   
000005b5  UART0_InString                 
00000175  UART0_InUDec                   
00000469  UART0_InUHex                   
000000e5  UART0_Init                     
00000715  UART0_Initprintf               
0000013b  UART0_OutChar                  
00000157  UART0_OutString                
000001f9  UART0_OutUDec                  
00000365  UART0_OutUDec4                 
000003b9  UART0_OutUDec5                 
000003f5  UART0_OutUFix1                 
0000041d  UART0_OutUFix2                 
0000052d  UART0_OutUHex                  
00000599  UART0_OutUHex2                 
00002a4f  UsageFault_Handler             
4000480c  WDTCTL_SYM                     
00002a4f  WDT_A_IRQHandler               
000029ab  WaitForInterrupt               
20003000  __CIOBUF_                      
20010000  __STACK_END                    
00000200  __STACK_SIZE                   
00000400  __SYSMEM_SIZE                  
00002b40  __TI_CINIT_Base                
00002b50  __TI_CINIT_Limit               
00002b2c  __TI_Handler_Table_Base        
00002b38  __TI_Handler_Table_Limit       
00002399  __TI_auto_init                 
00001ab5  __TI_cleanup                   
20003848  __TI_cleanup_ptr               
00002285  __TI_closefile                 
00002479  __TI_decompress_lzss           
00002a35  __TI_decompress_none           
00001f05  __TI_doflush                   
2000384c  __TI_dtors_ptr                 
20003850  __TI_enable_exit_profile_output
20003838  __TI_ft_end                    
ffffffff  __TI_pprof_out_hndl            
ffffffff  __TI_prof_data_size            
ffffffff  __TI_prof_data_start           
000025e3  __TI_readmsg                   
00000000  __TI_static_base__             
20003120  __TI_tmpnams                   
000025b1  __TI_writemsg                  
00002a51  __TI_zero_init                 
0000231d  __aeabi_memclr                 
0000231d  __aeabi_memclr4                
0000231d  __aeabi_memclr8                
000021e9  __aeabi_memcpy                 
000021e9  __aeabi_memcpy4                
000021e9  __aeabi_memcpy8                
0000231f  __aeabi_memset                 
0000231f  __aeabi_memset4                
0000231f  __aeabi_memset8                
20003844  __aeabi_stderr                 
2000383c  __aeabi_stdin                  
20003840  __aeabi_stdout                 
ffffffff  __binit__                      
ffffffff  __c_args__                     
00002397  __mpu_init                     
2000fe00  __stack                        
000029b1  _args_main                     
00002785  _c_int00                       
200036f8  _device                        
20003608  _ftable                        
20003860  _lock                          
00002a07  _nop                           
000029ff  _register_lock                 
000029f9  _register_unlock               
20003770  _stream                        
20003208  _sys_memory                    
00002937  _system_post_cinit             
00002a5d  _system_pre_init               
20003864  _unlock                        
000027dd  abort                          
00002089  add_device                     
ffffffff  binit                          
00000f49  calloc                         
00002679  close                          
0000282d  copy_in                        
00001929  delay                          
200037d8  distance_tbl                   
000027e5  exit                           
000022eb  fclose                         
0000064f  ferror                         
00001f51  fflush                         
0000062f  fgetc                          
00002409  finddevice                     
00001b0b  fopen                          
00000c93  free                           
00001ae1  freopen                        
00002433  getdevice                      
00000000  interruptVectors               
00001c01  main                           
20003874  main_func_sp                   
00000c29  malloc                         
00000e5d  memalign                       
000021e9  memcpy                         
00002325  memset                         
00000ba9  minit                          
200031fc  nc                             
200037f0  nc_tbl                         
20003200  nl                             
20003808  nl_tbl                         
20003204  nr                             
20003820  nr_tbl                         
00001fcd  open                           
00000571  outnibble                      
200031c8  parmbuf                        
00000d53  realloc                        
00002939  remove                         
00001e29  setvbuf                        
000029e1  strchr                         
000029c9  strcmp                         
00002a0d  strcpy                         
00002a21  strlen                         
00002901  strncpy                        
0000066d  uart_close                     
000006eb  uart_lseek                     
0000065d  uart_open                      
0000067f  uart_read                      
00000707  uart_rename                    
000006fb  uart_unlink                    
000006a9  uart_write                     
00002939  unlink                         
00002965  write                          
20000000  x                              
20001000  x2                             
20002000  x3                             


GLOBAL SYMBOLS: SORTED BY Symbol Address 

address   name                           
-------   ----                           
00000000  __TI_static_base__             
00000000  interruptVectors               
000000e5  UART0_Init                     
0000012b  UART0_InChar                   
0000013b  UART0_OutChar                  
00000157  UART0_OutString                
00000175  UART0_InUDec                   
000001f9  UART0_OutUDec                  
00000200  __STACK_SIZE                   
00000365  UART0_OutUDec4                 
000003b9  UART0_OutUDec5                 
000003f5  UART0_OutUFix1                 
00000400  __SYSMEM_SIZE                  
0000041d  UART0_OutUFix2                 
00000469  UART0_InUHex                   
0000052d  UART0_OutUHex                  
00000571  outnibble                      
00000599  UART0_OutUHex2                 
000005b5  UART0_InString                 
0000062f  fgetc                          
0000064f  ferror                         
0000065d  uart_open                      
0000066d  uart_close                     
0000067f  uart_read                      
000006a9  uart_write                     
000006eb  uart_lseek                     
000006fb  uart_unlink                    
00000707  uart_rename                    
00000715  UART0_Initprintf               
000007a1  LeftConvert                    
000008d1  CenterConvert                  
00000a19  RightConvert                   
00000ba9  minit                          
00000c29  malloc                         
00000c93  free                           
00000d53  realloc                        
00000e5d  memalign                       
00000f49  calloc                         
00000f79  SystemCoreClockUpdate          
000011ed  SystemInit                     
000012a5  LPF_Init_old                   
000012f9  LPF_Calc_old                   
0000135b  LPF_Init                       
000013b9  LPF_Calc                       
0000140d  LPF_Init2                      
00001461  LPF_Calc2                      
000014c3  LPF_Init3                      
00001525  LPF_Calc3                      
000015ad  ADC0_InitSWTriggerCh6          
000015fd  ADC_In6                        
0000161d  ADC0_InitSWTriggerCh67         
00001673  ADC_In67                       
000016a9  ADC0_InitSWTriggerCh12         
000016f9  ADC_In12                       
00001719  ADC0_InitSWTriggerCh17_12_16   
00001789  ADC_In17_12_16                 
0000180d  Clock_Init48MHz                
00001923  Clock_GetFreq                  
00001929  delay                          
00001937  Clock_Delay1us                 
00001961  Clock_Delay1ms                 
00001ab5  __TI_cleanup                   
00001ae1  freopen                        
00001b0b  fopen                          
00001bb1  SensorRead_ISR                 
00001c01  main                           
00001d35  LaunchPad_Init                 
00001da5  LaunchPad_Input                
00001dbf  LaunchPad_LED                  
00001ddd  LaunchPad_Output               
00001e29  setvbuf                        
00001f05  __TI_doflush                   
00001f51  fflush                         
00001fcd  open                           
00002089  add_device                     
00002141  TimerA1_Init                   
0000219f  TimerA1_Stop                   
000021b3  TA1_0_IRQHandler               
000021b3  TA1_0_IRQHandler               
000021e9  __aeabi_memcpy                 
000021e9  __aeabi_memcpy4                
000021e9  __aeabi_memcpy8                
000021e9  memcpy                         
00002285  __TI_closefile                 
000022eb  fclose                         
0000231d  __aeabi_memclr                 
0000231d  __aeabi_memclr4                
0000231d  __aeabi_memclr8                
0000231f  __aeabi_memset                 
0000231f  __aeabi_memset4                
0000231f  __aeabi_memset8                
00002325  memset                         
00002397  __mpu_init                     
00002399  __TI_auto_init                 
00002409  finddevice                     
00002433  getdevice                      
00002479  __TI_decompress_lzss           
000024e1  HOSTlseek                      
00002549  HOSTrename                     
000025b1  __TI_writemsg                  
000025df  C$$IO$$                        
000025e3  __TI_readmsg                   
00002619  HOSTopen                       
00002679  close                          
000026d5  HOSTread                       
0000272d  HOSTwrite                      
00002785  _c_int00                       
000027d9  C$$EXIT                        
000027dd  abort                          
000027e5  exit                           
0000282d  copy_in                        
00002879  HOSTclose                      
000028bd  HOSTunlink                     
00002901  strncpy                        
00002937  _system_post_cinit             
00002939  remove                         
00002939  unlink                         
00002965  write                          
0000298d  DisableInterrupts              
00002993  EnableInterrupts               
00002999  StartCritical                  
000029a3  EndCritical                    
000029ab  WaitForInterrupt               
000029b1  _args_main                     
000029c9  strcmp                         
000029e1  strchr                         
000029f9  _register_unlock               
000029ff  _register_lock                 
00002a07  _nop                           
00002a0d  strcpy                         
00002a21  strlen                         
00002a35  __TI_decompress_none           
00002a43  Reset_Handler                  
00002a4f  ADC14_IRQHandler               
00002a4f  AES256_IRQHandler              
00002a4f  BusFault_Handler               
00002a4f  COMP_E0_IRQHandler             
00002a4f  COMP_E1_IRQHandler             
00002a4f  CS_IRQHandler                  
00002a4f  DMA_ERR_IRQHandler             
00002a4f  DMA_INT0_IRQHandler            
00002a4f  DMA_INT1_IRQHandler            
00002a4f  DMA_INT2_IRQHandler            
00002a4f  DMA_INT3_IRQHandler            
00002a4f  DebugMon_Handler               
00002a4f  Default_Handler                
00002a4f  EUSCIA0_IRQHandler             
00002a4f  EUSCIA1_IRQHandler             
00002a4f  EUSCIA2_IRQHandler             
00002a4f  EUSCIA3_IRQHandler             
00002a4f  EUSCIB0_IRQHandler             
00002a4f  EUSCIB1_IRQHandler             
00002a4f  EUSCIB2_IRQHandler             
00002a4f  EUSCIB3_IRQHandler             
00002a4f  FLCTL_IRQHandler               
00002a4f  FPU_IRQHandler                 
00002a4f  HardFault_Handler              
00002a4f  MemManage_Handler              
00002a4f  NMI_Handler                    
00002a4f  PCM_IRQHandler                 
00002a4f  PORT1_IRQHandler               
00002a4f  PORT2_IRQHandler               
00002a4f  PORT3_IRQHandler               
00002a4f  PORT4_IRQHandler               
00002a4f  PORT5_IRQHandler               
00002a4f  PORT6_IRQHandler               
00002a4f  PSS_IRQHandler                 
00002a4f  PendSV_Handler                 
00002a4f  RTC_C_IRQHandler               
00002a4f  SVC_Handler                    
00002a4f  SysTick_Handler                
00002a4f  T32_INT1_IRQHandler            
00002a4f  T32_INT2_IRQHandler            
00002a4f  T32_INTC_IRQHandler            
00002a4f  TA0_0_IRQHandler               
00002a4f  TA0_N_IRQHandler               
00002a4f  TA1_N_IRQHandler               
00002a4f  TA2_0_IRQHandler               
00002a4f  TA2_N_IRQHandler               
00002a4f  TA3_0_IRQHandler               
00002a4f  TA3_N_IRQHandler               
00002a4f  UsageFault_Handler             
00002a4f  WDT_A_IRQHandler               
00002a51  __TI_zero_init                 
00002a5d  _system_pre_init               
00002b2c  __TI_Handler_Table_Base        
00002b38  __TI_Handler_Table_Limit       
00002b40  __TI_CINIT_Base                
00002b50  __TI_CINIT_Limit               
20000000  x                              
20001000  x2                             
20002000  x3                             
20003000  __CIOBUF_                      
20003120  __TI_tmpnams                   
200031c0  Messageb                       
200031c8  parmbuf                        
200031d0  ADCflag                        
200031d4  I1                             
200031d8  LPFSum                         
200031dc  LPFSum2                        
200031e0  LPFSum3                        
200031e4  Messageindexb                  
200031e8  Pt                             
200031ec  Pt2                            
200031f0  Pt3                            
200031f4  Size                           
200031f8  TimerA1Task                    
200031fc  nc                             
20003200  nl                             
20003204  nr                             
20003208  _sys_memory                    
20003608  _ftable                        
200036f8  _device                        
20003770  _stream                        
200037c0  ClockFrequency                 
200037c4  Prewait                        
200037c8  CPMwait                        
200037cc  Postwait                       
200037d0  IFlags                         
200037d4  Crystalstable                  
200037d8  distance_tbl                   
200037f0  nc_tbl                         
20003808  nl_tbl                         
20003820  nr_tbl                         
20003838  __TI_ft_end                    
2000383c  __aeabi_stdin                  
20003840  __aeabi_stdout                 
20003844  __aeabi_stderr                 
20003848  __TI_cleanup_ptr               
2000384c  __TI_dtors_ptr                 
20003850  __TI_enable_exit_profile_output
20003860  _lock                          
20003864  _unlock                        
20003874  main_func_sp                   
20003878  SystemCoreClock                
2000fe00  __stack                        
20010000  __STACK_END                    
4000480c  WDTCTL_SYM                     
ffffffff  __TI_pprof_out_hndl            
ffffffff  __TI_prof_data_size            
ffffffff  __TI_prof_data_start           
ffffffff  __binit__                      
ffffffff  __c_args__                     
ffffffff  binit                          
UNDEFED   SHT$$INIT_ARRAY$$Base          
UNDEFED   SHT$$INIT_ARRAY$$Limit         

[246 symbols]
